[[1;34mINFO[m] Scanning for projects...
[[1;33mWARNING[m] 
[[1;33mWARNING[m] Some problems were encountered while building the effective model for org.openelisglobal:openelisglobal:war:3.2.1.4
[[1;33mWARNING[m] 'version' contains an expression but should be a constant. @ org.openelisglobal:openelisglobal:${major.version}.${minor.version}.${state.version}.${fix.version}, /home/coder/Documents/OpenELIS-Global-2/pom.xml, line 11, column 14
[[1;33mWARNING[m] 'dependencies.dependency.scope' for org.postgresql:postgresql:jar must be one of [provided, compile, runtime, test, system] but is 'scope'. @ org.openelisglobal:openelisglobal:${major.version}.${minor.version}.${state.version}.${fix.version}, /home/coder/Documents/OpenELIS-Global-2/pom.xml, line 666, column 20
[[1;33mWARNING[m] 
[[1;33mWARNING[m] It is highly recommended to fix these problems because they threaten the stability of your build.
[[1;33mWARNING[m] 
[[1;33mWARNING[m] For this reason, future Maven versions might no longer support building such malformed projects.
[[1;33mWARNING[m] 
[[1;34mINFO[m] 
[[1;34mINFO[m] [1m-----------------< [0;36morg.openelisglobal:openelisglobal[0;1m >------------------[m
[[1;34mINFO[m] [1mBuilding openelisglobal 3.2.1.4[m
[[1;34mINFO[m] [1m--------------------------------[ war ]---------------------------------[m
[[1;34mINFO[m] 
[[1;34mINFO[m] [1m--- [0;32mjacoco-maven-plugin:0.8.12:prepare-agent[m [1m(prepare-agent)[m @ [36mopenelisglobal[0;1m ---[m
[[1;34mINFO[m] argLine set to -javaagent:/home/coder/.m2/repository/org/jacoco/org.jacoco.agent/0.8.12/org.jacoco.agent-0.8.12-runtime.jar=destfile=/home/coder/Documents/OpenELIS-Global-2/target/jacoco.exec,excludes=**/*.jar:naughty-dependency/**/*.class:**/config/**/*Config.class:**/liquibase/**:**/generated/**
[[1;34mINFO[m] 
[[1;34mINFO[m] [1m--- [0;32mmaven-resources-plugin:2.6:resources[m [1m(default-resources)[m @ [36mopenelisglobal[0;1m ---[m
[[1;34mINFO[m] Using 'UTF-8' encoding to copy filtered resources.
[[1;34mINFO[m] Copying 1 resource
[[1;34mINFO[m] Copying 701 resources
[[1;34mINFO[m] 
[[1;34mINFO[m] [1m--- [0;32mmaven-compiler-plugin:3.13.0:compile[m [1m(default-compile)[m @ [36mopenelisglobal[0;1m ---[m
[[1;34mINFO[m] Nothing to compile - all classes are up to date.
[[1;34mINFO[m] 
[[1;34mINFO[m] [1m--- [0;32mmaven-resources-plugin:2.6:testResources[m [1m(default-testResources)[m @ [36mopenelisglobal[0;1m ---[m
[[1;34mINFO[m] Using 'UTF-8' encoding to copy filtered resources.
[[1;34mINFO[m] Copying 223 resources
[[1;34mINFO[m] 
[[1;34mINFO[m] [1m--- [0;32mmaven-compiler-plugin:3.13.0:testCompile[m [1m(default-testCompile)[m @ [36mopenelisglobal[0;1m ---[m
[[1;34mINFO[m] Nothing to compile - all classes are up to date.
[[1;34mINFO[m] 
[[1;34mINFO[m] [1m--- [0;32mmaven-surefire-plugin:3.2.5:test[m [1m(default-test)[m @ [36mopenelisglobal[0;1m ---[m
[[1;34mINFO[m] Using auto detected provider org.apache.maven.surefire.junit4.JUnit4Provider
[[1;34mINFO[m] 
[[1;34mINFO[m] -------------------------------------------------------
[[1;34mINFO[m]  T E S T S
[[1;34mINFO[m] -------------------------------------------------------
[[1;34mINFO[m] Running org.openelisglobal.result.controller.[1mAnalyzerResultsControllerTest[m
Apr 08, 2026 10:31:32 PM liquibase.database
INFO: Set default schema name to clinlims
Apr 08, 2026 10:31:33 PM liquibase.lockservice
INFO: Successfully acquired change log lock
Apr 08, 2026 10:31:41 PM liquibase.changelog
INFO: Creating database history table with name: clinlims.databasechangelog
Apr 08, 2026 10:31:42 PM liquibase.changelog
INFO: Reading from clinlims.databasechangelog
Apr 08, 2026 10:31:47 PM liquibase.servicelocator
INFO: Cannot load service: liquibase.hub.HubService: Provider liquibase.hub.core.StandardHubService could not be instantiated
Running Changeset: liquibase/2.0.x.x/convert_id_types.xml::1::caleb
Apr 08, 2026 10:31:47 PM liquibase.changelog
INFO: login_user.id datatype was changed to INTEGER
Apr 08, 2026 10:31:47 PM liquibase.changelog
INFO: Primary key dropped from login_user
Apr 08, 2026 10:31:47 PM liquibase.changelog
INFO: Primary key added to login_user (id)
Apr 08, 2026 10:31:47 PM liquibase.changelog
INFO: Columns last_updated(TIMESTAMP WITH TIME ZONE) added to login_user
Apr 08, 2026 10:31:47 PM liquibase.changelog
INFO: ChangeSet liquibase/2.0.x.x/convert_id_types.xml::1::caleb ran successfully in 73ms
Running Changeset: liquibase/2.0.x.x/convert_id_types.xml::2::caleb
Apr 08, 2026 10:31:47 PM liquibase.changelog
INFO: gender.id datatype was changed to INTEGER
Apr 08, 2026 10:31:47 PM liquibase.changelog
INFO: Column gender.lastupdated renamed to last_updated
Apr 08, 2026 10:31:47 PM liquibase.changelog
INFO: ChangeSet liquibase/2.0.x.x/convert_id_types.xml::2::caleb ran successfully in 36ms
Running Changeset: liquibase/2.0.x.x/validation_site_information.xml::1::caleb
Apr 08, 2026 10:31:47 PM liquibase.changelog
INFO: NOT NULL constraint has been added to site_information.lastupdated
Apr 08, 2026 10:31:47 PM liquibase.changelog
INFO: ChangeSet liquibase/2.0.x.x/validation_site_information.xml::1::caleb ran successfully in 18ms
Running Changeset: liquibase/2.0.x.x/fhir_data_export.xml::1::caleb
Apr 08, 2026 10:31:47 PM liquibase.changelog
INFO: Table data_export_task created
Apr 08, 2026 10:31:47 PM liquibase.changelog
INFO: Table data_export_fhir_resources created
Apr 08, 2026 10:31:47 PM liquibase.changelog
INFO: Table data_export_headers created
Apr 08, 2026 10:31:47 PM liquibase.changelog
INFO: Table data_export_attempt created
Apr 08, 2026 10:31:47 PM liquibase.changelog
INFO: ChangeSet liquibase/2.0.x.x/fhir_data_export.xml::1::caleb ran successfully in 55ms
Running Changeset: liquibase/2.0.x.x/default_test.xml::1::caleb
Apr 08, 2026 10:31:47 PM liquibase.changelog
INFO: Columns default_test_result_id(numeric(10)) added to test
Apr 08, 2026 10:31:47 PM liquibase.changelog
INFO: ChangeSet liquibase/2.0.x.x/default_test.xml::1::caleb ran successfully in 14ms
Running Changeset: liquibase/2.0.x.x/patient_contact.xml::1::csteele
Apr 08, 2026 10:31:47 PM liquibase.changelog
INFO: New row inserted into reference_tables
Apr 08, 2026 10:31:47 PM liquibase.changelog
INFO: ChangeSet liquibase/2.0.x.x/patient_contact.xml::1::csteele ran successfully in 23ms
Running Changeset: liquibase/2.0.x.x/patient_contact.xml::2::csteele
Apr 08, 2026 10:31:48 PM liquibase.changelog
INFO: Table patient_contact created
Apr 08, 2026 10:31:48 PM liquibase.changelog
INFO: Sequence patient_contact_seq created
Apr 08, 2026 10:31:48 PM liquibase.changelog
INFO: ChangeSet liquibase/2.0.x.x/patient_contact.xml::2::csteele ran successfully in 437ms
Running Changeset: liquibase/2.1.x.x/external_connections.xml::1::csteele
Apr 08, 2026 10:31:48 PM liquibase.changelog
INFO: Table external_connection created
Apr 08, 2026 10:31:48 PM liquibase.changelog
INFO: Sequence external_connection_seq created
Apr 08, 2026 10:31:48 PM liquibase.changelog
INFO: ChangeSet liquibase/2.1.x.x/external_connections.xml::1::csteele ran successfully in 198ms
Running Changeset: liquibase/2.1.x.x/external_connections.xml::2::csteele
Apr 08, 2026 10:31:48 PM liquibase.changelog
INFO: Table external_connection_contact created
Apr 08, 2026 10:31:48 PM liquibase.changelog
INFO: Sequence external_connection_contact_seq created
Apr 08, 2026 10:31:48 PM liquibase.changelog
INFO: ChangeSet liquibase/2.1.x.x/external_connections.xml::2::csteele ran successfully in 164ms
Running Changeset: liquibase/2.1.x.x/external_connections.xml::3::csteele
Apr 08, 2026 10:31:48 PM liquibase.changelog
INFO: Table certificate_authentication_data created
Apr 08, 2026 10:31:48 PM liquibase.changelog
INFO: Sequence external_connection_authentication_data_seq created
Apr 08, 2026 10:31:48 PM liquibase.changelog
INFO: ChangeSet liquibase/2.1.x.x/external_connections.xml::3::csteele ran successfully in 126ms
Running Changeset: liquibase/2.1.x.x/external_connections.xml::4::csteele
Apr 08, 2026 10:31:48 PM liquibase.changelog
INFO: Table basic_authentication_data created
Apr 08, 2026 10:31:48 PM liquibase.changelog
INFO: ChangeSet liquibase/2.1.x.x/external_connections.xml::4::csteele ran successfully in 190ms
Running Changeset: liquibase/2.1.x.x/external_connections.xml::5::csteele
Apr 08, 2026 10:31:48 PM liquibase.changelog
INFO: Unique constraint added to basic_authentication_data(external_connection_id)
Apr 08, 2026 10:31:48 PM liquibase.changelog
INFO: ChangeSet liquibase/2.1.x.x/external_connections.xml::5::csteele ran successfully in 25ms
Running Changeset: liquibase/2.1.x.x/lab_director_signature.xml::1::csteele
Apr 08, 2026 10:31:48 PM liquibase.changelog
INFO: New row inserted into site_information
Apr 08, 2026 10:31:48 PM liquibase.changelog
INFO: New row inserted into site_information
Apr 08, 2026 10:31:48 PM liquibase.changelog
INFO: New row inserted into site_information
Apr 08, 2026 10:31:48 PM liquibase.changelog
INFO: ChangeSet liquibase/2.1.x.x/lab_director_signature.xml::1::csteele ran successfully in 32ms
Running Changeset: liquibase/2.1.x.x/sample_nature.xml::1::csteele
Apr 08, 2026 10:31:48 PM liquibase.changelog
INFO: New row inserted into dictionary_category
Apr 08, 2026 10:31:48 PM liquibase.changelog
INFO: New row inserted into observation_history_type
Apr 08, 2026 10:31:48 PM liquibase.changelog
INFO: ChangeSet liquibase/2.1.x.x/sample_nature.xml::1::csteele ran successfully in 25ms
Running Changeset: liquibase/2.1.x.x/sample_nature.xml::2::csteele
Apr 08, 2026 10:31:48 PM liquibase.changelog
INFO: New row inserted into dictionary
Apr 08, 2026 10:31:48 PM liquibase.changelog
INFO: New row inserted into dictionary
Apr 08, 2026 10:31:48 PM liquibase.changelog
INFO: New row inserted into dictionary
Apr 08, 2026 10:31:48 PM liquibase.changelog
INFO: ChangeSet liquibase/2.1.x.x/sample_nature.xml::2::csteele ran successfully in 34ms
Running Changeset: liquibase/2.1.x.x/client_notifications.xml::1::csteele
Apr 08, 2026 10:31:48 PM liquibase.changelog
INFO: Columns notify_results(BOOLEAN) added to test
Apr 08, 2026 10:31:48 PM liquibase.changelog
INFO: ChangeSet liquibase/2.1.x.x/client_notifications.xml::1::csteele ran successfully in 12ms
Running Changeset: liquibase/2.1.x.x/client_notifications.xml::2::csteele
Apr 08, 2026 10:31:49 PM liquibase.changelog
INFO: Table client_results_view created
Apr 08, 2026 10:31:49 PM liquibase.changelog
INFO: Sequence client_results_view_seq created
Apr 08, 2026 10:31:49 PM liquibase.changelog
INFO: ChangeSet liquibase/2.1.x.x/client_notifications.xml::2::csteele ran successfully in 186ms
Running Changeset: liquibase/2.1.x.x/client_notifications.xml::3::csteele
Apr 08, 2026 10:31:49 PM liquibase.changelog
INFO: Table notification_payload_template created
Apr 08, 2026 10:31:49 PM liquibase.changelog
INFO: Sequence notification_payload_template_seq created
Apr 08, 2026 10:31:49 PM liquibase.changelog
INFO: ChangeSet liquibase/2.1.x.x/client_notifications.xml::3::csteele ran successfully in 148ms
Running Changeset: liquibase/2.1.x.x/client_notifications.xml::4::csteele
Apr 08, 2026 10:31:49 PM liquibase.changelog
INFO: Table ozekimessageout created
Apr 08, 2026 10:31:49 PM liquibase.changelog
INFO: Index idx_ozekimessageout_id created
Apr 08, 2026 10:31:49 PM liquibase.changelog
INFO: ChangeSet liquibase/2.1.x.x/client_notifications.xml::4::csteele ran successfully in 184ms
Running Changeset: liquibase/2.1.x.x/locator_form_integration.xml::1::csteele
Apr 08, 2026 10:31:49 PM liquibase.changelog
INFO: New row inserted into status_of_sample
Apr 08, 2026 10:31:49 PM liquibase.changelog
INFO: ChangeSet liquibase/2.1.x.x/locator_form_integration.xml::1::csteele ran successfully in 15ms
Running Changeset: liquibase/2.1.x.x/user_manual_translation.xml::1::csteele
Apr 08, 2026 10:31:49 PM liquibase.changelog
INFO: Data updated in menu
Apr 08, 2026 10:31:49 PM liquibase.changelog
INFO: ChangeSet liquibase/2.1.x.x/user_manual_translation.xml::1::csteele ran successfully in 18ms
Running Changeset: liquibase/2.1.x.x/admin_menu_clean.xml::1::csteele
Apr 08, 2026 10:31:49 PM liquibase.changelog
INFO: Data deleted from menu
Apr 08, 2026 10:31:49 PM liquibase.changelog
INFO: ChangeSet liquibase/2.1.x.x/admin_menu_clean.xml::1::csteele ran successfully in 9ms
Running Changeset: liquibase/2.1.x.x/patient_status_report_menu.xml::1::rossumg
Apr 08, 2026 10:31:49 PM liquibase.changelog
INFO: Data deleted from menu
Apr 08, 2026 10:31:49 PM liquibase.changelog
INFO: ChangeSet liquibase/2.1.x.x/patient_status_report_menu.xml::1::rossumg ran successfully in 7ms
Running Changeset: liquibase/2.1.x.x/patient_status_report_menu.xml::2::ctsteele
Apr 08, 2026 10:31:49 PM liquibase.changelog
INFO: Data updated in menu
Apr 08, 2026 10:31:49 PM liquibase.changelog
INFO: ChangeSet liquibase/2.1.x.x/patient_status_report_menu.xml::2::ctsteele ran successfully in 8ms
Running Changeset: liquibase/2.1.x.x/sample_batch_entry_module_permission.xml::1::csteele
Apr 08, 2026 10:31:49 PM liquibase.changelog
INFO: New row inserted into system_module_url
Apr 08, 2026 10:31:49 PM liquibase.changelog
INFO: ChangeSet liquibase/2.1.x.x/sample_batch_entry_module_permission.xml::1::csteele ran successfully in 13ms
Running Changeset: liquibase/2.1.x.x/barcode_label_info_alter.xml::1::rossumg
Apr 08, 2026 10:31:49 PM liquibase.changelog
INFO: barcode_label_info.code datatype was changed to CHARACTER VARYING(25)
Apr 08, 2026 10:31:49 PM liquibase.changelog
INFO: ChangeSet liquibase/2.1.x.x/barcode_label_info_alter.xml::1::rossumg ran successfully in 9ms
Running Changeset: liquibase/2.2.x.x/email_sms_expansion.xml::1::csteele
Apr 08, 2026 10:31:49 PM liquibase.changelog
INFO: Sequence notification_config_option_seq created
Apr 08, 2026 10:31:49 PM liquibase.changelog
INFO: Table notification_config_option created
Apr 08, 2026 10:31:49 PM liquibase.changelog
INFO: Sequence test_notification_config_seq created
Apr 08, 2026 10:31:49 PM liquibase.changelog
INFO: Table test_notification_config created
Apr 08, 2026 10:31:49 PM liquibase.changelog
INFO: Table test_notification_config_config_option created
Apr 08, 2026 10:31:49 PM liquibase.changelog
INFO: Sequence analysis_notification_config_seq created
Apr 08, 2026 10:31:49 PM liquibase.changelog
INFO: Table analysis_notification_config created
Apr 08, 2026 10:31:49 PM liquibase.changelog
INFO: Table analysis_notification_config_config_option created
Apr 08, 2026 10:31:49 PM liquibase.changelog
INFO: ChangeSet liquibase/2.2.x.x/email_sms_expansion.xml::1::csteele ran successfully in 272ms
Running Changeset: liquibase/2.2.x.x/email_sms_expansion.xml::2::csteele
Apr 08, 2026 10:31:50 PM liquibase.changelog
INFO: Unique constraint unique_notification_payload_template_type dropped from notification_payload_template
Apr 08, 2026 10:31:50 PM liquibase.changelog
INFO: ChangeSet liquibase/2.2.x.x/email_sms_expansion.xml::2::csteele ran successfully in 20ms
Running Changeset: liquibase/2.2.x.x/email_sms_expansion.xml::3::csteele
Apr 08, 2026 10:31:50 PM liquibase.changelog
INFO: Table additional_contacts created
Apr 08, 2026 10:31:50 PM liquibase.changelog
INFO: ChangeSet liquibase/2.2.x.x/email_sms_expansion.xml::3::csteele ran successfully in 14ms
Running Changeset: liquibase/2.3.x.x/contact_tracing_fields.xml::1::csteele
Apr 08, 2026 10:31:50 PM liquibase.changelog
INFO: Table sample_additional_fields created
Apr 08, 2026 10:31:50 PM liquibase.changelog
INFO: ChangeSet liquibase/2.3.x.x/contact_tracing_fields.xml::1::csteele ran successfully in 136ms
Running Changeset: liquibase/2.3.x.x/contact_tracing_fields.xml::2::csteele
Apr 08, 2026 10:31:50 PM liquibase.changelog
INFO: New row inserted into site_information
Apr 08, 2026 10:31:50 PM liquibase.changelog
INFO: ChangeSet liquibase/2.3.x.x/contact_tracing_fields.xml::2::csteele ran successfully in 13ms
Running Changeset: liquibase/2.3.x.x/minor_fixes.xml::1::csteele
Apr 08, 2026 10:31:50 PM liquibase.changelog
INFO: Data deleted from site_information
Apr 08, 2026 10:31:50 PM liquibase.changelog
INFO: ChangeSet liquibase/2.3.x.x/minor_fixes.xml::1::csteele ran successfully in 14ms
Running Changeset: liquibase/2.3.x.x/minor_fixes.xml::2::csteele
Apr 08, 2026 10:31:50 PM liquibase.changelog
INFO: Marking ChangeSet: liquibase/2.3.x.x/minor_fixes.xml::2::csteele ran despite precondition failure due to onFail='MARK_RAN': 
          liquibase/base-changelog.xml : Not precondition failed

Running Changeset: liquibase/2.3.x.x/minor_fixes.xml::3::csteele
Apr 08, 2026 10:31:50 PM liquibase.changelog
INFO: Data updated in result_limits
Apr 08, 2026 10:31:50 PM liquibase.changelog
INFO: Data updated in result_limits
Apr 08, 2026 10:31:50 PM liquibase.changelog
INFO: ChangeSet liquibase/2.3.x.x/minor_fixes.xml::3::csteele ran successfully in 28ms
Running Changeset: liquibase/2.3.x.x/user_url_permissions.xml::1::csteele
Apr 08, 2026 10:31:50 PM liquibase.changelog
INFO: New row inserted into system_module_url
Apr 08, 2026 10:31:50 PM liquibase.changelog
INFO: New row inserted into system_role_module
Apr 08, 2026 10:31:50 PM liquibase.changelog
INFO: ChangeSet liquibase/2.3.x.x/user_url_permissions.xml::1::csteele ran successfully in 25ms
Running Changeset: liquibase/2.3.x.x/user_url_permissions.xml::2::csteele
Apr 08, 2026 10:31:50 PM liquibase.changelog
INFO: New row inserted into system_module
Apr 08, 2026 10:31:50 PM liquibase.changelog
INFO: New row inserted into system_role_module
Apr 08, 2026 10:31:50 PM liquibase.changelog
INFO: New row inserted into system_module_url
Apr 08, 2026 10:31:50 PM liquibase.changelog
INFO: ChangeSet liquibase/2.3.x.x/user_url_permissions.xml::2::csteele ran successfully in 27ms
Running Changeset: liquibase/2.3.x.x/user_url_permissions.xml::3::csteele
Apr 08, 2026 10:31:50 PM liquibase.changelog
INFO: New row inserted into system_module
Apr 08, 2026 10:31:50 PM liquibase.changelog
INFO: New row inserted into system_role_module
Apr 08, 2026 10:31:50 PM liquibase.changelog
INFO: New row inserted into system_module_url
Apr 08, 2026 10:31:50 PM liquibase.changelog
INFO: ChangeSet liquibase/2.3.x.x/user_url_permissions.xml::3::csteele ran successfully in 29ms
Running Changeset: liquibase/2.3.x.x/user_url_permissions.xml::4::csteele
Apr 08, 2026 10:31:50 PM liquibase.changelog
INFO: New row inserted into system_module
Apr 08, 2026 10:31:50 PM liquibase.changelog
INFO: New row inserted into system_role_module
Apr 08, 2026 10:31:50 PM liquibase.changelog
INFO: New row inserted into system_module_url
Apr 08, 2026 10:31:50 PM liquibase.changelog
INFO: ChangeSet liquibase/2.3.x.x/user_url_permissions.xml::4::csteele ran successfully in 22ms
Running Changeset: liquibase/2.3.x.x/user_url_permissions.xml::5::csteele
Apr 08, 2026 10:31:50 PM liquibase.changelog
INFO: New row inserted into system_module
Apr 08, 2026 10:31:50 PM liquibase.changelog
INFO: New row inserted into system_role_module
Apr 08, 2026 10:31:50 PM liquibase.changelog
INFO: New row inserted into system_module_url
Apr 08, 2026 10:31:50 PM liquibase.changelog
INFO: New row inserted into system_module_url
Apr 08, 2026 10:31:50 PM liquibase.changelog
INFO: New row inserted into system_module_url
Apr 08, 2026 10:31:50 PM liquibase.changelog
INFO: ChangeSet liquibase/2.3.x.x/user_url_permissions.xml::5::csteele ran successfully in 34ms
Running Changeset: liquibase/2.3.x.x/user_url_permissions.xml::6::csteele
Apr 08, 2026 10:31:50 PM liquibase.changelog
INFO: New row inserted into system_module
Apr 08, 2026 10:31:50 PM liquibase.changelog
INFO: New row inserted into system_role_module
Apr 08, 2026 10:31:50 PM liquibase.changelog
INFO: New row inserted into system_module_url
Apr 08, 2026 10:31:50 PM liquibase.changelog
INFO: New row inserted into system_module_url
Apr 08, 2026 10:31:50 PM liquibase.changelog
INFO: ChangeSet liquibase/2.3.x.x/user_url_permissions.xml::6::csteele ran successfully in 31ms
Running Changeset: liquibase/2.3.x.x/user_url_permissions.xml::7::csteele
Apr 08, 2026 10:31:50 PM liquibase.changelog
INFO: New row inserted into system_module
Apr 08, 2026 10:31:50 PM liquibase.changelog
INFO: New row inserted into system_role_module
Apr 08, 2026 10:31:50 PM liquibase.changelog
INFO: New row inserted into system_module_url
Apr 08, 2026 10:31:50 PM liquibase.changelog
INFO: ChangeSet liquibase/2.3.x.x/user_url_permissions.xml::7::csteele ran successfully in 23ms
Running Changeset: liquibase/2.3.x.x/user_url_permissions.xml::8::csteele
Apr 08, 2026 10:31:50 PM liquibase.changelog
INFO: New row inserted into system_module
Apr 08, 2026 10:31:50 PM liquibase.changelog
INFO: New row inserted into system_role_module
Apr 08, 2026 10:31:50 PM liquibase.changelog
INFO: New row inserted into system_role_module
Apr 08, 2026 10:31:50 PM liquibase.changelog
INFO: New row inserted into system_module_param
Apr 08, 2026 10:31:50 PM liquibase.changelog
INFO: New row inserted into system_module_url
Apr 08, 2026 10:31:50 PM liquibase.changelog
INFO: New row inserted into system_module_url
Apr 08, 2026 10:31:50 PM liquibase.changelog
INFO: ChangeSet liquibase/2.3.x.x/user_url_permissions.xml::8::csteele ran successfully in 33ms
Running Changeset: liquibase/2.3.x.x/national_id_config.xml::1::csteele
Apr 08, 2026 10:31:50 PM liquibase.changelog
INFO: New row inserted into site_information
Apr 08, 2026 10:31:50 PM liquibase.changelog
INFO: New row inserted into site_information
Apr 08, 2026 10:31:50 PM liquibase.changelog
INFO: ChangeSet liquibase/2.3.x.x/national_id_config.xml::1::csteele ran successfully in 19ms
Running Changeset: liquibase/2.3.x.x/analyzer_experiment.xml::1::csteele
Apr 08, 2026 10:31:50 PM liquibase.changelog
INFO: Sequence analyzer_experiment_seq created
Apr 08, 2026 10:31:50 PM liquibase.changelog
INFO: Table analyzer_experiment created
Apr 08, 2026 10:31:50 PM liquibase.changelog
INFO: Columns has_setup_page(BOOLEAN) added to analyzer
Apr 08, 2026 10:31:50 PM liquibase.changelog
INFO: ChangeSet liquibase/2.3.x.x/analyzer_experiment.xml::1::csteele ran successfully in 109ms
Running Changeset: liquibase/2.3.x.x/analyzer_experiment.xml::2::csteele
Apr 08, 2026 10:31:50 PM liquibase.changelog
INFO: analyzer.name datatype was changed to varchar(255)
Apr 08, 2026 10:31:50 PM liquibase.changelog
INFO: ChangeSet liquibase/2.3.x.x/analyzer_experiment.xml::2::csteele ran successfully in 6ms
Running Changeset: liquibase/2.3.x.x/new_tests.xml::5::rossumg
Apr 08, 2026 10:31:50 PM liquibase.changelog
INFO: Custom SQL executed
Apr 08, 2026 10:31:50 PM liquibase.changelog
INFO: ChangeSet liquibase/2.3.x.x/new_tests.xml::5::rossumg ran successfully in 8ms
Running Changeset: liquibase/2.3.x.x/new_tests.xml::10::rossumg
Apr 08, 2026 10:31:50 PM liquibase.changelog
INFO: Custom SQL executed
Apr 08, 2026 10:31:50 PM liquibase.changelog
INFO: ChangeSet liquibase/2.3.x.x/new_tests.xml::10::rossumg ran successfully in 7ms
Running Changeset: liquibase/2.3.x.x/new_tests.xml::15::rossumg
Apr 08, 2026 10:31:50 PM liquibase.changelog
INFO: Custom SQL executed
Apr 08, 2026 10:31:50 PM liquibase.changelog
INFO: ChangeSet liquibase/2.3.x.x/new_tests.xml::15::rossumg ran successfully in 14ms
Running Changeset: liquibase/2.3.x.x/new_tests.xml::16::rossumg
Apr 08, 2026 10:31:50 PM liquibase.changelog
INFO: Custom SQL executed
Apr 08, 2026 10:31:50 PM liquibase.changelog
INFO: ChangeSet liquibase/2.3.x.x/new_tests.xml::16::rossumg ran successfully in 12ms
Running Changeset: liquibase/2.3.x.x/new_tests.xml::17::rossumg
Apr 08, 2026 10:31:50 PM liquibase.changelog
INFO: Custom SQL executed
Apr 08, 2026 10:31:50 PM liquibase.changelog
INFO: ChangeSet liquibase/2.3.x.x/new_tests.xml::17::rossumg ran successfully in 10ms
Running Changeset: liquibase/2.3.x.x/new_tests.xml::20::rossumg
Apr 08, 2026 10:31:50 PM liquibase.changelog
INFO: Custom SQL executed
Apr 08, 2026 10:31:50 PM liquibase.changelog
INFO: ChangeSet liquibase/2.3.x.x/new_tests.xml::20::rossumg ran successfully in 14ms
Running Changeset: liquibase/2.3.x.x/new_tests.xml::25::rossumg
Apr 08, 2026 10:31:50 PM liquibase.changelog
INFO: Custom SQL executed
Apr 08, 2026 10:31:50 PM liquibase.changelog
INFO: ChangeSet liquibase/2.3.x.x/new_tests.xml::25::rossumg ran successfully in 23ms
Running Changeset: liquibase/2.3.x.x/new_tests.xml::30::rossumg
Apr 08, 2026 10:31:50 PM liquibase.changelog
INFO: Custom SQL executed
Apr 08, 2026 10:31:50 PM liquibase.changelog
INFO: ChangeSet liquibase/2.3.x.x/new_tests.xml::30::rossumg ran successfully in 13ms
Running Changeset: liquibase/2.3.x.x/new_tests.xml::31::rossumg
Apr 08, 2026 10:31:50 PM liquibase.changelog
INFO: Custom SQL executed
Apr 08, 2026 10:31:50 PM liquibase.changelog
INFO: ChangeSet liquibase/2.3.x.x/new_tests.xml::31::rossumg ran successfully in 8ms
Running Changeset: liquibase/2.3.x.x/new_tests.xml::35::rossumg
Apr 08, 2026 10:31:50 PM liquibase.changelog
INFO: Custom SQL executed
Apr 08, 2026 10:31:50 PM liquibase.changelog
INFO: ChangeSet liquibase/2.3.x.x/new_tests.xml::35::rossumg ran successfully in 13ms
Running Changeset: liquibase/2.3.x.x/new_tests.xml::40::rossumg
Apr 08, 2026 10:31:50 PM liquibase.changelog
INFO: Custom SQL executed
Apr 08, 2026 10:31:50 PM liquibase.changelog
INFO: ChangeSet liquibase/2.3.x.x/new_tests.xml::40::rossumg ran successfully in 15ms
Running Changeset: liquibase/2.3.x.x/new_tests.xml::45::rossumg
Apr 08, 2026 10:31:51 PM liquibase.changelog
INFO: Custom SQL executed
Apr 08, 2026 10:31:51 PM liquibase.changelog
INFO: ChangeSet liquibase/2.3.x.x/new_tests.xml::45::rossumg ran successfully in 14ms
Running Changeset: liquibase/2.3.x.x/new_tests.xml::50::rossumg
Apr 08, 2026 10:31:51 PM liquibase.changelog
INFO: Custom SQL executed
Apr 08, 2026 10:31:51 PM liquibase.changelog
INFO: ChangeSet liquibase/2.3.x.x/new_tests.xml::50::rossumg ran successfully in 23ms
Running Changeset: liquibase/2.3.x.x/new_tests.xml::55::rossumg
Apr 08, 2026 10:31:51 PM liquibase.changelog
INFO: Custom SQL executed
Apr 08, 2026 10:31:51 PM liquibase.changelog
INFO: ChangeSet liquibase/2.3.x.x/new_tests.xml::55::rossumg ran successfully in 10ms
Running Changeset: liquibase/2.3.x.x/new_tests.xml::60::rossumg
Apr 08, 2026 10:31:51 PM liquibase.changelog
INFO: Custom SQL executed
Apr 08, 2026 10:31:51 PM liquibase.changelog
INFO: ChangeSet liquibase/2.3.x.x/new_tests.xml::60::rossumg ran successfully in 11ms
Running Changeset: liquibase/2.3.x.x/new_tests.xml::65::rossumg
Apr 08, 2026 10:31:51 PM liquibase.changelog
INFO: Custom SQL executed
Apr 08, 2026 10:31:51 PM liquibase.changelog
INFO: ChangeSet liquibase/2.3.x.x/new_tests.xml::65::rossumg ran successfully in 12ms
Running Changeset: liquibase/2.3.x.x/new_tests.xml::70::rossumg
Apr 08, 2026 10:31:51 PM liquibase.changelog
INFO: Custom SQL executed
Apr 08, 2026 10:31:51 PM liquibase.changelog
INFO: ChangeSet liquibase/2.3.x.x/new_tests.xml::70::rossumg ran successfully in 12ms
Running Changeset: liquibase/2.3.x.x/new_tests.xml::75::rossumg
Apr 08, 2026 10:31:51 PM liquibase.changelog
INFO: Custom SQL executed
Apr 08, 2026 10:31:51 PM liquibase.changelog
INFO: ChangeSet liquibase/2.3.x.x/new_tests.xml::75::rossumg ran successfully in 14ms
Running Changeset: liquibase/2.3.x.x/new_tests.xml::80::rossumg
Apr 08, 2026 10:31:51 PM liquibase.changelog
INFO: Custom SQL executed
Apr 08, 2026 10:31:51 PM liquibase.changelog
INFO: ChangeSet liquibase/2.3.x.x/new_tests.xml::80::rossumg ran successfully in 12ms
Running Changeset: liquibase/2.3.x.x/new_tests.xml::85::rossumg
Apr 08, 2026 10:31:51 PM liquibase.changelog
INFO: Custom SQL executed
Apr 08, 2026 10:31:51 PM liquibase.changelog
INFO: ChangeSet liquibase/2.3.x.x/new_tests.xml::85::rossumg ran successfully in 12ms
Running Changeset: liquibase/2.3.x.x/new_tests.xml::90::rossumg
Apr 08, 2026 10:31:51 PM liquibase.changelog
INFO: Custom SQL executed
Apr 08, 2026 10:31:51 PM liquibase.changelog
INFO: ChangeSet liquibase/2.3.x.x/new_tests.xml::90::rossumg ran successfully in 9ms
Running Changeset: liquibase/2.3.x.x/new_tests.xml::95::rossumg
Apr 08, 2026 10:31:51 PM liquibase.changelog
INFO: Custom SQL executed
Apr 08, 2026 10:31:51 PM liquibase.changelog
INFO: ChangeSet liquibase/2.3.x.x/new_tests.xml::95::rossumg ran successfully in 13ms
Running Changeset: liquibase/2.3.x.x/new_tests.xml::100::rossumg
Apr 08, 2026 10:31:51 PM liquibase.changelog
INFO: Custom SQL executed
Apr 08, 2026 10:31:51 PM liquibase.changelog
INFO: ChangeSet liquibase/2.3.x.x/new_tests.xml::100::rossumg ran successfully in 20ms
Running Changeset: liquibase/2.3.x.x/new_tests.xml::105::rossumg
Apr 08, 2026 10:31:51 PM liquibase.changelog
INFO: Custom SQL executed
Apr 08, 2026 10:31:51 PM liquibase.changelog
INFO: ChangeSet liquibase/2.3.x.x/new_tests.xml::105::rossumg ran successfully in 9ms
Running Changeset: liquibase/2.3.x.x/new_tests.xml::110::rossumg
Apr 08, 2026 10:31:51 PM liquibase.changelog
INFO: Custom SQL executed
Apr 08, 2026 10:31:51 PM liquibase.changelog
INFO: ChangeSet liquibase/2.3.x.x/new_tests.xml::110::rossumg ran successfully in 12ms
Running Changeset: liquibase/2.3.x.x/new_tests.xml::115::rossumg
Apr 08, 2026 10:31:51 PM liquibase.changelog
INFO: Marking ChangeSet: liquibase/2.3.x.x/new_tests.xml::115::rossumg ran despite precondition failure due to onFail='MARK_RAN': 
          liquibase/base-changelog.xml : SQL Precondition failed.  Expected '0' got '1'

Running Changeset: liquibase/2.3.x.x/new_tests.xml::120::rossumg
Apr 08, 2026 10:31:51 PM liquibase.changelog
INFO: Custom SQL executed
Apr 08, 2026 10:31:51 PM liquibase.changelog
INFO: ChangeSet liquibase/2.3.x.x/new_tests.xml::120::rossumg ran successfully in 10ms
Running Changeset: liquibase/2.3.x.x/new_tests.xml::125::rossumg
Apr 08, 2026 10:31:51 PM liquibase.changelog
INFO: Custom SQL executed
Apr 08, 2026 10:31:51 PM liquibase.changelog
INFO: ChangeSet liquibase/2.3.x.x/new_tests.xml::125::rossumg ran successfully in 14ms
Running Changeset: liquibase/2.3.x.x/new_tests.xml::130::rossumg
Apr 08, 2026 10:31:51 PM liquibase.changelog
INFO: Custom SQL executed
Apr 08, 2026 10:31:51 PM liquibase.changelog
INFO: ChangeSet liquibase/2.3.x.x/new_tests.xml::130::rossumg ran successfully in 22ms
Running Changeset: liquibase/2.3.x.x/new_tests.xml::135::rossumg
Apr 08, 2026 10:31:51 PM liquibase.changelog
INFO: Custom SQL executed
Apr 08, 2026 10:31:51 PM liquibase.changelog
INFO: ChangeSet liquibase/2.3.x.x/new_tests.xml::135::rossumg ran successfully in 18ms
Running Changeset: liquibase/2.3.x.x/new_tests.xml::140::rossumg
Apr 08, 2026 10:31:51 PM liquibase.changelog
INFO: Marking ChangeSet: liquibase/2.3.x.x/new_tests.xml::140::rossumg ran despite precondition failure due to onFail='MARK_RAN': 
          liquibase/base-changelog.xml : SQL Precondition failed.  Expected '0' got '1'

Running Changeset: liquibase/2.3.x.x/new_tests.xml::145::rossumg
Apr 08, 2026 10:31:51 PM liquibase.changelog
INFO: Custom SQL executed
Apr 08, 2026 10:31:51 PM liquibase.changelog
INFO: ChangeSet liquibase/2.3.x.x/new_tests.xml::145::rossumg ran successfully in 17ms
Running Changeset: liquibase/2.3.x.x/new_tests.xml::150::rossumg
Apr 08, 2026 10:31:51 PM liquibase.changelog
INFO: Custom SQL executed
Apr 08, 2026 10:31:51 PM liquibase.changelog
INFO: ChangeSet liquibase/2.3.x.x/new_tests.xml::150::rossumg ran successfully in 24ms
Running Changeset: liquibase/2.3.x.x/new_tests.xml::155::rossumg
Apr 08, 2026 10:31:51 PM liquibase.changelog
INFO: Custom SQL executed
Apr 08, 2026 10:31:51 PM liquibase.changelog
INFO: ChangeSet liquibase/2.3.x.x/new_tests.xml::155::rossumg ran successfully in 22ms
Running Changeset: liquibase/2.3.x.x/new_tests.xml::160::rossumg
Apr 08, 2026 10:31:51 PM liquibase.changelog
INFO: Custom SQL executed
Apr 08, 2026 10:31:51 PM liquibase.changelog
INFO: ChangeSet liquibase/2.3.x.x/new_tests.xml::160::rossumg ran successfully in 22ms
Running Changeset: liquibase/2.3.x.x/new_tests.xml::165::rossumg
Apr 08, 2026 10:31:51 PM liquibase.changelog
INFO: Custom SQL executed
Apr 08, 2026 10:31:51 PM liquibase.changelog
INFO: ChangeSet liquibase/2.3.x.x/new_tests.xml::165::rossumg ran successfully in 18ms
Running Changeset: liquibase/2.3.x.x/new_tests.xml::175::rossumg
Apr 08, 2026 10:31:51 PM liquibase.changelog
INFO: Custom SQL executed
Apr 08, 2026 10:31:51 PM liquibase.changelog
INFO: ChangeSet liquibase/2.3.x.x/new_tests.xml::175::rossumg ran successfully in 14ms
Running Changeset: liquibase/2.3.x.x/new_tests.xml::180::rossumg
Apr 08, 2026 10:31:51 PM liquibase.changelog
INFO: Custom SQL executed
Apr 08, 2026 10:31:51 PM liquibase.changelog
INFO: ChangeSet liquibase/2.3.x.x/new_tests.xml::180::rossumg ran successfully in 16ms
Running Changeset: liquibase/2.3.x.x/new_tests.xml::185::rossumg
Apr 08, 2026 10:31:51 PM liquibase.changelog
INFO: Custom SQL executed
Apr 08, 2026 10:31:51 PM liquibase.changelog
INFO: ChangeSet liquibase/2.3.x.x/new_tests.xml::185::rossumg ran successfully in 21ms
Running Changeset: liquibase/2.3.x.x/new_tests.xml::190::rossumg
Apr 08, 2026 10:31:51 PM liquibase.changelog
INFO: Custom SQL executed
Apr 08, 2026 10:31:51 PM liquibase.changelog
INFO: ChangeSet liquibase/2.3.x.x/new_tests.xml::190::rossumg ran successfully in 17ms
Running Changeset: liquibase/2.3.x.x/new_tests.xml::205::rossumg
Apr 08, 2026 10:31:51 PM liquibase.changelog
INFO: Custom SQL executed
Apr 08, 2026 10:31:51 PM liquibase.changelog
INFO: ChangeSet liquibase/2.3.x.x/new_tests.xml::205::rossumg ran successfully in 16ms
Running Changeset: liquibase/2.3.x.x/new_tests.xml::210::rossumg
Apr 08, 2026 10:31:51 PM liquibase.changelog
INFO: Custom SQL executed
Apr 08, 2026 10:31:51 PM liquibase.changelog
INFO: ChangeSet liquibase/2.3.x.x/new_tests.xml::210::rossumg ran successfully in 14ms
Running Changeset: liquibase/2.3.x.x/new_tests.xml::215::rossumg
Apr 08, 2026 10:31:51 PM liquibase.changelog
INFO: Custom SQL executed
Apr 08, 2026 10:31:51 PM liquibase.changelog
INFO: ChangeSet liquibase/2.3.x.x/new_tests.xml::215::rossumg ran successfully in 37ms
Running Changeset: liquibase/2.3.x.x/new_tests.xml::220::rossumg
Apr 08, 2026 10:31:51 PM liquibase.changelog
INFO: Custom SQL executed
Apr 08, 2026 10:31:51 PM liquibase.changelog
INFO: ChangeSet liquibase/2.3.x.x/new_tests.xml::220::rossumg ran successfully in 13ms
Running Changeset: liquibase/2.3.x.x/new_tests.xml::225::rossumg
Apr 08, 2026 10:31:51 PM liquibase.changelog
INFO: Custom SQL executed
Apr 08, 2026 10:31:51 PM liquibase.changelog
INFO: ChangeSet liquibase/2.3.x.x/new_tests.xml::225::rossumg ran successfully in 19ms
Running Changeset: liquibase/2.3.x.x/new_tests.xml::235::rossumg
Apr 08, 2026 10:31:51 PM liquibase.changelog
INFO: Custom SQL executed
Apr 08, 2026 10:31:51 PM liquibase.changelog
INFO: ChangeSet liquibase/2.3.x.x/new_tests.xml::235::rossumg ran successfully in 11ms
Running Changeset: liquibase/2.3.x.x/new_tests.xml::240::rossumg
Apr 08, 2026 10:31:51 PM liquibase.changelog
INFO: Custom SQL executed
Apr 08, 2026 10:31:51 PM liquibase.changelog
INFO: ChangeSet liquibase/2.3.x.x/new_tests.xml::240::rossumg ran successfully in 10ms
Running Changeset: liquibase/2.3.x.x/new_tests.xml::245::rossumg
Apr 08, 2026 10:31:51 PM liquibase.changelog
INFO: Custom SQL executed
Apr 08, 2026 10:31:51 PM liquibase.changelog
INFO: ChangeSet liquibase/2.3.x.x/new_tests.xml::245::rossumg ran successfully in 22ms
Running Changeset: liquibase/2.3.x.x/new_tests.xml::250::rossumg
Apr 08, 2026 10:31:51 PM liquibase.changelog
INFO: Custom SQL executed
Apr 08, 2026 10:31:51 PM liquibase.changelog
INFO: ChangeSet liquibase/2.3.x.x/new_tests.xml::250::rossumg ran successfully in 17ms
Running Changeset: liquibase/2.3.x.x/new_tests.xml::260::rossumg
Apr 08, 2026 10:31:52 PM liquibase.changelog
INFO: Custom SQL executed
Apr 08, 2026 10:31:52 PM liquibase.changelog
INFO: ChangeSet liquibase/2.3.x.x/new_tests.xml::260::rossumg ran successfully in 9ms
Running Changeset: liquibase/2.3.x.x/new_tests.xml::265::rossumg
Apr 08, 2026 10:31:52 PM liquibase.changelog
INFO: Custom SQL executed
Apr 08, 2026 10:31:52 PM liquibase.changelog
INFO: ChangeSet liquibase/2.3.x.x/new_tests.xml::265::rossumg ran successfully in 9ms
Running Changeset: liquibase/2.3.x.x/new_tests.xml::270::rossumg
Apr 08, 2026 10:31:52 PM liquibase.changelog
INFO: Custom SQL executed
Apr 08, 2026 10:31:52 PM liquibase.changelog
INFO: ChangeSet liquibase/2.3.x.x/new_tests.xml::270::rossumg ran successfully in 16ms
Running Changeset: liquibase/2.3.x.x/new_tests.xml::275::rossumg
Apr 08, 2026 10:31:52 PM liquibase.changelog
INFO: Custom SQL executed
Apr 08, 2026 10:31:52 PM liquibase.changelog
INFO: ChangeSet liquibase/2.3.x.x/new_tests.xml::275::rossumg ran successfully in 15ms
Running Changeset: liquibase/2.3.x.x/new_tests.xml::280::rossumg
Apr 08, 2026 10:31:52 PM liquibase.changelog
INFO: Marking ChangeSet: liquibase/2.3.x.x/new_tests.xml::280::rossumg ran despite precondition failure due to onFail='MARK_RAN': 
          liquibase/base-changelog.xml : SQL Precondition failed.  Expected '0' got '1'

Running Changeset: liquibase/2.3.x.x/new_tests.xml::285::rossumg
Apr 08, 2026 10:31:52 PM liquibase.changelog
INFO: Custom SQL executed
Apr 08, 2026 10:31:52 PM liquibase.changelog
INFO: ChangeSet liquibase/2.3.x.x/new_tests.xml::285::rossumg ran successfully in 13ms
Running Changeset: liquibase/2.3.x.x/new_tests.xml::290::rossumg
Apr 08, 2026 10:31:52 PM liquibase.changelog
INFO: Custom SQL executed
Apr 08, 2026 10:31:52 PM liquibase.changelog
INFO: ChangeSet liquibase/2.3.x.x/new_tests.xml::290::rossumg ran successfully in 11ms
Running Changeset: liquibase/2.3.x.x/new_tests.xml::295::rossumg
Apr 08, 2026 10:31:52 PM liquibase.changelog
INFO: Custom SQL executed
Apr 08, 2026 10:31:52 PM liquibase.changelog
INFO: ChangeSet liquibase/2.3.x.x/new_tests.xml::295::rossumg ran successfully in 21ms
Running Changeset: liquibase/2.3.x.x/new_tests.xml::300::rossumg
Apr 08, 2026 10:31:52 PM liquibase.changelog
INFO: Custom SQL executed
Apr 08, 2026 10:31:52 PM liquibase.changelog
INFO: ChangeSet liquibase/2.3.x.x/new_tests.xml::300::rossumg ran successfully in 14ms
Running Changeset: liquibase/2.3.x.x/new_tests.xml::305::rossumg
Apr 08, 2026 10:31:52 PM liquibase.changelog
INFO: Custom SQL executed
Apr 08, 2026 10:31:52 PM liquibase.changelog
INFO: ChangeSet liquibase/2.3.x.x/new_tests.xml::305::rossumg ran successfully in 18ms
Running Changeset: liquibase/2.3.x.x/new_tests.xml::315::rossumg
Apr 08, 2026 10:31:52 PM liquibase.changelog
INFO: Custom SQL executed
Apr 08, 2026 10:31:52 PM liquibase.changelog
INFO: ChangeSet liquibase/2.3.x.x/new_tests.xml::315::rossumg ran successfully in 13ms
Running Changeset: liquibase/2.3.x.x/new_tests.xml::320::rossumg
Apr 08, 2026 10:31:52 PM liquibase.changelog
INFO: Custom SQL executed
Apr 08, 2026 10:31:52 PM liquibase.changelog
INFO: ChangeSet liquibase/2.3.x.x/new_tests.xml::320::rossumg ran successfully in 13ms
Running Changeset: liquibase/2.3.x.x/new_tests.xml::325::rossumg
Apr 08, 2026 10:31:52 PM liquibase.changelog
INFO: Custom SQL executed
Apr 08, 2026 10:31:52 PM liquibase.changelog
INFO: ChangeSet liquibase/2.3.x.x/new_tests.xml::325::rossumg ran successfully in 15ms
Running Changeset: liquibase/2.3.x.x/new_tests.xml::330::rossumg
Apr 08, 2026 10:31:52 PM liquibase.changelog
INFO: Custom SQL executed
Apr 08, 2026 10:31:52 PM liquibase.changelog
INFO: ChangeSet liquibase/2.3.x.x/new_tests.xml::330::rossumg ran successfully in 10ms
Running Changeset: liquibase/2.3.x.x/new_tests.xml::331::csteele
Apr 08, 2026 10:31:52 PM liquibase.changelog
INFO: Custom SQL executed
Apr 08, 2026 10:31:52 PM liquibase.changelog
INFO: ChangeSet liquibase/2.3.x.x/new_tests.xml::331::csteele ran successfully in 8ms
Running Changeset: liquibase/2.3.x.x/new_tests.xml::340::rossumg
Apr 08, 2026 10:31:52 PM liquibase.changelog
INFO: Custom SQL executed
Apr 08, 2026 10:31:52 PM liquibase.changelog
INFO: ChangeSet liquibase/2.3.x.x/new_tests.xml::340::rossumg ran successfully in 12ms
Running Changeset: liquibase/2.3.x.x/new_tests.xml::345::rossumg
Apr 08, 2026 10:31:52 PM liquibase.changelog
INFO: Custom SQL executed
Apr 08, 2026 10:31:52 PM liquibase.changelog
INFO: ChangeSet liquibase/2.3.x.x/new_tests.xml::345::rossumg ran successfully in 11ms
Running Changeset: liquibase/2.3.x.x/new_tests.xml::350::rossumg
Apr 08, 2026 10:31:52 PM liquibase.changelog
INFO: Custom SQL executed
Apr 08, 2026 10:31:52 PM liquibase.changelog
INFO: ChangeSet liquibase/2.3.x.x/new_tests.xml::350::rossumg ran successfully in 15ms
Running Changeset: liquibase/2.3.x.x/new_tests.xml::355::rossumg
Apr 08, 2026 10:31:52 PM liquibase.changelog
INFO: Custom SQL executed
Apr 08, 2026 10:31:52 PM liquibase.changelog
INFO: ChangeSet liquibase/2.3.x.x/new_tests.xml::355::rossumg ran successfully in 16ms
Running Changeset: liquibase/2.3.x.x/new_tests.xml::336::csteele
Apr 08, 2026 10:31:52 PM liquibase.changelog
INFO: Custom SQL executed
Apr 08, 2026 10:31:52 PM liquibase.changelog
INFO: ChangeSet liquibase/2.3.x.x/new_tests.xml::336::csteele ran successfully in 12ms
Running Changeset: liquibase/2.3.x.x/new_tests.xml::365::rossumg
Apr 08, 2026 10:31:52 PM liquibase.changelog
INFO: Custom SQL executed
Apr 08, 2026 10:31:52 PM liquibase.changelog
INFO: ChangeSet liquibase/2.3.x.x/new_tests.xml::365::rossumg ran successfully in 13ms
Running Changeset: liquibase/2.3.x.x/new_tests.xml::370::rossumg
Apr 08, 2026 10:31:52 PM liquibase.changelog
INFO: Custom SQL executed
Apr 08, 2026 10:31:52 PM liquibase.changelog
INFO: ChangeSet liquibase/2.3.x.x/new_tests.xml::370::rossumg ran successfully in 13ms
Running Changeset: liquibase/2.3.x.x/new_tests.xml::375::rossumg
Apr 08, 2026 10:31:52 PM liquibase.changelog
INFO: Custom SQL executed
Apr 08, 2026 10:31:52 PM liquibase.changelog
INFO: ChangeSet liquibase/2.3.x.x/new_tests.xml::375::rossumg ran successfully in 21ms
Running Changeset: liquibase/2.3.x.x/new_tests.xml::380::rossumg
Apr 08, 2026 10:31:52 PM liquibase.changelog
INFO: Custom SQL executed
Apr 08, 2026 10:31:52 PM liquibase.changelog
INFO: ChangeSet liquibase/2.3.x.x/new_tests.xml::380::rossumg ran successfully in 11ms
Running Changeset: liquibase/2.3.x.x/new_tests.xml::385::rossumg
Apr 08, 2026 10:31:52 PM liquibase.changelog
INFO: Custom SQL executed
Apr 08, 2026 10:31:52 PM liquibase.changelog
INFO: ChangeSet liquibase/2.3.x.x/new_tests.xml::385::rossumg ran successfully in 15ms
Running Changeset: liquibase/2.3.x.x/new_tests.xml::395::rossumg
Apr 08, 2026 10:31:52 PM liquibase.changelog
INFO: Custom SQL executed
Apr 08, 2026 10:31:52 PM liquibase.changelog
INFO: ChangeSet liquibase/2.3.x.x/new_tests.xml::395::rossumg ran successfully in 12ms
Running Changeset: liquibase/2.3.x.x/new_tests.xml::400::rossumg
Apr 08, 2026 10:31:52 PM liquibase.changelog
INFO: Custom SQL executed
Apr 08, 2026 10:31:52 PM liquibase.changelog
INFO: ChangeSet liquibase/2.3.x.x/new_tests.xml::400::rossumg ran successfully in 12ms
Running Changeset: liquibase/2.3.x.x/new_tests.xml::405::rossumg
Apr 08, 2026 10:31:52 PM liquibase.changelog
INFO: Custom SQL executed
Apr 08, 2026 10:31:52 PM liquibase.changelog
INFO: ChangeSet liquibase/2.3.x.x/new_tests.xml::405::rossumg ran successfully in 9ms
Running Changeset: liquibase/2.3.x.x/new_tests.xml::410::rossumg
Apr 08, 2026 10:31:52 PM liquibase.changelog
INFO: Custom SQL executed
Apr 08, 2026 10:31:52 PM liquibase.changelog
INFO: ChangeSet liquibase/2.3.x.x/new_tests.xml::410::rossumg ran successfully in 10ms
Running Changeset: liquibase/2.3.x.x/new_tests.xml::420::rossumg
Apr 08, 2026 10:31:52 PM liquibase.changelog
INFO: Custom SQL executed
Apr 08, 2026 10:31:52 PM liquibase.changelog
INFO: ChangeSet liquibase/2.3.x.x/new_tests.xml::420::rossumg ran successfully in 8ms
Running Changeset: liquibase/2.3.x.x/new_tests.xml::425::rossumg
Apr 08, 2026 10:31:52 PM liquibase.changelog
INFO: Custom SQL executed
Apr 08, 2026 10:31:52 PM liquibase.changelog
INFO: ChangeSet liquibase/2.3.x.x/new_tests.xml::425::rossumg ran successfully in 10ms
Running Changeset: liquibase/2.3.x.x/new_tests.xml::430::rossumg
Apr 08, 2026 10:31:52 PM liquibase.changelog
INFO: Custom SQL executed
Apr 08, 2026 10:31:52 PM liquibase.changelog
INFO: ChangeSet liquibase/2.3.x.x/new_tests.xml::430::rossumg ran successfully in 11ms
Running Changeset: liquibase/2.3.x.x/new_tests.xml::435::rossumg
Apr 08, 2026 10:31:52 PM liquibase.changelog
INFO: Custom SQL executed
Apr 08, 2026 10:31:52 PM liquibase.changelog
INFO: ChangeSet liquibase/2.3.x.x/new_tests.xml::435::rossumg ran successfully in 18ms
Running Changeset: liquibase/2.3.x.x/new_tests.xml::445::rossumg
Apr 08, 2026 10:31:52 PM liquibase.changelog
INFO: Custom SQL executed
Apr 08, 2026 10:31:52 PM liquibase.changelog
INFO: ChangeSet liquibase/2.3.x.x/new_tests.xml::445::rossumg ran successfully in 15ms
Running Changeset: liquibase/2.3.x.x/new_tests.xml::450::rossumg
Apr 08, 2026 10:31:52 PM liquibase.changelog
INFO: Custom SQL executed
Apr 08, 2026 10:31:52 PM liquibase.changelog
INFO: ChangeSet liquibase/2.3.x.x/new_tests.xml::450::rossumg ran successfully in 18ms
Running Changeset: liquibase/2.3.x.x/new_tests.xml::455::rossumg
Apr 08, 2026 10:31:52 PM liquibase.changelog
INFO: Custom SQL executed
Apr 08, 2026 10:31:52 PM liquibase.changelog
INFO: ChangeSet liquibase/2.3.x.x/new_tests.xml::455::rossumg ran successfully in 13ms
Running Changeset: liquibase/2.3.x.x/new_tests.xml::490::rossumg
Apr 08, 2026 10:31:52 PM liquibase.changelog
INFO: Custom SQL executed
Apr 08, 2026 10:31:52 PM liquibase.changelog
INFO: ChangeSet liquibase/2.3.x.x/new_tests.xml::490::rossumg ran successfully in 11ms
Running Changeset: liquibase/2.3.x.x/new_tests.xml::495::rossumg
Apr 08, 2026 10:31:52 PM liquibase.changelog
INFO: Custom SQL executed
Apr 08, 2026 10:31:52 PM liquibase.changelog
INFO: ChangeSet liquibase/2.3.x.x/new_tests.xml::495::rossumg ran successfully in 17ms
Running Changeset: liquibase/2.3.x.x/new_tests.xml::505::rossumg
Apr 08, 2026 10:31:52 PM liquibase.changelog
INFO: Custom SQL executed
Apr 08, 2026 10:31:52 PM liquibase.changelog
INFO: ChangeSet liquibase/2.3.x.x/new_tests.xml::505::rossumg ran successfully in 8ms
Running Changeset: liquibase/2.3.x.x/new_tests.xml::510::rossumg
Apr 08, 2026 10:31:52 PM liquibase.changelog
INFO: Custom SQL executed
Apr 08, 2026 10:31:52 PM liquibase.changelog
INFO: ChangeSet liquibase/2.3.x.x/new_tests.xml::510::rossumg ran successfully in 8ms
Running Changeset: liquibase/2.3.x.x/new_tests.xml::515::rossumg
Apr 08, 2026 10:31:52 PM liquibase.changelog
INFO: Custom SQL executed
Apr 08, 2026 10:31:52 PM liquibase.changelog
INFO: ChangeSet liquibase/2.3.x.x/new_tests.xml::515::rossumg ran successfully in 9ms
Running Changeset: liquibase/2.3.x.x/new_tests.xml::520::rossumg
Apr 08, 2026 10:31:52 PM liquibase.changelog
INFO: Custom SQL executed
Apr 08, 2026 10:31:52 PM liquibase.changelog
INFO: ChangeSet liquibase/2.3.x.x/new_tests.xml::520::rossumg ran successfully in 11ms
Running Changeset: liquibase/2.3.x.x/new_tests.xml::530::rossumg
Apr 08, 2026 10:31:52 PM liquibase.changelog
INFO: Custom SQL executed
Apr 08, 2026 10:31:52 PM liquibase.changelog
INFO: ChangeSet liquibase/2.3.x.x/new_tests.xml::530::rossumg ran successfully in 9ms
Running Changeset: liquibase/2.3.x.x/new_tests.xml::535::rossumg
Apr 08, 2026 10:31:52 PM liquibase.changelog
INFO: Custom SQL executed
Apr 08, 2026 10:31:52 PM liquibase.changelog
INFO: ChangeSet liquibase/2.3.x.x/new_tests.xml::535::rossumg ran successfully in 9ms
Running Changeset: liquibase/2.3.x.x/new_tests.xml::540::rossumg
Apr 08, 2026 10:31:52 PM liquibase.changelog
INFO: Custom SQL executed
Apr 08, 2026 10:31:52 PM liquibase.changelog
INFO: ChangeSet liquibase/2.3.x.x/new_tests.xml::540::rossumg ran successfully in 11ms
Running Changeset: liquibase/2.3.x.x/new_tests.xml::545::rossumg
Apr 08, 2026 10:31:52 PM liquibase.changelog
INFO: Custom SQL executed
Apr 08, 2026 10:31:52 PM liquibase.changelog
INFO: ChangeSet liquibase/2.3.x.x/new_tests.xml::545::rossumg ran successfully in 7ms
Running Changeset: liquibase/2.3.x.x/new_tests.xml::550::rossumg
Apr 08, 2026 10:31:52 PM liquibase.changelog
INFO: Custom SQL executed
Apr 08, 2026 10:31:52 PM liquibase.changelog
INFO: ChangeSet liquibase/2.3.x.x/new_tests.xml::550::rossumg ran successfully in 12ms
Running Changeset: liquibase/2.3.x.x/new_tests.xml::560::rossumg
Apr 08, 2026 10:31:53 PM liquibase.changelog
INFO: Custom SQL executed
Apr 08, 2026 10:31:53 PM liquibase.changelog
INFO: ChangeSet liquibase/2.3.x.x/new_tests.xml::560::rossumg ran successfully in 9ms
Running Changeset: liquibase/2.3.x.x/new_tests.xml::565::rossumg
Apr 08, 2026 10:31:53 PM liquibase.changelog
INFO: Custom SQL executed
Apr 08, 2026 10:31:53 PM liquibase.changelog
INFO: ChangeSet liquibase/2.3.x.x/new_tests.xml::565::rossumg ran successfully in 15ms
Running Changeset: liquibase/2.3.x.x/new_tests.xml::570::rossumg
Apr 08, 2026 10:31:53 PM liquibase.changelog
INFO: Custom SQL executed
Apr 08, 2026 10:31:53 PM liquibase.changelog
INFO: ChangeSet liquibase/2.3.x.x/new_tests.xml::570::rossumg ran successfully in 15ms
Running Changeset: liquibase/2.3.x.x/new_tests.xml::575::rossumg
Apr 08, 2026 10:31:53 PM liquibase.changelog
INFO: Custom SQL executed
Apr 08, 2026 10:31:53 PM liquibase.changelog
INFO: ChangeSet liquibase/2.3.x.x/new_tests.xml::575::rossumg ran successfully in 16ms
Running Changeset: liquibase/2.3.x.x/new_tests.xml::585::rossumg
Apr 08, 2026 10:31:53 PM liquibase.changelog
INFO: Custom SQL executed
Apr 08, 2026 10:31:53 PM liquibase.changelog
INFO: ChangeSet liquibase/2.3.x.x/new_tests.xml::585::rossumg ran successfully in 12ms
Running Changeset: liquibase/2.3.x.x/new_tests.xml::590::rossumg
Apr 08, 2026 10:31:53 PM liquibase.changelog
INFO: Custom SQL executed
Apr 08, 2026 10:31:53 PM liquibase.changelog
INFO: ChangeSet liquibase/2.3.x.x/new_tests.xml::590::rossumg ran successfully in 13ms
Running Changeset: liquibase/2.3.x.x/new_tests.xml::595::rossumg
Apr 08, 2026 10:31:53 PM liquibase.changelog
INFO: Custom SQL executed
Apr 08, 2026 10:31:53 PM liquibase.changelog
INFO: ChangeSet liquibase/2.3.x.x/new_tests.xml::595::rossumg ran successfully in 10ms
Running Changeset: liquibase/2.3.x.x/new_tests.xml::624::rossumg
Apr 08, 2026 10:31:53 PM liquibase.changelog
INFO: Custom SQL executed
Apr 08, 2026 10:31:53 PM liquibase.changelog
INFO: ChangeSet liquibase/2.3.x.x/new_tests.xml::624::rossumg ran successfully in 14ms
Running Changeset: liquibase/2.3.x.x/new_tests.xml::625::csteele
Apr 08, 2026 10:31:53 PM liquibase.changelog
INFO: Custom SQL executed
Apr 08, 2026 10:31:53 PM liquibase.changelog
INFO: ChangeSet liquibase/2.3.x.x/new_tests.xml::625::csteele ran successfully in 44ms
Running Changeset: liquibase/2.3.x.x/new_tests.xml::630::csteele
Apr 08, 2026 10:31:53 PM liquibase.changelog
INFO: Custom SQL executed
Apr 08, 2026 10:31:53 PM liquibase.changelog
INFO: ChangeSet liquibase/2.3.x.x/new_tests.xml::630::csteele ran successfully in 32ms
Running Changeset: liquibase/2.3.x.x/new_tests.xml::631::csteele
Apr 08, 2026 10:31:53 PM liquibase.changelog
INFO: Custom SQL executed
Apr 08, 2026 10:31:53 PM liquibase.changelog
INFO: ChangeSet liquibase/2.3.x.x/new_tests.xml::631::csteele ran successfully in 29ms
Running Changeset: liquibase/2.3.x.x/new_tests.xml::635::csteele
Apr 08, 2026 10:31:53 PM liquibase.changelog
INFO: Custom SQL executed
Apr 08, 2026 10:31:53 PM liquibase.changelog
INFO: ChangeSet liquibase/2.3.x.x/new_tests.xml::635::csteele ran successfully in 15ms
Running Changeset: liquibase/2.3.x.x/new_tests.xml::640::csteele
Apr 08, 2026 10:31:53 PM liquibase.changelog
INFO: Custom SQL executed
Apr 08, 2026 10:31:53 PM liquibase.changelog
INFO: ChangeSet liquibase/2.3.x.x/new_tests.xml::640::csteele ran successfully in 15ms
Running Changeset: liquibase/2.3.x.x/new_tests.xml::645::csteele
Apr 08, 2026 10:31:53 PM liquibase.changelog
INFO: Custom SQL executed
Apr 08, 2026 10:31:53 PM liquibase.changelog
INFO: ChangeSet liquibase/2.3.x.x/new_tests.xml::645::csteele ran successfully in 14ms
Running Changeset: liquibase/2.3.x.x/new_tests.xml::650::csteele
Apr 08, 2026 10:31:53 PM liquibase.changelog
INFO: Custom SQL executed
Apr 08, 2026 10:31:53 PM liquibase.changelog
INFO: ChangeSet liquibase/2.3.x.x/new_tests.xml::650::csteele ran successfully in 13ms
Running Changeset: liquibase/2.3.x.x/new_tests.xml::655::csteele
Apr 08, 2026 10:31:53 PM liquibase.changelog
INFO: Custom SQL executed
Apr 08, 2026 10:31:53 PM liquibase.changelog
INFO: ChangeSet liquibase/2.3.x.x/new_tests.xml::655::csteele ran successfully in 8ms
Running Changeset: liquibase/2.3.x.x/new_tests.xml::660::csteele
Apr 08, 2026 10:31:53 PM liquibase.changelog
INFO: Custom SQL executed
Apr 08, 2026 10:31:53 PM liquibase.changelog
INFO: ChangeSet liquibase/2.3.x.x/new_tests.xml::660::csteele ran successfully in 8ms
Running Changeset: liquibase/2.3.x.x/new_tests.xml::665::csteele
Apr 08, 2026 10:31:53 PM liquibase.changelog
INFO: Custom SQL executed
Apr 08, 2026 10:31:53 PM liquibase.changelog
INFO: ChangeSet liquibase/2.3.x.x/new_tests.xml::665::csteele ran successfully in 8ms
Running Changeset: liquibase/2.3.x.x/new_tests.xml::670::csteele
Apr 08, 2026 10:31:53 PM liquibase.changelog
INFO: Custom SQL executed
Apr 08, 2026 10:31:53 PM liquibase.changelog
INFO: ChangeSet liquibase/2.3.x.x/new_tests.xml::670::csteele ran successfully in 8ms
Running Changeset: liquibase/2.3.x.x/new_tests.xml::675::csteele
Apr 08, 2026 10:31:53 PM liquibase.changelog
INFO: Custom SQL executed
Apr 08, 2026 10:31:53 PM liquibase.changelog
INFO: ChangeSet liquibase/2.3.x.x/new_tests.xml::675::csteele ran successfully in 8ms
Running Changeset: liquibase/2.3.x.x/new_tests.xml::680::csteele
Apr 08, 2026 10:31:53 PM liquibase.changelog
INFO: Custom SQL executed
Apr 08, 2026 10:31:53 PM liquibase.changelog
INFO: ChangeSet liquibase/2.3.x.x/new_tests.xml::680::csteele ran successfully in 7ms
Running Changeset: liquibase/2.3.x.x/new_tests.xml::685::csteele
Apr 08, 2026 10:31:53 PM liquibase.changelog
INFO: Custom SQL executed
Apr 08, 2026 10:31:53 PM liquibase.changelog
INFO: ChangeSet liquibase/2.3.x.x/new_tests.xml::685::csteele ran successfully in 8ms
Running Changeset: liquibase/2.3.x.x/accession_validation.xml::1::csteele
Apr 08, 2026 10:31:53 PM liquibase.changelog
INFO: New row inserted into system_module
Apr 08, 2026 10:31:53 PM liquibase.changelog
INFO: New row inserted into system_role_module
Apr 08, 2026 10:31:53 PM liquibase.changelog
INFO: New row inserted into system_module_url
Apr 08, 2026 10:31:53 PM liquibase.changelog
INFO: ChangeSet liquibase/2.3.x.x/accession_validation.xml::1::csteele ran successfully in 16ms
Running Changeset: liquibase/2.3.x.x/accession_validation.xml::2::csteele
Apr 08, 2026 10:31:53 PM liquibase.changelog
INFO: Custom SQL executed
Apr 08, 2026 10:31:53 PM liquibase.changelog
INFO: ChangeSet liquibase/2.3.x.x/accession_validation.xml::2::csteele ran successfully in 12ms
Running Changeset: liquibase/2.3.x.x/uuid_columns.xml::1::csteele
Apr 08, 2026 10:31:53 PM liquibase.changelog
INFO: Columns fhir_uuid(uuid) added to analysis
Apr 08, 2026 10:31:53 PM liquibase.changelog
INFO: Columns fhir_uuid(uuid) added to result
Apr 08, 2026 10:31:53 PM liquibase.changelog
INFO: Columns fhir_uuid(uuid) added to sample_item
Apr 08, 2026 10:31:53 PM liquibase.changelog
INFO: Columns fhir_uuid(uuid) added to organization
Apr 08, 2026 10:31:53 PM liquibase.changelog
INFO: Columns fhir_uuid(uuid) added to patient
Apr 08, 2026 10:31:53 PM liquibase.changelog
INFO: Columns fhir_uuid(uuid) added to sample
Apr 08, 2026 10:31:53 PM liquibase.changelog
INFO: ChangeSet liquibase/2.3.x.x/uuid_columns.xml::1::csteele ran successfully in 39ms
Running Changeset: liquibase/2.3.x.x/uuid_columns.xml::3::csteele
Apr 08, 2026 10:31:53 PM liquibase.changelog
INFO: Columns type(VARCHAR(255)) added to electronic_order
Apr 08, 2026 10:31:53 PM liquibase.changelog
INFO: ChangeSet liquibase/2.3.x.x/uuid_columns.xml::3::csteele ran successfully in 10ms
Running Changeset: liquibase/2.3.x.x/uuid_columns.xml::4::csteele
Apr 08, 2026 10:31:53 PM liquibase.changelog
INFO: Columns fhir_uuid(uuid) added to provider
Apr 08, 2026 10:31:53 PM liquibase.changelog
INFO: Index provider_fhir_uuid_index created
Apr 08, 2026 10:31:53 PM liquibase.changelog
INFO: Columns fhir_uuid(uuid) added to referral
Apr 08, 2026 10:31:53 PM liquibase.changelog
INFO: Index referral_fhir_uuid_index created
Apr 08, 2026 10:31:53 PM liquibase.changelog
INFO: ChangeSet liquibase/2.3.x.x/uuid_columns.xml::4::csteele ran successfully in 26ms
Running Changeset: liquibase/2.3.x.x/accession_validation_range.xml::1::rossumg
Apr 08, 2026 10:31:53 PM liquibase.changelog
INFO: Custom SQL executed
Apr 08, 2026 10:31:53 PM liquibase.changelog
INFO: ChangeSet liquibase/2.3.x.x/accession_validation_range.xml::1::rossumg ran successfully in 9ms
Running Changeset: liquibase/2.3.x.x/accession_validation_range_access.xml::1::rossumg
Apr 08, 2026 10:31:53 PM liquibase.changelog
INFO: New row inserted into system_module_url
Apr 08, 2026 10:31:53 PM liquibase.changelog
INFO: ChangeSet liquibase/2.3.x.x/accession_validation_range_access.xml::1::rossumg ran successfully in 11ms
Running Changeset: liquibase/2.3.x.x/accession_sequencing.xml::10::csteele
Apr 08, 2026 10:31:53 PM liquibase.changelog
INFO: Table accession_number_info created
Apr 08, 2026 10:31:53 PM liquibase.changelog
INFO: ChangeSet liquibase/2.3.x.x/accession_sequencing.xml::10::csteele ran successfully in 153ms
Running Changeset: liquibase/2.3.x.x/referral_results.xml::1::csteele
Apr 08, 2026 10:31:53 PM liquibase.changelog
INFO: Columns status(VARCHAR(255)) added to referral
Apr 08, 2026 10:31:53 PM liquibase.changelog
INFO: Data updated in referral
Apr 08, 2026 10:31:53 PM liquibase.changelog
INFO: Data updated in referral
Apr 08, 2026 10:31:53 PM liquibase.changelog
INFO: Data updated in referral
Apr 08, 2026 10:31:53 PM liquibase.changelog
INFO: ChangeSet liquibase/2.3.x.x/referral_results.xml::1::csteele ran successfully in 39ms
Running Changeset: liquibase/2.3.x.x/in_lab_tests.xml::1::csteele
Apr 08, 2026 10:31:53 PM liquibase.changelog
INFO: Columns in_lab_only(boolean) added to test
Apr 08, 2026 10:31:53 PM liquibase.changelog
INFO: ChangeSet liquibase/2.3.x.x/in_lab_tests.xml::1::csteele ran successfully in 19ms
Running Changeset: liquibase/2.3.x.x/results_range.xml::1::csteele
Apr 08, 2026 10:31:54 PM liquibase.changelog
INFO: New row inserted into system_module
Apr 08, 2026 10:31:54 PM liquibase.changelog
INFO: New row inserted into system_role_module
Apr 08, 2026 10:31:54 PM liquibase.changelog
INFO: New row inserted into system_role_module
Apr 08, 2026 10:31:54 PM liquibase.changelog
INFO: New row inserted into system_role_module
Apr 08, 2026 10:31:54 PM liquibase.changelog
INFO: New row inserted into system_module_url
Apr 08, 2026 10:31:54 PM liquibase.changelog
INFO: ChangeSet liquibase/2.3.x.x/results_range.xml::1::csteele ran successfully in 36ms
Running Changeset: liquibase/2.3.x.x/results_range.xml::2::csteele
Apr 08, 2026 10:31:54 PM liquibase.changelog
INFO: Custom SQL executed
Apr 08, 2026 10:31:54 PM liquibase.changelog
INFO: ChangeSet liquibase/2.3.x.x/results_range.xml::2::csteele ran successfully in 16ms
Running Changeset: liquibase/2.4.x.x/remove_roles.xml::1::csteele
Apr 08, 2026 10:31:54 PM liquibase.changelog
INFO: Data deleted from system_role
Apr 08, 2026 10:31:54 PM liquibase.changelog
INFO: ChangeSet liquibase/2.4.x.x/remove_roles.xml::1::csteele ran successfully in 9ms
Running Changeset: liquibase/2.5.x.x/barcode_additional_info.xml::1::csteele
Apr 08, 2026 10:31:54 PM liquibase.changelog
INFO: Data updated in site_information
Apr 08, 2026 10:31:54 PM liquibase.changelog
INFO: Data updated in site_information
Apr 08, 2026 10:31:54 PM liquibase.changelog
INFO: Data updated in site_information
Apr 08, 2026 10:31:54 PM liquibase.changelog
INFO: New row inserted into site_information
Apr 08, 2026 10:31:54 PM liquibase.changelog
INFO: New row inserted into site_information
Apr 08, 2026 10:31:54 PM liquibase.changelog
INFO: New row inserted into site_information
Apr 08, 2026 10:31:54 PM liquibase.changelog
INFO: ChangeSet liquibase/2.5.x.x/barcode_additional_info.xml::1::csteele ran successfully in 28ms
Running Changeset: liquibase/2.6.x.x/fix_sequences.xml::1::csteele
Apr 08, 2026 10:31:54 PM liquibase.changelog
INFO: Custom SQL executed
Apr 08, 2026 10:31:54 PM liquibase.changelog
INFO: ChangeSet liquibase/2.6.x.x/fix_sequences.xml::1::csteele ran successfully in 505ms
Running Changeset: liquibase/2.6.x.x/remove_do_suffix.xml::1::csteele
Apr 08, 2026 10:31:54 PM liquibase.changelog
INFO: Custom SQL executed
Apr 08, 2026 10:31:54 PM liquibase.changelog
INFO: ChangeSet liquibase/2.6.x.x/remove_do_suffix.xml::1::csteele ran successfully in 9ms
Running Changeset: liquibase/2.6.x.x/eorder_search_enhancements.xml::1::csteele
Apr 08, 2026 10:31:54 PM liquibase.changelog
INFO: Custom SQL executed
Apr 08, 2026 10:31:54 PM liquibase.changelog
INFO: ChangeSet liquibase/2.6.x.x/eorder_search_enhancements.xml::1::csteele ran successfully in 33ms
Running Changeset: liquibase/2.6.x.x/update_roles.xml::1::moses_mutesa
Apr 08, 2026 10:31:54 PM liquibase.changelog
INFO: New row inserted into system_role
Apr 08, 2026 10:31:54 PM liquibase.changelog
INFO: New row inserted into system_role
Apr 08, 2026 10:31:54 PM liquibase.changelog
INFO: Data updated in system_role
Apr 08, 2026 10:31:54 PM liquibase.changelog
INFO: Data updated in system_role
Apr 08, 2026 10:31:54 PM liquibase.changelog
INFO: Data updated in system_role
Apr 08, 2026 10:31:54 PM liquibase.changelog
INFO: Data updated in system_role
Apr 08, 2026 10:31:54 PM liquibase.changelog
INFO: Data updated in system_role
Apr 08, 2026 10:31:54 PM liquibase.changelog
INFO: Data updated in system_role
Apr 08, 2026 10:31:54 PM liquibase.changelog
INFO: Data updated in system_role
Apr 08, 2026 10:31:54 PM liquibase.changelog
INFO: Data updated in system_role
Apr 08, 2026 10:31:54 PM liquibase.changelog
INFO: Data updated in system_role
Apr 08, 2026 10:31:54 PM liquibase.changelog
INFO: Data updated in system_role
Apr 08, 2026 10:31:54 PM liquibase.changelog
INFO: Data updated in system_role
Apr 08, 2026 10:31:54 PM liquibase.changelog
INFO: Data updated in system_role
Apr 08, 2026 10:31:54 PM liquibase.changelog
INFO: ChangeSet liquibase/2.6.x.x/update_roles.xml::1::moses_mutesa ran successfully in 102ms
Running Changeset: liquibase/2.6.x.x/update_roles.xml::2::moses_mutesa
Apr 08, 2026 10:31:54 PM liquibase.changelog
INFO: Data updated in system_role
Apr 08, 2026 10:31:54 PM liquibase.changelog
INFO: ChangeSet liquibase/2.6.x.x/update_roles.xml::2::moses_mutesa ran successfully in 22ms
Running Changeset: liquibase/2.6.x.x/update_roles.xml::202303248::CIV Developer Group
Apr 08, 2026 10:31:54 PM liquibase.changelog
INFO: Continuing past: liquibase/2.6.x.x/update_roles.xml::202303248::CIV Developer Group despite precondition failure due to onFail='CONTINUE': 
          liquibase/base-changelog.xml : SQL Precondition failed.  Expected '0' got '1'

Running Changeset: liquibase/2.6.x.x/add_lab_roles_map_table.xml::1::mosesmutesa
Apr 08, 2026 10:31:55 PM liquibase.changelog
INFO: Table user_lab_unit_roles created
Apr 08, 2026 10:31:55 PM liquibase.changelog
INFO: Foreign key constraint added to user_lab_unit_roles (system_user_id)
Apr 08, 2026 10:31:55 PM liquibase.changelog
INFO: ChangeSet liquibase/2.6.x.x/add_lab_roles_map_table.xml::1::mosesmutesa ran successfully in 175ms
Running Changeset: liquibase/2.6.x.x/add_lab_roles_map_table.xml::2::mosesmutesa
Apr 08, 2026 10:31:55 PM liquibase.changelog
INFO: Table lab_unit_role_map created
Apr 08, 2026 10:31:55 PM liquibase.changelog
INFO: ChangeSet liquibase/2.6.x.x/add_lab_roles_map_table.xml::2::mosesmutesa ran successfully in 160ms
Running Changeset: liquibase/2.6.x.x/add_lab_roles_map_table.xml::3::mosesmutesa
Apr 08, 2026 10:31:55 PM liquibase.changelog
INFO: Table lab_roles created
Apr 08, 2026 10:31:55 PM liquibase.changelog
INFO: Foreign key constraint added to lab_roles (lab_unit_role_map_id)
Apr 08, 2026 10:31:55 PM liquibase.changelog
INFO: ChangeSet liquibase/2.6.x.x/add_lab_roles_map_table.xml::3::mosesmutesa ran successfully in 162ms
Running Changeset: liquibase/2.6.x.x/add_lab_roles_map_table.xml::4::mosesmutesa
Apr 08, 2026 10:31:55 PM liquibase.changelog
INFO: Table lab_unit_roles created
Apr 08, 2026 10:31:55 PM liquibase.changelog
INFO: Foreign key constraint added to lab_unit_roles (system_user_id)
Apr 08, 2026 10:31:55 PM liquibase.changelog
INFO: Foreign key constraint added to lab_unit_roles (lab_unit_role_map_id)
Apr 08, 2026 10:31:55 PM liquibase.changelog
INFO: ChangeSet liquibase/2.6.x.x/add_lab_roles_map_table.xml::4::mosesmutesa ran successfully in 219ms
Running Changeset: liquibase/2.6.x.x/add_lab_roles_map_table.xml::2312131::CIV developer Group
Apr 08, 2026 10:31:55 PM liquibase.changelog
INFO: Custom SQL executed
Apr 08, 2026 10:31:55 PM liquibase.changelog
INFO: ChangeSet liquibase/2.6.x.x/add_lab_roles_map_table.xml::2312131::CIV developer Group ran successfully in 33ms
Running Changeset: liquibase/2.6.x.x/reporting_range.xml::1::cliff
Apr 08, 2026 10:31:55 PM liquibase.changelog
INFO: Marking ChangeSet: liquibase/2.6.x.x/reporting_range.xml::1::cliff ran despite precondition failure due to onFail='MARK_RAN': 
          liquibase/base-changelog.xml : Not precondition failed

Running Changeset: liquibase/2.6.x.x/reporting_range.xml::2::cliff
Apr 08, 2026 10:31:55 PM liquibase.changelog
INFO: Marking ChangeSet: liquibase/2.6.x.x/reporting_range.xml::2::cliff ran despite precondition failure due to onFail='MARK_RAN': 
          liquibase/base-changelog.xml : Not precondition failed

Running Changeset: liquibase/2.6.x.x/update_global_admin_role.xml::1::moses_mutesa
Apr 08, 2026 10:31:55 PM liquibase.changelog
INFO: New row inserted into system_role_module
Apr 08, 2026 10:31:55 PM liquibase.changelog
INFO: New row inserted into system_role_module
Apr 08, 2026 10:31:55 PM liquibase.changelog
INFO: New row inserted into system_role_module
Apr 08, 2026 10:31:55 PM liquibase.changelog
INFO: New row inserted into system_role_module
Apr 08, 2026 10:31:55 PM liquibase.changelog
INFO: New row inserted into system_role_module
Apr 08, 2026 10:31:55 PM liquibase.changelog
INFO: New row inserted into system_role_module
Apr 08, 2026 10:31:55 PM liquibase.changelog
INFO: New row inserted into system_role_module
Apr 08, 2026 10:31:55 PM liquibase.changelog
INFO: New row inserted into system_role_module
Apr 08, 2026 10:31:55 PM liquibase.changelog
INFO: New row inserted into system_role_module
Apr 08, 2026 10:31:55 PM liquibase.changelog
INFO: New row inserted into system_role_module
Apr 08, 2026 10:31:55 PM liquibase.changelog
INFO: New row inserted into system_role_module
Apr 08, 2026 10:31:55 PM liquibase.changelog
INFO: New row inserted into system_role_module
Apr 08, 2026 10:31:55 PM liquibase.changelog
INFO: New row inserted into system_role_module
Apr 08, 2026 10:31:55 PM liquibase.changelog
INFO: New row inserted into system_role_module
Apr 08, 2026 10:31:55 PM liquibase.changelog
INFO: New row inserted into system_role_module
Apr 08, 2026 10:31:55 PM liquibase.changelog
INFO: New row inserted into system_role_module
Apr 08, 2026 10:31:55 PM liquibase.changelog
INFO: New row inserted into system_role_module
Apr 08, 2026 10:31:55 PM liquibase.changelog
INFO: ChangeSet liquibase/2.6.x.x/update_global_admin_role.xml::1::moses_mutesa ran successfully in 111ms
Running Changeset: liquibase/2.6.x.x/add_user_filter_permision.xml::1::moses_mutesa
Apr 08, 2026 10:31:55 PM liquibase.changelog
INFO: New row inserted into system_role_module
Apr 08, 2026 10:31:55 PM liquibase.changelog
INFO: New row inserted into system_module_url
Apr 08, 2026 10:31:55 PM liquibase.changelog
INFO: ChangeSet liquibase/2.6.x.x/add_user_filter_permision.xml::1::moses_mutesa ran successfully in 18ms
Running Changeset: liquibase/2.6.x.x/address_line.xml::1::cliff
Apr 08, 2026 10:31:55 PM liquibase.changelog
INFO: New row inserted into site_information
Apr 08, 2026 10:31:55 PM liquibase.changelog
INFO: New row inserted into site_information
Apr 08, 2026 10:31:55 PM liquibase.changelog
INFO: New row inserted into site_information
Apr 08, 2026 10:31:55 PM liquibase.changelog
INFO: ChangeSet liquibase/2.6.x.x/address_line.xml::1::cliff ran successfully in 19ms
Running Changeset: liquibase/2.6.x.x/geographical_unit.xml::1::cliff
Apr 08, 2026 10:31:55 PM liquibase.changelog
INFO: New row inserted into site_information
Apr 08, 2026 10:31:55 PM liquibase.changelog
INFO: New row inserted into site_information
Apr 08, 2026 10:31:55 PM liquibase.changelog
INFO: ChangeSet liquibase/2.6.x.x/geographical_unit.xml::1::cliff ran successfully in 13ms
Running Changeset: liquibase/2.6.x.x/geographical_unit.xml::2::cliff
Apr 08, 2026 10:31:55 PM liquibase.changelog
INFO: New row inserted into site_information
Apr 08, 2026 10:31:55 PM liquibase.changelog
INFO: ChangeSet liquibase/2.6.x.x/geographical_unit.xml::2::cliff ran successfully in 9ms
Running Changeset: liquibase/2.6.x.x/localization.xml::1::cliff
Apr 08, 2026 10:31:56 PM liquibase.changelog
INFO: New row inserted into localization
Apr 08, 2026 10:31:56 PM liquibase.changelog
INFO: New row inserted into localization
Apr 08, 2026 10:31:56 PM liquibase.changelog
INFO: New row inserted into localization
Apr 08, 2026 10:31:56 PM liquibase.changelog
INFO: New row inserted into localization
Apr 08, 2026 10:31:56 PM liquibase.changelog
INFO: New row inserted into localization
Apr 08, 2026 10:31:56 PM liquibase.changelog
INFO: New row inserted into localization
Apr 08, 2026 10:31:56 PM liquibase.changelog
INFO: New row inserted into localization
Apr 08, 2026 10:31:56 PM liquibase.changelog
INFO: New row inserted into localization
Apr 08, 2026 10:31:56 PM liquibase.changelog
INFO: New row inserted into localization
Apr 08, 2026 10:31:56 PM liquibase.changelog
INFO: New row inserted into localization
Apr 08, 2026 10:31:56 PM liquibase.changelog
INFO: New row inserted into localization
Apr 08, 2026 10:31:56 PM liquibase.changelog
INFO: New row inserted into localization
Apr 08, 2026 10:31:56 PM liquibase.changelog
INFO: New row inserted into localization
Apr 08, 2026 10:31:56 PM liquibase.changelog
INFO: ChangeSet liquibase/2.6.x.x/localization.xml::1::cliff ran successfully in 109ms
Running Changeset: liquibase/2.6.x.x/method.xml::1::cliff
Apr 08, 2026 10:31:56 PM liquibase.changelog
INFO: Data deleted from method
Apr 08, 2026 10:31:56 PM liquibase.changelog
INFO: ChangeSet liquibase/2.6.x.x/method.xml::1::cliff ran successfully in 37ms
Running Changeset: liquibase/2.6.x.x/method.xml::2::cliff
Apr 08, 2026 10:31:56 PM liquibase.changelog
INFO: Columns name_localization_id(NUMERIC(10)) added to method
Apr 08, 2026 10:31:56 PM liquibase.changelog
INFO: ChangeSet liquibase/2.6.x.x/method.xml::2::cliff ran successfully in 13ms
Running Changeset: liquibase/2.6.x.x/method.xml::3::cliff
Apr 08, 2026 10:31:56 PM liquibase.changelog
INFO: New row inserted into method
Apr 08, 2026 10:31:56 PM liquibase.changelog
INFO: New row inserted into method
Apr 08, 2026 10:31:56 PM liquibase.changelog
INFO: New row inserted into method
Apr 08, 2026 10:31:56 PM liquibase.changelog
INFO: New row inserted into method
Apr 08, 2026 10:31:56 PM liquibase.changelog
INFO: New row inserted into method
Apr 08, 2026 10:31:56 PM liquibase.changelog
INFO: New row inserted into method
Apr 08, 2026 10:31:56 PM liquibase.changelog
INFO: New row inserted into method
Apr 08, 2026 10:31:56 PM liquibase.changelog
INFO: New row inserted into method
Apr 08, 2026 10:31:56 PM liquibase.changelog
INFO: New row inserted into method
Apr 08, 2026 10:31:56 PM liquibase.changelog
INFO: New row inserted into method
Apr 08, 2026 10:31:56 PM liquibase.changelog
INFO: New row inserted into method
Apr 08, 2026 10:31:56 PM liquibase.changelog
INFO: New row inserted into method
Apr 08, 2026 10:31:56 PM liquibase.changelog
INFO: New row inserted into method
Apr 08, 2026 10:31:56 PM liquibase.changelog
INFO: ChangeSet liquibase/2.6.x.x/method.xml::3::cliff ran successfully in 85ms
Running Changeset: liquibase/2.6.x.x/add_order_priority.xml::1::moses_mutesa
Apr 08, 2026 10:31:56 PM liquibase.changelog
INFO: Columns order_priority(VARCHAR(255)) added to sample
Apr 08, 2026 10:31:56 PM liquibase.changelog
INFO: ChangeSet liquibase/2.6.x.x/add_order_priority.xml::1::moses_mutesa ran successfully in 17ms
Running Changeset: liquibase/2.6.x.x/add_order_priority.xml::2::moses_mutesa
Apr 08, 2026 10:31:56 PM liquibase.changelog
INFO: Columns order_priority(VARCHAR(255)) added to electronic_order
Apr 08, 2026 10:31:56 PM liquibase.changelog
INFO: ChangeSet liquibase/2.6.x.x/add_order_priority.xml::2::moses_mutesa ran successfully in 14ms
Running Changeset: liquibase/2.6.x.x/add_order_priority.xml::3::moses_mutesa
Apr 08, 2026 10:31:56 PM liquibase.changelog
INFO: New row inserted into menu
Apr 08, 2026 10:31:56 PM liquibase.changelog
INFO: ChangeSet liquibase/2.6.x.x/add_order_priority.xml::3::moses_mutesa ran successfully in 14ms
Running Changeset: liquibase/2.6.x.x/add_order_priority.xml::4::moses_mutesa
Apr 08, 2026 10:31:56 PM liquibase.changelog
INFO: New row inserted into system_module_url
Apr 08, 2026 10:31:56 PM liquibase.changelog
INFO: ChangeSet liquibase/2.6.x.x/add_order_priority.xml::4::moses_mutesa ran successfully in 15ms
Running Changeset: liquibase/2.6.x.x/add_order_priority.xml::5::moses_mutesa
Apr 08, 2026 10:31:56 PM liquibase.changelog
INFO: Data updated in menu
Apr 08, 2026 10:31:56 PM liquibase.changelog
INFO: ChangeSet liquibase/2.6.x.x/add_order_priority.xml::5::moses_mutesa ran successfully in 11ms
Running Changeset: liquibase/2.6.x.x/provider.xml::1::ctsteele
Apr 08, 2026 10:31:56 PM liquibase.changelog
INFO: Columns active(boolean) added to provider
Apr 08, 2026 10:31:56 PM liquibase.changelog
INFO: ChangeSet liquibase/2.6.x.x/provider.xml::1::ctsteele ran successfully in 13ms
Running Changeset: liquibase/2.6.x.x/provider.xml::2::csteele
Apr 08, 2026 10:31:56 PM liquibase.changelog
INFO: New row inserted into site_information
Apr 08, 2026 10:31:56 PM liquibase.changelog
INFO: ChangeSet liquibase/2.6.x.x/provider.xml::2::csteele ran successfully in 9ms
Running Changeset: liquibase/2.6.x.x/update_non_conformity_roles.xml::1::moses_mutesa
Apr 08, 2026 10:31:56 PM liquibase.changelog
INFO: New row inserted into system_role_module
Apr 08, 2026 10:31:56 PM liquibase.changelog
INFO: New row inserted into system_module_url
Apr 08, 2026 10:31:56 PM liquibase.changelog
INFO: New row inserted into system_module_url
Apr 08, 2026 10:31:56 PM liquibase.changelog
INFO: New row inserted into system_module_url
Apr 08, 2026 10:31:56 PM liquibase.changelog
INFO: ChangeSet liquibase/2.6.x.x/update_non_conformity_roles.xml::1::moses_mutesa ran successfully in 27ms
Running Changeset: liquibase/2.6.x.x/statistics_report.xml::1::moses_mutesa
Apr 08, 2026 10:31:56 PM liquibase.changelog
INFO: New row inserted into menu
Apr 08, 2026 10:31:56 PM liquibase.changelog
INFO: ChangeSet liquibase/2.6.x.x/statistics_report.xml::1::moses_mutesa ran successfully in 12ms
Running Changeset: liquibase/2.6.x.x/add_menu_study_electronic_order.xml::202208291::CIV developer Group
Apr 08, 2026 10:31:56 PM liquibase.changelog
INFO: New row inserted into menu
Apr 08, 2026 10:31:56 PM liquibase.changelog
INFO: ChangeSet liquibase/2.6.x.x/add_menu_study_electronic_order.xml::202208291::CIV developer Group ran successfully in 12ms
Running Changeset: liquibase/2.6.x.x/add_menu_study_electronic_order.xml::202208292::CIV developer Group
Apr 08, 2026 10:31:56 PM liquibase.changelog
INFO: New row inserted into system_module
Apr 08, 2026 10:31:56 PM liquibase.changelog
INFO: ChangeSet liquibase/2.6.x.x/add_menu_study_electronic_order.xml::202208292::CIV developer Group ran successfully in 16ms
Running Changeset: liquibase/2.6.x.x/add_menu_study_electronic_order.xml::202208293::CIV developer Group
Apr 08, 2026 10:31:56 PM liquibase.changelog
INFO: New row inserted into system_module_url
Apr 08, 2026 10:31:56 PM liquibase.changelog
INFO: New row inserted into system_role_module
Apr 08, 2026 10:31:56 PM liquibase.changelog
INFO: ChangeSet liquibase/2.6.x.x/add_menu_study_electronic_order.xml::202208293::CIV developer Group ran successfully in 19ms
Running Changeset: liquibase/2.6.x.x/disable_menu_reports_export_valid.xml::202208311::CIV developer Group
Apr 08, 2026 10:31:56 PM liquibase.changelog
INFO: Data updated in menu
Apr 08, 2026 10:31:56 PM liquibase.changelog
INFO: ChangeSet liquibase/2.6.x.x/disable_menu_reports_export_valid.xml::202208311::CIV developer Group ran successfully in 12ms
Running Changeset: liquibase/2.7.x.x/add_dept_org_type.xml::1::moses_mutesa
Apr 08, 2026 10:31:56 PM liquibase.changelog
INFO: New row inserted into organization_type
Apr 08, 2026 10:31:56 PM liquibase.changelog
INFO: ChangeSet liquibase/2.7.x.x/add_dept_org_type.xml::1::moses_mutesa ran successfully in 13ms
Running Changeset: liquibase/2.7.x.x/add_analyser_import_role.xml::1::moses_mutesa
Apr 08, 2026 10:31:56 PM liquibase.changelog
INFO: New row inserted into system_role
Apr 08, 2026 10:31:56 PM liquibase.changelog
INFO: New row inserted into system_role_module
Apr 08, 2026 10:31:56 PM liquibase.changelog
INFO: New row inserted into system_module_url
Apr 08, 2026 10:31:56 PM liquibase.changelog
INFO: ChangeSet liquibase/2.7.x.x/add_analyser_import_role.xml::1::moses_mutesa ran successfully in 26ms
Running Changeset: liquibase/2.7.x.x/add_analyser_import_role.xml::202303181::CIV developer Group
Apr 08, 2026 10:31:56 PM liquibase.changelog
INFO: New row inserted into system_module_url
Apr 08, 2026 10:31:56 PM liquibase.changelog
INFO: ChangeSet liquibase/2.7.x.x/add_analyser_import_role.xml::202303181::CIV developer Group ran successfully in 16ms
Running Changeset: liquibase/2.7.x.x/add_validation_by_date.xml::1::moses_mutesa
Apr 08, 2026 10:31:56 PM liquibase.changelog
INFO: New row inserted into menu
Apr 08, 2026 10:31:56 PM liquibase.changelog
INFO: ChangeSet liquibase/2.7.x.x/add_validation_by_date.xml::1::moses_mutesa ran successfully in 17ms
Running Changeset: liquibase/2.7.x.x/add_validation_by_date.xml::2::moses_mutesa
Apr 08, 2026 10:31:56 PM liquibase.changelog
INFO: New row inserted into system_module_url
Apr 08, 2026 10:31:56 PM liquibase.changelog
INFO: ChangeSet liquibase/2.7.x.x/add_validation_by_date.xml::2::moses_mutesa ran successfully in 11ms
Running Changeset: liquibase/2.7.x.x/support_reject_sample.xml::1::moses_mutesa
Apr 08, 2026 10:31:56 PM liquibase.changelog
INFO: Columns rejected(boolean) added to sample_item
Apr 08, 2026 10:31:56 PM liquibase.changelog
INFO: Columns reject_reason_id(NUMERIC(10)) added to sample_item
Apr 08, 2026 10:31:56 PM liquibase.changelog
INFO: ChangeSet liquibase/2.7.x.x/support_reject_sample.xml::1::moses_mutesa ran successfully in 25ms
Running Changeset: liquibase/2.7.x.x/support_reject_sample.xml::2::moses_mutesa
Apr 08, 2026 10:31:56 PM liquibase.changelog
INFO: New row inserted into status_of_sample
Apr 08, 2026 10:31:56 PM liquibase.changelog
INFO: New row inserted into status_of_sample
Apr 08, 2026 10:31:56 PM liquibase.changelog
INFO: ChangeSet liquibase/2.7.x.x/support_reject_sample.xml::2::moses_mutesa ran successfully in 18ms
Running Changeset: liquibase/2.7.x.x/support_reject_sample.xml::3::moses_mutesa
Apr 08, 2026 10:31:56 PM liquibase.changelog
INFO: New row inserted into menu
Apr 08, 2026 10:31:56 PM liquibase.changelog
INFO: ChangeSet liquibase/2.7.x.x/support_reject_sample.xml::3::moses_mutesa ran successfully in 11ms
Running Changeset: liquibase/2.7.x.x/support_reject_sample.xml::4::moses_mutesa
Apr 08, 2026 10:31:56 PM liquibase.changelog
INFO: Data updated in dictionary
Apr 08, 2026 10:31:56 PM liquibase.changelog
INFO: ChangeSet liquibase/2.7.x.x/support_reject_sample.xml::4::moses_mutesa ran successfully in 12ms
Running Changeset: liquibase/2.7.x.x/site_information.xml::1::csteele
Apr 08, 2026 10:31:56 PM liquibase.changelog
INFO: New row inserted into site_information
Apr 08, 2026 10:31:56 PM liquibase.changelog
INFO: ChangeSet liquibase/2.7.x.x/site_information.xml::1::csteele ran successfully in 8ms
Running Changeset: liquibase/2.7.x.x/site_information.xml::2::cliff
Apr 08, 2026 10:31:56 PM liquibase.changelog
INFO: New row inserted into site_information
Apr 08, 2026 10:31:56 PM liquibase.changelog
INFO: ChangeSet liquibase/2.7.x.x/site_information.xml::2::cliff ran successfully in 10ms
Running Changeset: liquibase/2.7.x.x/critical_range.xml::1::cliff
Apr 08, 2026 10:31:56 PM liquibase.changelog
INFO: Columns high_critical(double precision) added to result_limits
Apr 08, 2026 10:31:56 PM liquibase.changelog
INFO: ChangeSet liquibase/2.7.x.x/critical_range.xml::1::cliff ran successfully in 10ms
Running Changeset: liquibase/2.7.x.x/critical_range.xml::2::cliff
Apr 08, 2026 10:31:56 PM liquibase.changelog
INFO: Columns low_critical(double precision) added to result_limits
Apr 08, 2026 10:31:56 PM liquibase.changelog
INFO: ChangeSet liquibase/2.7.x.x/critical_range.xml::2::cliff ran successfully in 10ms
Running Changeset: liquibase/2.7.x.x/add_admin_default_roles.xml::1::moses_mutesa
Apr 08, 2026 10:31:56 PM liquibase.changelog
INFO: New row inserted into user_lab_unit_roles
Apr 08, 2026 10:31:56 PM liquibase.changelog
INFO: New row inserted into lab_unit_role_map
Apr 08, 2026 10:31:56 PM liquibase.changelog
INFO: New row inserted into lab_roles
Apr 08, 2026 10:31:56 PM liquibase.changelog
INFO: New row inserted into lab_roles
Apr 08, 2026 10:31:56 PM liquibase.changelog
INFO: New row inserted into lab_roles
Apr 08, 2026 10:31:56 PM liquibase.changelog
INFO: New row inserted into lab_roles
Apr 08, 2026 10:31:56 PM liquibase.changelog
INFO: New row inserted into lab_unit_roles
Apr 08, 2026 10:31:56 PM liquibase.changelog
INFO: ChangeSet liquibase/2.7.x.x/add_admin_default_roles.xml::1::moses_mutesa ran successfully in 37ms
Running Changeset: liquibase/2.7.x.x/add_admin_default_roles.xml::2::moses_mutesa
Apr 08, 2026 10:31:56 PM liquibase.changelog
INFO: New row inserted into system_user_role
Apr 08, 2026 10:31:56 PM liquibase.changelog
INFO: New row inserted into system_user_role
Apr 08, 2026 10:31:56 PM liquibase.changelog
INFO: New row inserted into system_user_role
Apr 08, 2026 10:31:56 PM liquibase.changelog
INFO: New row inserted into system_user_role
Apr 08, 2026 10:31:56 PM liquibase.changelog
INFO: New row inserted into system_user_role
Apr 08, 2026 10:31:56 PM liquibase.changelog
INFO: New row inserted into system_user_role
Apr 08, 2026 10:31:56 PM liquibase.changelog
INFO: New row inserted into system_user_role
Apr 08, 2026 10:31:56 PM liquibase.changelog
INFO: New row inserted into system_user_role
Apr 08, 2026 10:31:56 PM liquibase.changelog
INFO: ChangeSet liquibase/2.7.x.x/add_admin_default_roles.xml::2::moses_mutesa ran successfully in 43ms
Running Changeset: liquibase/2.7.x.x/fix_person_table.xml::1::mozzymutesa
Apr 08, 2026 10:31:57 PM liquibase.changelog
INFO: person.state datatype was changed to varchar(225)
Apr 08, 2026 10:31:57 PM liquibase.changelog
INFO: ChangeSet liquibase/2.7.x.x/fix_person_table.xml::1::mozzymutesa ran successfully in 36ms
Running Changeset: liquibase/2.7.x.x/add_patient_upid.xml::23082801::CIV developer Group
Apr 08, 2026 10:31:57 PM liquibase.changelog
INFO: Columns upid_code(varchar (255)) added to patient
Apr 08, 2026 10:31:57 PM liquibase.changelog
INFO: ChangeSet liquibase/2.7.x.x/add_patient_upid.xml::23082801::CIV developer Group ran successfully in 10ms
Running Changeset: liquibase/2.7.x.x/rename_test_for_csv_export.xml::1::csteele
Apr 08, 2026 10:31:57 PM liquibase.changelog
INFO: Data updated in localization
Apr 08, 2026 10:31:57 PM liquibase.changelog
INFO: ChangeSet liquibase/2.7.x.x/rename_test_for_csv_export.xml::1::csteele ran successfully in 11ms
Running Changeset: liquibase/2.7.x.x/add_electronic_rejection.xml::2403011::CIV developer Group
Apr 08, 2026 10:31:57 PM liquibase.changelog
INFO: Columns reject_reason(varchar (255)) added to electronic_order
Apr 08, 2026 10:31:57 PM liquibase.changelog
INFO: Columns reject_reason_id(varchar (255)) added to electronic_order
Apr 08, 2026 10:31:57 PM liquibase.changelog
INFO: Columns reject_comment(varchar (255)) added to electronic_order
Apr 08, 2026 10:31:57 PM liquibase.changelog
INFO: Remarks set on electronic_order.reject_reason_id
Apr 08, 2026 10:31:57 PM liquibase.changelog
INFO: ChangeSet liquibase/2.7.x.x/add_electronic_rejection.xml::2403011::CIV developer Group ran successfully in 27ms
Running Changeset: liquibase/2.8.x.x/reflex_rule.xml::1::moses_mutesa
Apr 08, 2026 10:31:57 PM liquibase.changelog
INFO: Sequence reflex_rule_seq created
Apr 08, 2026 10:31:57 PM liquibase.changelog
INFO: Table reflex_rule created
Apr 08, 2026 10:31:57 PM liquibase.changelog
INFO: ChangeSet liquibase/2.8.x.x/reflex_rule.xml::1::moses_mutesa ran successfully in 123ms
Running Changeset: liquibase/2.8.x.x/reflex_rule.xml::2::moses_mutesa
Apr 08, 2026 10:31:57 PM liquibase.changelog
INFO: Sequence reflex_rule_action_seq created
Apr 08, 2026 10:31:57 PM liquibase.changelog
INFO: Table reflex_rule_action created
Apr 08, 2026 10:31:57 PM liquibase.changelog
INFO: Foreign key constraint added to reflex_rule_action (reflex_rule_id)
Apr 08, 2026 10:31:57 PM liquibase.changelog
INFO: ChangeSet liquibase/2.8.x.x/reflex_rule.xml::2::moses_mutesa ran successfully in 101ms
Running Changeset: liquibase/2.8.x.x/reflex_rule.xml::3::moses_mutesa
Apr 08, 2026 10:31:57 PM liquibase.changelog
INFO: Sequence reflex_rule_condition_seq created
Apr 08, 2026 10:31:57 PM liquibase.changelog
INFO: Table reflex_rule_condition created
Apr 08, 2026 10:31:57 PM liquibase.changelog
INFO: Foreign key constraint added to reflex_rule_condition (reflex_rule_id)
Apr 08, 2026 10:31:57 PM liquibase.changelog
INFO: ChangeSet liquibase/2.8.x.x/reflex_rule.xml::3::moses_mutesa ran successfully in 148ms
Running Changeset: liquibase/2.8.x.x/reflex_rule.xml::4::moses_mutesa
Apr 08, 2026 10:31:57 PM liquibase.changelog
INFO: Columns non_dictionary_value(VARCHAR(50)) added to test_reflex
Apr 08, 2026 10:31:57 PM liquibase.changelog
INFO: Columns relation(VARCHAR(40)) added to test_reflex
Apr 08, 2026 10:31:57 PM liquibase.changelog
INFO: ChangeSet liquibase/2.8.x.x/reflex_rule.xml::4::moses_mutesa ran successfully in 25ms
Running Changeset: liquibase/2.8.x.x/reflex_rule.xml::5::moses_mutesa
Apr 08, 2026 10:31:57 PM liquibase.changelog
INFO: Columns internal_note(VARCHAR(50)) added to test_reflex
Apr 08, 2026 10:31:57 PM liquibase.changelog
INFO: Columns external_note(VARCHAR(50)) added to test_reflex
Apr 08, 2026 10:31:57 PM liquibase.changelog
INFO: ChangeSet liquibase/2.8.x.x/reflex_rule.xml::5::moses_mutesa ran successfully in 25ms
Running Changeset: liquibase/2.8.x.x/desynchronous_objects.xml::1::csteele
Apr 08, 2026 10:31:57 PM liquibase.changelog
INFO: Columns desynchronized(boolean) added to provider
Apr 08, 2026 10:31:57 PM liquibase.changelog
INFO: ChangeSet liquibase/2.8.x.x/desynchronous_objects.xml::1::csteele ran successfully in 13ms
Running Changeset: liquibase/2.8.x.x/pathology.xml::1::csteele
Apr 08, 2026 10:31:57 PM liquibase.changelog
INFO: New row inserted into system_role
Apr 08, 2026 10:31:57 PM liquibase.changelog
INFO: New row inserted into system_module
Apr 08, 2026 10:31:57 PM liquibase.changelog
INFO: New row inserted into system_role_module
Apr 08, 2026 10:31:57 PM liquibase.changelog
INFO: New row inserted into system_module_url
Apr 08, 2026 10:31:57 PM liquibase.changelog
INFO: New row inserted into system_module_url
Apr 08, 2026 10:31:57 PM liquibase.changelog
INFO: New row inserted into system_module_url
Apr 08, 2026 10:31:57 PM liquibase.changelog
INFO: ChangeSet liquibase/2.8.x.x/pathology.xml::1::csteele ran successfully in 43ms
Running Changeset: liquibase/2.8.x.x/pathology.xml::2::csteele
Apr 08, 2026 10:31:57 PM liquibase.changelog
INFO: Columns questionnaire_fhir_uuid(uuid) added to program
Apr 08, 2026 10:31:57 PM liquibase.changelog
INFO: ChangeSet liquibase/2.8.x.x/pathology.xml::2::csteele ran successfully in 12ms
Running Changeset: liquibase/2.8.x.x/pathology.xml::2.1::csteele
Apr 08, 2026 10:31:57 PM liquibase.changelog
INFO: Columns manually_changed(boolean) added to program
Apr 08, 2026 10:31:57 PM liquibase.changelog
INFO: ChangeSet liquibase/2.8.x.x/pathology.xml::2.1::csteele ran successfully in 13ms
Running Changeset: liquibase/2.8.x.x/pathology.xml::3::csteele
Apr 08, 2026 10:31:57 PM liquibase.changelog
INFO: Sequence program_sample_seq created
Apr 08, 2026 10:31:57 PM liquibase.changelog
INFO: Table program_sample created
Apr 08, 2026 10:31:57 PM liquibase.changelog
INFO: Foreign key constraint added to program_sample (program_id)
Apr 08, 2026 10:31:57 PM liquibase.changelog
INFO: Foreign key constraint added to program_sample (sample_id)
Apr 08, 2026 10:31:57 PM liquibase.changelog
INFO: Table pathology_sample created
Apr 08, 2026 10:31:57 PM liquibase.changelog
INFO: Foreign key constraint added to pathology_sample (program_id)
Apr 08, 2026 10:31:57 PM liquibase.changelog
INFO: Foreign key constraint added to pathology_sample (sample_id)
Apr 08, 2026 10:31:57 PM liquibase.changelog
INFO: ChangeSet liquibase/2.8.x.x/pathology.xml::3::csteele ran successfully in 169ms
Running Changeset: liquibase/2.8.x.x/pathology.xml::4::csteele
Apr 08, 2026 10:31:58 PM liquibase.changelog
INFO: Sequence pathology_slide_seq created
Apr 08, 2026 10:31:58 PM liquibase.changelog
INFO: Table pathology_slide created
Apr 08, 2026 10:31:58 PM liquibase.changelog
INFO: Foreign key constraint added to pathology_slide (pathology_sample_id)
Apr 08, 2026 10:31:58 PM liquibase.changelog
INFO: ChangeSet liquibase/2.8.x.x/pathology.xml::4::csteele ran successfully in 145ms
Running Changeset: liquibase/2.8.x.x/pathology.xml::5::csteele
Apr 08, 2026 10:31:58 PM liquibase.changelog
INFO: Sequence pathology_block_seq created
Apr 08, 2026 10:31:58 PM liquibase.changelog
INFO: Table pathology_block created
Apr 08, 2026 10:31:58 PM liquibase.changelog
INFO: Foreign key constraint added to pathology_block (pathology_sample_id)
Apr 08, 2026 10:31:58 PM liquibase.changelog
INFO: ChangeSet liquibase/2.8.x.x/pathology.xml::5::csteele ran successfully in 115ms
Running Changeset: liquibase/2.8.x.x/pathology.xml::6::csteele
Apr 08, 2026 10:31:58 PM liquibase.changelog
INFO: New row inserted into dictionary_category
Apr 08, 2026 10:31:58 PM liquibase.changelog
INFO: New row inserted into dictionary_category
Apr 08, 2026 10:31:58 PM liquibase.changelog
INFO: New row inserted into dictionary_category
Apr 08, 2026 10:31:58 PM liquibase.changelog
INFO: ChangeSet liquibase/2.8.x.x/pathology.xml::6::csteele ran successfully in 16ms
Running Changeset: liquibase/2.8.x.x/pathology.xml::6.1::csteele
Apr 08, 2026 10:31:58 PM liquibase.changelog
INFO: New row inserted into dictionary
Apr 08, 2026 10:31:58 PM liquibase.changelog
INFO: New row inserted into dictionary
Apr 08, 2026 10:31:58 PM liquibase.changelog
INFO: New row inserted into dictionary
Apr 08, 2026 10:31:58 PM liquibase.changelog
INFO: New row inserted into dictionary
Apr 08, 2026 10:31:58 PM liquibase.changelog
INFO: New row inserted into dictionary
Apr 08, 2026 10:31:58 PM liquibase.changelog
INFO: New row inserted into dictionary
Apr 08, 2026 10:31:58 PM liquibase.changelog
INFO: New row inserted into dictionary
Apr 08, 2026 10:31:58 PM liquibase.changelog
INFO: New row inserted into dictionary
Apr 08, 2026 10:31:58 PM liquibase.changelog
INFO: New row inserted into dictionary
Apr 08, 2026 10:31:58 PM liquibase.changelog
INFO: New row inserted into dictionary
Apr 08, 2026 10:31:58 PM liquibase.changelog
INFO: New row inserted into dictionary
Apr 08, 2026 10:31:58 PM liquibase.changelog
INFO: New row inserted into dictionary
Apr 08, 2026 10:31:58 PM liquibase.changelog
INFO: New row inserted into dictionary
Apr 08, 2026 10:31:58 PM liquibase.changelog
INFO: New row inserted into dictionary
Apr 08, 2026 10:31:58 PM liquibase.changelog
INFO: New row inserted into dictionary
Apr 08, 2026 10:31:58 PM liquibase.changelog
INFO: New row inserted into dictionary
Apr 08, 2026 10:31:58 PM liquibase.changelog
INFO: New row inserted into dictionary
Apr 08, 2026 10:31:58 PM liquibase.changelog
INFO: New row inserted into dictionary
Apr 08, 2026 10:31:58 PM liquibase.changelog
INFO: New row inserted into dictionary
Apr 08, 2026 10:31:58 PM liquibase.changelog
INFO: New row inserted into dictionary
Apr 08, 2026 10:31:58 PM liquibase.changelog
INFO: New row inserted into dictionary
Apr 08, 2026 10:31:58 PM liquibase.changelog
INFO: New row inserted into dictionary
Apr 08, 2026 10:31:58 PM liquibase.changelog
INFO: ChangeSet liquibase/2.8.x.x/pathology.xml::6.1::csteele ran successfully in 117ms
Running Changeset: liquibase/2.8.x.x/pathology.xml::7::csteele
Apr 08, 2026 10:31:58 PM liquibase.changelog
INFO: Sequence pathology_conclusion_seq created
Apr 08, 2026 10:31:58 PM liquibase.changelog
INFO: Table pathology_conclusion created
Apr 08, 2026 10:31:58 PM liquibase.changelog
INFO: Foreign key constraint added to pathology_conclusion (pathology_sample_id)
Apr 08, 2026 10:31:58 PM liquibase.changelog
INFO: ChangeSet liquibase/2.8.x.x/pathology.xml::7::csteele ran successfully in 106ms
Running Changeset: liquibase/2.8.x.x/pathology.xml::8::csteele
Apr 08, 2026 10:31:58 PM liquibase.changelog
INFO: Sequence pathology_request_seq created
Apr 08, 2026 10:31:58 PM liquibase.changelog
INFO: Table pathology_request created
Apr 08, 2026 10:31:58 PM liquibase.changelog
INFO: Foreign key constraint added to pathology_request (pathology_sample_id)
Apr 08, 2026 10:31:58 PM liquibase.changelog
INFO: ChangeSet liquibase/2.8.x.x/pathology.xml::8::csteele ran successfully in 121ms
Running Changeset: liquibase/2.8.x.x/pathology.xml::9::csteele
Apr 08, 2026 10:31:58 PM liquibase.changelog
INFO: Sequence pathology_technique_seq created
Apr 08, 2026 10:31:58 PM liquibase.changelog
INFO: Table pathology_technique created
Apr 08, 2026 10:31:58 PM liquibase.changelog
INFO: Foreign key constraint added to pathology_technique (pathology_sample_id)
Apr 08, 2026 10:31:58 PM liquibase.changelog
INFO: ChangeSet liquibase/2.8.x.x/pathology.xml::9::csteele ran successfully in 96ms
Running Changeset: liquibase/2.8.x.x/pathology.xml::10::csteele
Apr 08, 2026 10:31:58 PM liquibase.changelog
INFO: Columns file_type(VARCHAR(255)) added to pathology_slide
Apr 08, 2026 10:31:58 PM liquibase.changelog
INFO: ChangeSet liquibase/2.8.x.x/pathology.xml::10::csteele ran successfully in 13ms
Running Changeset: liquibase/2.8.x.x/pathology.xml::11::csteele
Apr 08, 2026 10:31:58 PM liquibase.changelog
INFO: Columns location(VARCHAR(255)) added to pathology_slide
Apr 08, 2026 10:31:58 PM liquibase.changelog
INFO: Columns location(VARCHAR(255)) added to pathology_block
Apr 08, 2026 10:31:58 PM liquibase.changelog
INFO: ChangeSet liquibase/2.8.x.x/pathology.xml::11::csteele ran successfully in 12ms
Running Changeset: liquibase/2.8.x.x/pathology.xml::12::csteele
Apr 08, 2026 10:31:58 PM liquibase.changelog
INFO: New row inserted into localization
Apr 08, 2026 10:31:58 PM liquibase.changelog
INFO: New row inserted into test_section
Apr 08, 2026 10:31:58 PM liquibase.changelog
INFO: ChangeSet liquibase/2.8.x.x/pathology.xml::12::csteele ran successfully in 11ms
Running Changeset: liquibase/2.8.x.x/pathology.xml::13::csteele
Apr 08, 2026 10:31:58 PM liquibase.changelog
INFO: New row inserted into program
Apr 08, 2026 10:31:58 PM liquibase.changelog
INFO: New row inserted into program
Apr 08, 2026 10:31:58 PM liquibase.changelog
INFO: New row inserted into program
Apr 08, 2026 10:31:58 PM liquibase.changelog
INFO: ChangeSet liquibase/2.8.x.x/pathology.xml::13::csteele ran successfully in 14ms
Running Changeset: liquibase/2.8.x.x/pathology.xml::14::mozzymutesa
Apr 08, 2026 10:31:58 PM liquibase.changelog
INFO: Columns test_section_id(INTEGER) added to program
Apr 08, 2026 10:31:58 PM liquibase.changelog
INFO: Foreign key constraint added to program (test_section_id)
Apr 08, 2026 10:31:58 PM liquibase.changelog
INFO: ChangeSet liquibase/2.8.x.x/pathology.xml::14::mozzymutesa ran successfully in 16ms
Running Changeset: liquibase/2.8.x.x/pathology.xml::15::mozzymutesa
Apr 08, 2026 10:31:58 PM liquibase.changelog
INFO: Sequence pathology_report_seq created
Apr 08, 2026 10:31:58 PM liquibase.changelog
INFO: Table pathology_report created
Apr 08, 2026 10:31:59 PM liquibase.changelog
INFO: Foreign key constraint added to pathology_report (pathology_sample_id)
Apr 08, 2026 10:31:59 PM liquibase.changelog
INFO: ChangeSet liquibase/2.8.x.x/pathology.xml::15::mozzymutesa ran successfully in 139ms
Running Changeset: liquibase/2.8.x.x/pathology.xml::16::csteele
Apr 08, 2026 10:31:59 PM liquibase.changelog
INFO: New row inserted into localization
Apr 08, 2026 10:31:59 PM liquibase.changelog
INFO: New row inserted into localization
Apr 08, 2026 10:31:59 PM liquibase.changelog
INFO: New row inserted into test
Apr 08, 2026 10:31:59 PM liquibase.changelog
INFO: ChangeSet liquibase/2.8.x.x/pathology.xml::16::csteele ran successfully in 23ms
Running Changeset: liquibase/2.8.x.x/pathology.xml::16.1::csteele
Apr 08, 2026 10:31:59 PM liquibase.changelog
INFO: New row inserted into localization
Apr 08, 2026 10:31:59 PM liquibase.changelog
INFO: New row inserted into type_of_sample
Apr 08, 2026 10:31:59 PM liquibase.changelog
INFO: New row inserted into sampletype_test
Apr 08, 2026 10:31:59 PM liquibase.changelog
INFO: ChangeSet liquibase/2.8.x.x/pathology.xml::16.1::csteele ran successfully in 22ms
Running Changeset: liquibase/2.8.x.x/calculated_value.xml::1::moses_mutesa
Apr 08, 2026 10:31:59 PM liquibase.changelog
INFO: Sequence calculation_seq created
Apr 08, 2026 10:31:59 PM liquibase.changelog
INFO: Table calculation created
Apr 08, 2026 10:31:59 PM liquibase.changelog
INFO: ChangeSet liquibase/2.8.x.x/calculated_value.xml::1::moses_mutesa ran successfully in 148ms
Running Changeset: liquibase/2.8.x.x/calculated_value.xml::2::moses_mutesa
Apr 08, 2026 10:31:59 PM liquibase.changelog
INFO: Sequence calculation_operation_seq created
Apr 08, 2026 10:31:59 PM liquibase.changelog
INFO: Table calculation_operation created
Apr 08, 2026 10:31:59 PM liquibase.changelog
INFO: Foreign key constraint added to calculation_operation (calculation_id)
Apr 08, 2026 10:31:59 PM liquibase.changelog
INFO: ChangeSet liquibase/2.8.x.x/calculated_value.xml::2::moses_mutesa ran successfully in 151ms
Running Changeset: liquibase/2.8.x.x/calculated_value.xml::3::moses_mutesa
Apr 08, 2026 10:31:59 PM liquibase.changelog
INFO: Sequence result_calculation_seq created
Apr 08, 2026 10:31:59 PM liquibase.changelog
INFO: Table result_calculation created
Apr 08, 2026 10:31:59 PM liquibase.changelog
INFO: Foreign key constraint added to result_calculation (calculation_id)
Apr 08, 2026 10:31:59 PM liquibase.changelog
INFO: Foreign key constraint added to result_calculation (patient_id)
Apr 08, 2026 10:31:59 PM liquibase.changelog
INFO: Foreign key constraint added to result_calculation (result_id)
Apr 08, 2026 10:31:59 PM liquibase.changelog
INFO: ChangeSet liquibase/2.8.x.x/calculated_value.xml::3::moses_mutesa ran successfully in 170ms
Running Changeset: liquibase/2.8.x.x/calculated_value.xml::4::moses_mutesa
Apr 08, 2026 10:31:59 PM liquibase.changelog
INFO: Table test_operations created
Apr 08, 2026 10:31:59 PM liquibase.changelog
INFO: Foreign key constraint added to test_operations (result_calculation_id)
Apr 08, 2026 10:31:59 PM liquibase.changelog
INFO: Foreign key constraint added to test_operations (test_id)
Apr 08, 2026 10:31:59 PM liquibase.changelog
INFO: ChangeSet liquibase/2.8.x.x/calculated_value.xml::4::moses_mutesa ran successfully in 159ms
Running Changeset: liquibase/2.8.x.x/calculated_value.xml::5::moses_mutesa
Apr 08, 2026 10:31:59 PM liquibase.changelog
INFO: Table test_result_map created
Apr 08, 2026 10:31:59 PM liquibase.changelog
INFO: Foreign key constraint added to test_result_map (result_calculation_id)
Apr 08, 2026 10:31:59 PM liquibase.changelog
INFO: Foreign key constraint added to test_result_map (test_id)
Apr 08, 2026 10:31:59 PM liquibase.changelog
INFO: Foreign key constraint added to test_result_map (result_id)
Apr 08, 2026 10:31:59 PM liquibase.changelog
INFO: ChangeSet liquibase/2.8.x.x/calculated_value.xml::5::moses_mutesa ran successfully in 163ms
Running Changeset: liquibase/2.8.x.x/calculated_value.xml::6::moses_mutesa
Apr 08, 2026 10:31:59 PM liquibase.changelog
INFO: Columns result_calculated(boolean) added to analysis
Apr 08, 2026 10:31:59 PM liquibase.changelog
INFO: ChangeSet liquibase/2.8.x.x/calculated_value.xml::6::moses_mutesa ran successfully in 20ms
Running Changeset: liquibase/2.8.x.x/calculated_value.xml::7::mozzymutesa
Apr 08, 2026 10:31:59 PM liquibase.changelog
INFO: Unique constraint added to calculation(name)
Apr 08, 2026 10:31:59 PM liquibase.changelog
INFO: ChangeSet liquibase/2.8.x.x/calculated_value.xml::7::mozzymutesa ran successfully in 11ms
Running Changeset: liquibase/2.8.x.x/calculated_value.xml::8::moses_mutesa
Apr 08, 2026 10:32:00 PM liquibase.changelog
INFO: Columns note(varchar(64)) added to calculation
Apr 08, 2026 10:32:00 PM liquibase.changelog
INFO: ChangeSet liquibase/2.8.x.x/calculated_value.xml::8::moses_mutesa ran successfully in 17ms
Running Changeset: liquibase/2.8.x.x/immunohistochemistry.xml::1::csteele
Apr 08, 2026 10:32:00 PM liquibase.changelog
INFO: Table immunohistochemistry_sample created
Apr 08, 2026 10:32:00 PM liquibase.changelog
INFO: Foreign key constraint added to immunohistochemistry_sample (program_id)
Apr 08, 2026 10:32:00 PM liquibase.changelog
INFO: Foreign key constraint added to immunohistochemistry_sample (sample_id)
Apr 08, 2026 10:32:00 PM liquibase.changelog
INFO: ChangeSet liquibase/2.8.x.x/immunohistochemistry.xml::1::csteele ran successfully in 149ms
Running Changeset: liquibase/2.8.x.x/immunohistochemistry.xml::2::mozzymutesa
Apr 08, 2026 10:32:00 PM liquibase.changelog
INFO: New row inserted into localization
Apr 08, 2026 10:32:00 PM liquibase.changelog
INFO: New row inserted into test_section
Apr 08, 2026 10:32:00 PM liquibase.changelog
INFO: ChangeSet liquibase/2.8.x.x/immunohistochemistry.xml::2::mozzymutesa ran successfully in 18ms
Running Changeset: liquibase/2.8.x.x/immunohistochemistry.xml::3::mozzymutesa
Apr 08, 2026 10:32:00 PM liquibase.changelog
INFO: Sequence immunohistochemistry_report_seq created
Apr 08, 2026 10:32:00 PM liquibase.changelog
INFO: Table immunohistochemistry_report created
Apr 08, 2026 10:32:00 PM liquibase.changelog
INFO: Foreign key constraint added to immunohistochemistry_report (immunohistochemistry_sample_id)
Apr 08, 2026 10:32:00 PM liquibase.changelog
INFO: ChangeSet liquibase/2.8.x.x/immunohistochemistry.xml::3::mozzymutesa ran successfully in 109ms
Running Changeset: liquibase/2.8.x.x/immunohistochemistry.xml::4::mozzymutesa
Apr 08, 2026 10:32:00 PM liquibase.changelog
INFO: Columns pathology_sample_id(INTEGER) added to immunohistochemistry_sample
Apr 08, 2026 10:32:00 PM liquibase.changelog
INFO: Columns reffered(boolean) added to immunohistochemistry_sample
Apr 08, 2026 10:32:00 PM liquibase.changelog
INFO: Foreign key constraint added to immunohistochemistry_sample (pathology_sample_id)
Apr 08, 2026 10:32:00 PM liquibase.changelog
INFO: ChangeSet liquibase/2.8.x.x/immunohistochemistry.xml::4::mozzymutesa ran successfully in 19ms
Running Changeset: liquibase/2.8.x.x/immunohistochemistry.xml::5::csteele
Apr 08, 2026 10:32:00 PM liquibase.changelog
INFO: New row inserted into localization
Apr 08, 2026 10:32:00 PM liquibase.changelog
INFO: New row inserted into type_of_sample
Apr 08, 2026 10:32:00 PM liquibase.changelog
INFO: ChangeSet liquibase/2.8.x.x/immunohistochemistry.xml::5::csteele ran successfully in 16ms
Running Changeset: liquibase/2.8.x.x/immunohistochemistry.xml::6::csteele
Apr 08, 2026 10:32:00 PM liquibase.changelog
INFO: New row inserted into localization
Apr 08, 2026 10:32:00 PM liquibase.changelog
INFO: New row inserted into localization
Apr 08, 2026 10:32:00 PM liquibase.changelog
INFO: New row inserted into test
Apr 08, 2026 10:32:00 PM liquibase.changelog
INFO: New row inserted into test_result
Apr 08, 2026 10:32:00 PM liquibase.changelog
INFO: New row inserted into sampletype_test
Apr 08, 2026 10:32:00 PM liquibase.changelog
INFO: New row inserted into localization
Apr 08, 2026 10:32:00 PM liquibase.changelog
INFO: New row inserted into localization
Apr 08, 2026 10:32:00 PM liquibase.changelog
INFO: New row inserted into test
Apr 08, 2026 10:32:00 PM liquibase.changelog
INFO: New row inserted into test_result
Apr 08, 2026 10:32:00 PM liquibase.changelog
INFO: New row inserted into sampletype_test
Apr 08, 2026 10:32:00 PM liquibase.changelog
INFO: New row inserted into localization
Apr 08, 2026 10:32:00 PM liquibase.changelog
INFO: New row inserted into localization
Apr 08, 2026 10:32:00 PM liquibase.changelog
INFO: New row inserted into test
Apr 08, 2026 10:32:00 PM liquibase.changelog
INFO: New row inserted into test_result
Apr 08, 2026 10:32:00 PM liquibase.changelog
INFO: New row inserted into sampletype_test
Apr 08, 2026 10:32:00 PM liquibase.changelog
INFO: New row inserted into localization
Apr 08, 2026 10:32:00 PM liquibase.changelog
INFO: New row inserted into localization
Apr 08, 2026 10:32:00 PM liquibase.changelog
INFO: New row inserted into test
Apr 08, 2026 10:32:00 PM liquibase.changelog
INFO: New row inserted into test_result
Apr 08, 2026 10:32:00 PM liquibase.changelog
INFO: New row inserted into sampletype_test
Apr 08, 2026 10:32:00 PM liquibase.changelog
INFO: New row inserted into localization
Apr 08, 2026 10:32:00 PM liquibase.changelog
INFO: New row inserted into localization
Apr 08, 2026 10:32:00 PM liquibase.changelog
INFO: New row inserted into test
Apr 08, 2026 10:32:00 PM liquibase.changelog
INFO: New row inserted into test_result
Apr 08, 2026 10:32:00 PM liquibase.changelog
INFO: New row inserted into sampletype_test
Apr 08, 2026 10:32:00 PM liquibase.changelog
INFO: New row inserted into localization
Apr 08, 2026 10:32:00 PM liquibase.changelog
INFO: New row inserted into localization
Apr 08, 2026 10:32:00 PM liquibase.changelog
INFO: New row inserted into test
Apr 08, 2026 10:32:00 PM liquibase.changelog
INFO: New row inserted into test_result
Apr 08, 2026 10:32:00 PM liquibase.changelog
INFO: New row inserted into sampletype_test
Apr 08, 2026 10:32:00 PM liquibase.changelog
INFO: New row inserted into localization
Apr 08, 2026 10:32:00 PM liquibase.changelog
INFO: New row inserted into localization
Apr 08, 2026 10:32:00 PM liquibase.changelog
INFO: New row inserted into test
Apr 08, 2026 10:32:00 PM liquibase.changelog
INFO: New row inserted into test_result
Apr 08, 2026 10:32:00 PM liquibase.changelog
INFO: New row inserted into sampletype_test
Apr 08, 2026 10:32:00 PM liquibase.changelog
INFO: New row inserted into localization
Apr 08, 2026 10:32:00 PM liquibase.changelog
INFO: New row inserted into localization
Apr 08, 2026 10:32:00 PM liquibase.changelog
INFO: New row inserted into test
Apr 08, 2026 10:32:00 PM liquibase.changelog
INFO: New row inserted into test_result
Apr 08, 2026 10:32:00 PM liquibase.changelog
INFO: New row inserted into sampletype_test
Apr 08, 2026 10:32:00 PM liquibase.changelog
INFO: New row inserted into localization
Apr 08, 2026 10:32:00 PM liquibase.changelog
INFO: New row inserted into localization
Apr 08, 2026 10:32:00 PM liquibase.changelog
INFO: New row inserted into test
Apr 08, 2026 10:32:00 PM liquibase.changelog
INFO: New row inserted into test_result
Apr 08, 2026 10:32:00 PM liquibase.changelog
INFO: New row inserted into sampletype_test
Apr 08, 2026 10:32:00 PM liquibase.changelog
INFO: New row inserted into localization
Apr 08, 2026 10:32:00 PM liquibase.changelog
INFO: New row inserted into localization
Apr 08, 2026 10:32:00 PM liquibase.changelog
INFO: New row inserted into test
Apr 08, 2026 10:32:00 PM liquibase.changelog
INFO: New row inserted into test_result
Apr 08, 2026 10:32:00 PM liquibase.changelog
INFO: New row inserted into sampletype_test
Apr 08, 2026 10:32:00 PM liquibase.changelog
INFO: New row inserted into localization
Apr 08, 2026 10:32:00 PM liquibase.changelog
INFO: New row inserted into localization
Apr 08, 2026 10:32:00 PM liquibase.changelog
INFO: New row inserted into test
Apr 08, 2026 10:32:00 PM liquibase.changelog
INFO: New row inserted into test_result
Apr 08, 2026 10:32:00 PM liquibase.changelog
INFO: New row inserted into sampletype_test
Apr 08, 2026 10:32:00 PM liquibase.changelog
INFO: New row inserted into localization
Apr 08, 2026 10:32:00 PM liquibase.changelog
INFO: New row inserted into localization
Apr 08, 2026 10:32:00 PM liquibase.changelog
INFO: New row inserted into test
Apr 08, 2026 10:32:00 PM liquibase.changelog
INFO: New row inserted into test_result
Apr 08, 2026 10:32:00 PM liquibase.changelog
INFO: New row inserted into sampletype_test
Apr 08, 2026 10:32:00 PM liquibase.changelog
INFO: New row inserted into localization
Apr 08, 2026 10:32:00 PM liquibase.changelog
INFO: New row inserted into localization
Apr 08, 2026 10:32:00 PM liquibase.changelog
INFO: New row inserted into test
Apr 08, 2026 10:32:00 PM liquibase.changelog
INFO: New row inserted into test_result
Apr 08, 2026 10:32:00 PM liquibase.changelog
INFO: New row inserted into sampletype_test
Apr 08, 2026 10:32:00 PM liquibase.changelog
INFO: New row inserted into localization
Apr 08, 2026 10:32:00 PM liquibase.changelog
INFO: New row inserted into localization
Apr 08, 2026 10:32:00 PM liquibase.changelog
INFO: New row inserted into test
Apr 08, 2026 10:32:00 PM liquibase.changelog
INFO: New row inserted into test_result
Apr 08, 2026 10:32:00 PM liquibase.changelog
INFO: New row inserted into sampletype_test
Apr 08, 2026 10:32:00 PM liquibase.changelog
INFO: New row inserted into localization
Apr 08, 2026 10:32:00 PM liquibase.changelog
INFO: New row inserted into localization
Apr 08, 2026 10:32:00 PM liquibase.changelog
INFO: New row inserted into test
Apr 08, 2026 10:32:00 PM liquibase.changelog
INFO: New row inserted into test_result
Apr 08, 2026 10:32:00 PM liquibase.changelog
INFO: New row inserted into sampletype_test
Apr 08, 2026 10:32:00 PM liquibase.changelog
INFO: New row inserted into localization
Apr 08, 2026 10:32:00 PM liquibase.changelog
INFO: New row inserted into localization
Apr 08, 2026 10:32:00 PM liquibase.changelog
INFO: New row inserted into test
Apr 08, 2026 10:32:00 PM liquibase.changelog
INFO: New row inserted into test_result
Apr 08, 2026 10:32:00 PM liquibase.changelog
INFO: New row inserted into sampletype_test
Apr 08, 2026 10:32:00 PM liquibase.changelog
INFO: New row inserted into localization
Apr 08, 2026 10:32:00 PM liquibase.changelog
INFO: New row inserted into localization
Apr 08, 2026 10:32:00 PM liquibase.changelog
INFO: New row inserted into test
Apr 08, 2026 10:32:00 PM liquibase.changelog
INFO: New row inserted into test_result
Apr 08, 2026 10:32:00 PM liquibase.changelog
INFO: New row inserted into sampletype_test
Apr 08, 2026 10:32:00 PM liquibase.changelog
INFO: New row inserted into localization
Apr 08, 2026 10:32:00 PM liquibase.changelog
INFO: New row inserted into localization
Apr 08, 2026 10:32:00 PM liquibase.changelog
INFO: New row inserted into test
Apr 08, 2026 10:32:00 PM liquibase.changelog
INFO: New row inserted into test_result
Apr 08, 2026 10:32:00 PM liquibase.changelog
INFO: New row inserted into sampletype_test
Apr 08, 2026 10:32:00 PM liquibase.changelog
INFO: New row inserted into localization
Apr 08, 2026 10:32:00 PM liquibase.changelog
INFO: New row inserted into localization
Apr 08, 2026 10:32:00 PM liquibase.changelog
INFO: New row inserted into test
Apr 08, 2026 10:32:00 PM liquibase.changelog
INFO: New row inserted into test_result
Apr 08, 2026 10:32:00 PM liquibase.changelog
INFO: New row inserted into sampletype_test
Apr 08, 2026 10:32:00 PM liquibase.changelog
INFO: New row inserted into localization
Apr 08, 2026 10:32:00 PM liquibase.changelog
INFO: New row inserted into localization
Apr 08, 2026 10:32:00 PM liquibase.changelog
INFO: New row inserted into test
Apr 08, 2026 10:32:00 PM liquibase.changelog
INFO: New row inserted into test_result
Apr 08, 2026 10:32:00 PM liquibase.changelog
INFO: New row inserted into sampletype_test
Apr 08, 2026 10:32:00 PM liquibase.changelog
INFO: New row inserted into localization
Apr 08, 2026 10:32:00 PM liquibase.changelog
INFO: New row inserted into localization
Apr 08, 2026 10:32:00 PM liquibase.changelog
INFO: New row inserted into test
Apr 08, 2026 10:32:00 PM liquibase.changelog
INFO: New row inserted into test_result
Apr 08, 2026 10:32:00 PM liquibase.changelog
INFO: New row inserted into sampletype_test
Apr 08, 2026 10:32:00 PM liquibase.changelog
INFO: New row inserted into localization
Apr 08, 2026 10:32:00 PM liquibase.changelog
INFO: New row inserted into localization
Apr 08, 2026 10:32:00 PM liquibase.changelog
INFO: New row inserted into test
Apr 08, 2026 10:32:00 PM liquibase.changelog
INFO: New row inserted into test_result
Apr 08, 2026 10:32:00 PM liquibase.changelog
INFO: New row inserted into sampletype_test
Apr 08, 2026 10:32:00 PM liquibase.changelog
INFO: New row inserted into localization
Apr 08, 2026 10:32:00 PM liquibase.changelog
INFO: New row inserted into localization
Apr 08, 2026 10:32:00 PM liquibase.changelog
INFO: New row inserted into test
Apr 08, 2026 10:32:00 PM liquibase.changelog
INFO: New row inserted into test_result
Apr 08, 2026 10:32:00 PM liquibase.changelog
INFO: New row inserted into sampletype_test
Apr 08, 2026 10:32:00 PM liquibase.changelog
INFO: New row inserted into localization
Apr 08, 2026 10:32:00 PM liquibase.changelog
INFO: New row inserted into localization
Apr 08, 2026 10:32:00 PM liquibase.changelog
INFO: New row inserted into test
Apr 08, 2026 10:32:00 PM liquibase.changelog
INFO: New row inserted into test_result
Apr 08, 2026 10:32:00 PM liquibase.changelog
INFO: New row inserted into sampletype_test
Apr 08, 2026 10:32:00 PM liquibase.changelog
INFO: New row inserted into localization
Apr 08, 2026 10:32:00 PM liquibase.changelog
INFO: New row inserted into localization
Apr 08, 2026 10:32:00 PM liquibase.changelog
INFO: New row inserted into test
Apr 08, 2026 10:32:00 PM liquibase.changelog
INFO: New row inserted into test_result
Apr 08, 2026 10:32:00 PM liquibase.changelog
INFO: New row inserted into sampletype_test
Apr 08, 2026 10:32:00 PM liquibase.changelog
INFO: New row inserted into localization
Apr 08, 2026 10:32:00 PM liquibase.changelog
INFO: New row inserted into localization
Apr 08, 2026 10:32:00 PM liquibase.changelog
INFO: New row inserted into test
Apr 08, 2026 10:32:00 PM liquibase.changelog
INFO: New row inserted into test_result
Apr 08, 2026 10:32:00 PM liquibase.changelog
INFO: New row inserted into sampletype_test
Apr 08, 2026 10:32:00 PM liquibase.changelog
INFO: New row inserted into localization
Apr 08, 2026 10:32:00 PM liquibase.changelog
INFO: New row inserted into localization
Apr 08, 2026 10:32:00 PM liquibase.changelog
INFO: New row inserted into test
Apr 08, 2026 10:32:00 PM liquibase.changelog
INFO: New row inserted into test_result
Apr 08, 2026 10:32:00 PM liquibase.changelog
INFO: New row inserted into sampletype_test
Apr 08, 2026 10:32:00 PM liquibase.changelog
INFO: New row inserted into localization
Apr 08, 2026 10:32:00 PM liquibase.changelog
INFO: New row inserted into localization
Apr 08, 2026 10:32:00 PM liquibase.changelog
INFO: New row inserted into test
Apr 08, 2026 10:32:01 PM liquibase.changelog
INFO: New row inserted into test_result
Apr 08, 2026 10:32:01 PM liquibase.changelog
INFO: New row inserted into sampletype_test
Apr 08, 2026 10:32:01 PM liquibase.changelog
INFO: New row inserted into localization
Apr 08, 2026 10:32:01 PM liquibase.changelog
INFO: New row inserted into localization
Apr 08, 2026 10:32:01 PM liquibase.changelog
INFO: New row inserted into test
Apr 08, 2026 10:32:01 PM liquibase.changelog
INFO: New row inserted into test_result
Apr 08, 2026 10:32:01 PM liquibase.changelog
INFO: New row inserted into sampletype_test
Apr 08, 2026 10:32:01 PM liquibase.changelog
INFO: New row inserted into localization
Apr 08, 2026 10:32:01 PM liquibase.changelog
INFO: New row inserted into localization
Apr 08, 2026 10:32:01 PM liquibase.changelog
INFO: New row inserted into test
Apr 08, 2026 10:32:01 PM liquibase.changelog
INFO: New row inserted into test_result
Apr 08, 2026 10:32:01 PM liquibase.changelog
INFO: New row inserted into sampletype_test
Apr 08, 2026 10:32:01 PM liquibase.changelog
INFO: New row inserted into localization
Apr 08, 2026 10:32:01 PM liquibase.changelog
INFO: New row inserted into localization
Apr 08, 2026 10:32:01 PM liquibase.changelog
INFO: New row inserted into test
Apr 08, 2026 10:32:01 PM liquibase.changelog
INFO: New row inserted into test_result
Apr 08, 2026 10:32:01 PM liquibase.changelog
INFO: New row inserted into sampletype_test
Apr 08, 2026 10:32:01 PM liquibase.changelog
INFO: New row inserted into localization
Apr 08, 2026 10:32:01 PM liquibase.changelog
INFO: New row inserted into localization
Apr 08, 2026 10:32:01 PM liquibase.changelog
INFO: New row inserted into test
Apr 08, 2026 10:32:01 PM liquibase.changelog
INFO: New row inserted into test_result
Apr 08, 2026 10:32:01 PM liquibase.changelog
INFO: New row inserted into sampletype_test
Apr 08, 2026 10:32:01 PM liquibase.changelog
INFO: New row inserted into localization
Apr 08, 2026 10:32:01 PM liquibase.changelog
INFO: New row inserted into localization
Apr 08, 2026 10:32:01 PM liquibase.changelog
INFO: New row inserted into test
Apr 08, 2026 10:32:01 PM liquibase.changelog
INFO: New row inserted into test_result
Apr 08, 2026 10:32:01 PM liquibase.changelog
INFO: New row inserted into sampletype_test
Apr 08, 2026 10:32:01 PM liquibase.changelog
INFO: New row inserted into localization
Apr 08, 2026 10:32:01 PM liquibase.changelog
INFO: New row inserted into localization
Apr 08, 2026 10:32:01 PM liquibase.changelog
INFO: New row inserted into test
Apr 08, 2026 10:32:01 PM liquibase.changelog
INFO: New row inserted into test_result
Apr 08, 2026 10:32:01 PM liquibase.changelog
INFO: New row inserted into sampletype_test
Apr 08, 2026 10:32:01 PM liquibase.changelog
INFO: New row inserted into localization
Apr 08, 2026 10:32:01 PM liquibase.changelog
INFO: New row inserted into localization
Apr 08, 2026 10:32:01 PM liquibase.changelog
INFO: New row inserted into test
Apr 08, 2026 10:32:01 PM liquibase.changelog
INFO: New row inserted into test_result
Apr 08, 2026 10:32:01 PM liquibase.changelog
INFO: New row inserted into sampletype_test
Apr 08, 2026 10:32:01 PM liquibase.changelog
INFO: New row inserted into localization
Apr 08, 2026 10:32:01 PM liquibase.changelog
INFO: New row inserted into localization
Apr 08, 2026 10:32:01 PM liquibase.changelog
INFO: New row inserted into test
Apr 08, 2026 10:32:01 PM liquibase.changelog
INFO: New row inserted into test_result
Apr 08, 2026 10:32:01 PM liquibase.changelog
INFO: New row inserted into sampletype_test
Apr 08, 2026 10:32:01 PM liquibase.changelog
INFO: New row inserted into localization
Apr 08, 2026 10:32:01 PM liquibase.changelog
INFO: New row inserted into localization
Apr 08, 2026 10:32:01 PM liquibase.changelog
INFO: New row inserted into test
Apr 08, 2026 10:32:01 PM liquibase.changelog
INFO: New row inserted into test_result
Apr 08, 2026 10:32:01 PM liquibase.changelog
INFO: New row inserted into sampletype_test
Apr 08, 2026 10:32:01 PM liquibase.changelog
INFO: New row inserted into localization
Apr 08, 2026 10:32:01 PM liquibase.changelog
INFO: New row inserted into localization
Apr 08, 2026 10:32:01 PM liquibase.changelog
INFO: New row inserted into test
Apr 08, 2026 10:32:01 PM liquibase.changelog
INFO: New row inserted into test_result
Apr 08, 2026 10:32:01 PM liquibase.changelog
INFO: New row inserted into sampletype_test
Apr 08, 2026 10:32:01 PM liquibase.changelog
INFO: New row inserted into localization
Apr 08, 2026 10:32:01 PM liquibase.changelog
INFO: New row inserted into localization
Apr 08, 2026 10:32:01 PM liquibase.changelog
INFO: New row inserted into test
Apr 08, 2026 10:32:01 PM liquibase.changelog
INFO: New row inserted into test_result
Apr 08, 2026 10:32:01 PM liquibase.changelog
INFO: New row inserted into sampletype_test
Apr 08, 2026 10:32:01 PM liquibase.changelog
INFO: New row inserted into localization
Apr 08, 2026 10:32:01 PM liquibase.changelog
INFO: New row inserted into localization
Apr 08, 2026 10:32:01 PM liquibase.changelog
INFO: New row inserted into test
Apr 08, 2026 10:32:01 PM liquibase.changelog
INFO: New row inserted into test_result
Apr 08, 2026 10:32:01 PM liquibase.changelog
INFO: New row inserted into sampletype_test
Apr 08, 2026 10:32:01 PM liquibase.changelog
INFO: New row inserted into localization
Apr 08, 2026 10:32:01 PM liquibase.changelog
INFO: New row inserted into localization
Apr 08, 2026 10:32:01 PM liquibase.changelog
INFO: New row inserted into test
Apr 08, 2026 10:32:01 PM liquibase.changelog
INFO: New row inserted into test_result
Apr 08, 2026 10:32:01 PM liquibase.changelog
INFO: New row inserted into sampletype_test
Apr 08, 2026 10:32:01 PM liquibase.changelog
INFO: New row inserted into localization
Apr 08, 2026 10:32:01 PM liquibase.changelog
INFO: New row inserted into localization
Apr 08, 2026 10:32:01 PM liquibase.changelog
INFO: New row inserted into test
Apr 08, 2026 10:32:01 PM liquibase.changelog
INFO: New row inserted into test_result
Apr 08, 2026 10:32:01 PM liquibase.changelog
INFO: New row inserted into sampletype_test
Apr 08, 2026 10:32:01 PM liquibase.changelog
INFO: New row inserted into localization
Apr 08, 2026 10:32:01 PM liquibase.changelog
INFO: New row inserted into localization
Apr 08, 2026 10:32:01 PM liquibase.changelog
INFO: New row inserted into test
Apr 08, 2026 10:32:01 PM liquibase.changelog
INFO: New row inserted into test_result
Apr 08, 2026 10:32:01 PM liquibase.changelog
INFO: New row inserted into sampletype_test
Apr 08, 2026 10:32:01 PM liquibase.changelog
INFO: New row inserted into localization
Apr 08, 2026 10:32:01 PM liquibase.changelog
INFO: New row inserted into localization
Apr 08, 2026 10:32:01 PM liquibase.changelog
INFO: New row inserted into test
Apr 08, 2026 10:32:01 PM liquibase.changelog
INFO: New row inserted into test_result
Apr 08, 2026 10:32:01 PM liquibase.changelog
INFO: New row inserted into sampletype_test
Apr 08, 2026 10:32:01 PM liquibase.changelog
INFO: New row inserted into localization
Apr 08, 2026 10:32:01 PM liquibase.changelog
INFO: New row inserted into localization
Apr 08, 2026 10:32:01 PM liquibase.changelog
INFO: New row inserted into test
Apr 08, 2026 10:32:01 PM liquibase.changelog
INFO: New row inserted into test_result
Apr 08, 2026 10:32:01 PM liquibase.changelog
INFO: New row inserted into sampletype_test
Apr 08, 2026 10:32:01 PM liquibase.changelog
INFO: New row inserted into localization
Apr 08, 2026 10:32:01 PM liquibase.changelog
INFO: New row inserted into localization
Apr 08, 2026 10:32:01 PM liquibase.changelog
INFO: New row inserted into test
Apr 08, 2026 10:32:01 PM liquibase.changelog
INFO: New row inserted into test_result
Apr 08, 2026 10:32:01 PM liquibase.changelog
INFO: New row inserted into sampletype_test
Apr 08, 2026 10:32:01 PM liquibase.changelog
INFO: New row inserted into localization
Apr 08, 2026 10:32:01 PM liquibase.changelog
INFO: New row inserted into localization
Apr 08, 2026 10:32:01 PM liquibase.changelog
INFO: New row inserted into test
Apr 08, 2026 10:32:01 PM liquibase.changelog
INFO: New row inserted into test_result
Apr 08, 2026 10:32:01 PM liquibase.changelog
INFO: New row inserted into sampletype_test
Apr 08, 2026 10:32:01 PM liquibase.changelog
INFO: New row inserted into localization
Apr 08, 2026 10:32:01 PM liquibase.changelog
INFO: New row inserted into localization
Apr 08, 2026 10:32:01 PM liquibase.changelog
INFO: New row inserted into test
Apr 08, 2026 10:32:01 PM liquibase.changelog
INFO: New row inserted into test_result
Apr 08, 2026 10:32:01 PM liquibase.changelog
INFO: New row inserted into sampletype_test
Apr 08, 2026 10:32:01 PM liquibase.changelog
INFO: New row inserted into localization
Apr 08, 2026 10:32:01 PM liquibase.changelog
INFO: New row inserted into localization
Apr 08, 2026 10:32:01 PM liquibase.changelog
INFO: New row inserted into test
Apr 08, 2026 10:32:01 PM liquibase.changelog
INFO: New row inserted into test_result
Apr 08, 2026 10:32:01 PM liquibase.changelog
INFO: New row inserted into sampletype_test
Apr 08, 2026 10:32:01 PM liquibase.changelog
INFO: New row inserted into localization
Apr 08, 2026 10:32:01 PM liquibase.changelog
INFO: New row inserted into localization
Apr 08, 2026 10:32:01 PM liquibase.changelog
INFO: New row inserted into test
Apr 08, 2026 10:32:01 PM liquibase.changelog
INFO: New row inserted into test_result
Apr 08, 2026 10:32:01 PM liquibase.changelog
INFO: New row inserted into sampletype_test
Apr 08, 2026 10:32:01 PM liquibase.changelog
INFO: New row inserted into localization
Apr 08, 2026 10:32:01 PM liquibase.changelog
INFO: New row inserted into localization
Apr 08, 2026 10:32:01 PM liquibase.changelog
INFO: New row inserted into test
Apr 08, 2026 10:32:01 PM liquibase.changelog
INFO: New row inserted into test_result
Apr 08, 2026 10:32:01 PM liquibase.changelog
INFO: New row inserted into sampletype_test
Apr 08, 2026 10:32:01 PM liquibase.changelog
INFO: New row inserted into localization
Apr 08, 2026 10:32:01 PM liquibase.changelog
INFO: New row inserted into localization
Apr 08, 2026 10:32:01 PM liquibase.changelog
INFO: New row inserted into test
Apr 08, 2026 10:32:01 PM liquibase.changelog
INFO: New row inserted into test_result
Apr 08, 2026 10:32:01 PM liquibase.changelog
INFO: New row inserted into sampletype_test
Apr 08, 2026 10:32:01 PM liquibase.changelog
INFO: New row inserted into localization
Apr 08, 2026 10:32:01 PM liquibase.changelog
INFO: New row inserted into localization
Apr 08, 2026 10:32:01 PM liquibase.changelog
INFO: New row inserted into test
Apr 08, 2026 10:32:01 PM liquibase.changelog
INFO: New row inserted into test_result
Apr 08, 2026 10:32:01 PM liquibase.changelog
INFO: New row inserted into sampletype_test
Apr 08, 2026 10:32:01 PM liquibase.changelog
INFO: New row inserted into localization
Apr 08, 2026 10:32:01 PM liquibase.changelog
INFO: New row inserted into localization
Apr 08, 2026 10:32:01 PM liquibase.changelog
INFO: New row inserted into test
Apr 08, 2026 10:32:01 PM liquibase.changelog
INFO: New row inserted into test_result
Apr 08, 2026 10:32:01 PM liquibase.changelog
INFO: New row inserted into sampletype_test
Apr 08, 2026 10:32:01 PM liquibase.changelog
INFO: New row inserted into localization
Apr 08, 2026 10:32:01 PM liquibase.changelog
INFO: New row inserted into localization
Apr 08, 2026 10:32:01 PM liquibase.changelog
INFO: New row inserted into test
Apr 08, 2026 10:32:01 PM liquibase.changelog
INFO: New row inserted into test_result
Apr 08, 2026 10:32:01 PM liquibase.changelog
INFO: New row inserted into sampletype_test
Apr 08, 2026 10:32:01 PM liquibase.changelog
INFO: New row inserted into localization
Apr 08, 2026 10:32:01 PM liquibase.changelog
INFO: New row inserted into localization
Apr 08, 2026 10:32:01 PM liquibase.changelog
INFO: New row inserted into test
Apr 08, 2026 10:32:01 PM liquibase.changelog
INFO: New row inserted into test_result
Apr 08, 2026 10:32:01 PM liquibase.changelog
INFO: New row inserted into sampletype_test
Apr 08, 2026 10:32:01 PM liquibase.changelog
INFO: New row inserted into localization
Apr 08, 2026 10:32:01 PM liquibase.changelog
INFO: New row inserted into localization
Apr 08, 2026 10:32:01 PM liquibase.changelog
INFO: New row inserted into test
Apr 08, 2026 10:32:01 PM liquibase.changelog
INFO: New row inserted into test_result
Apr 08, 2026 10:32:01 PM liquibase.changelog
INFO: New row inserted into sampletype_test
Apr 08, 2026 10:32:01 PM liquibase.changelog
INFO: ChangeSet liquibase/2.8.x.x/immunohistochemistry.xml::6::csteele ran successfully in 951ms
Running Changeset: liquibase/2.8.x.x/immunohistochemistry.xml::7::mozzymutesa
Apr 08, 2026 10:32:01 PM liquibase.changelog
INFO: New row inserted into dictionary_category
Apr 08, 2026 10:32:01 PM liquibase.changelog
INFO: New row inserted into dictionary_category
Apr 08, 2026 10:32:01 PM liquibase.changelog
INFO: New row inserted into dictionary_category
Apr 08, 2026 10:32:01 PM liquibase.changelog
INFO: ChangeSet liquibase/2.8.x.x/immunohistochemistry.xml::7::mozzymutesa ran successfully in 9ms
Running Changeset: liquibase/2.8.x.x/immunohistochemistry.xml::8::mozzymutesa
Apr 08, 2026 10:32:01 PM liquibase.changelog
INFO: New row inserted into dictionary
Apr 08, 2026 10:32:01 PM liquibase.changelog
INFO: New row inserted into dictionary
Apr 08, 2026 10:32:01 PM liquibase.changelog
INFO: New row inserted into dictionary
Apr 08, 2026 10:32:01 PM liquibase.changelog
INFO: ChangeSet liquibase/2.8.x.x/immunohistochemistry.xml::8::mozzymutesa ran successfully in 11ms
Running Changeset: liquibase/2.8.x.x/cytology.xml::1::mozzymutesa
Apr 08, 2026 10:32:01 PM liquibase.changelog
INFO: Sequence cytology_specimen_adequacy_seq created
Apr 08, 2026 10:32:01 PM liquibase.changelog
INFO: Table cytology_specimen_adequacy created
Apr 08, 2026 10:32:01 PM liquibase.changelog
INFO: ChangeSet liquibase/2.8.x.x/cytology.xml::1::mozzymutesa ran successfully in 80ms
Running Changeset: liquibase/2.8.x.x/cytology.xml::2::mozzymutesa
Apr 08, 2026 10:32:01 PM liquibase.changelog
INFO: Table cytology_specimen_adequacy_value created
Apr 08, 2026 10:32:01 PM liquibase.changelog
INFO: Foreign key constraint added to cytology_specimen_adequacy_value (cytology_specimen_adequacy_id)
Apr 08, 2026 10:32:01 PM liquibase.changelog
INFO: ChangeSet liquibase/2.8.x.x/cytology.xml::2::mozzymutesa ran successfully in 80ms
Running Changeset: liquibase/2.8.x.x/cytology.xml::3::mozzymutesa
Apr 08, 2026 10:32:01 PM liquibase.changelog
INFO: Table cytology_sample created
Apr 08, 2026 10:32:01 PM liquibase.changelog
INFO: Foreign key constraint added to cytology_sample (program_id)
Apr 08, 2026 10:32:01 PM liquibase.changelog
INFO: Foreign key constraint added to cytology_sample (sample_id)
Apr 08, 2026 10:32:01 PM liquibase.changelog
INFO: Foreign key constraint added to cytology_sample (technician_id)
Apr 08, 2026 10:32:01 PM liquibase.changelog
INFO: Foreign key constraint added to cytology_sample (cytopathologist_id)
Apr 08, 2026 10:32:01 PM liquibase.changelog
INFO: Foreign key constraint added to cytology_sample (specimen_adequacy_id)
Apr 08, 2026 10:32:01 PM liquibase.changelog
INFO: ChangeSet liquibase/2.8.x.x/cytology.xml::3::mozzymutesa ran successfully in 90ms
Running Changeset: liquibase/2.8.x.x/cytology.xml::4::mozzymutesa
Apr 08, 2026 10:32:01 PM liquibase.changelog
INFO: Sequence cytology_slide_seq created
Apr 08, 2026 10:32:01 PM liquibase.changelog
INFO: Table cytology_slide created
Apr 08, 2026 10:32:01 PM liquibase.changelog
INFO: Foreign key constraint added to cytology_slide (cytology_sample_id)
Apr 08, 2026 10:32:01 PM liquibase.changelog
INFO: ChangeSet liquibase/2.8.x.x/cytology.xml::4::mozzymutesa ran successfully in 67ms
Running Changeset: liquibase/2.8.x.x/cytology.xml::5::mozzymutesa
Apr 08, 2026 10:32:01 PM liquibase.changelog
INFO: New row inserted into localization
Apr 08, 2026 10:32:01 PM liquibase.changelog
INFO: New row inserted into test_section
Apr 08, 2026 10:32:01 PM liquibase.changelog
INFO: ChangeSet liquibase/2.8.x.x/cytology.xml::5::mozzymutesa ran successfully in 7ms
Running Changeset: liquibase/2.8.x.x/cytology.xml::6::mozzymutesa
Apr 08, 2026 10:32:01 PM liquibase.changelog
INFO: New row inserted into system_role
Apr 08, 2026 10:32:01 PM liquibase.changelog
INFO: New row inserted into system_module
Apr 08, 2026 10:32:01 PM liquibase.changelog
INFO: New row inserted into system_role_module
Apr 08, 2026 10:32:01 PM liquibase.changelog
INFO: New row inserted into system_module_url
Apr 08, 2026 10:32:01 PM liquibase.changelog
INFO: New row inserted into system_module_url
Apr 08, 2026 10:32:01 PM liquibase.changelog
INFO: New row inserted into system_module_url
Apr 08, 2026 10:32:01 PM liquibase.changelog
INFO: ChangeSet liquibase/2.8.x.x/cytology.xml::6::mozzymutesa ran successfully in 21ms
Running Changeset: liquibase/2.8.x.x/cytology.xml::7::mozzymutesa
Apr 08, 2026 10:32:01 PM liquibase.changelog
INFO: New row inserted into dictionary_category
Apr 08, 2026 10:32:01 PM liquibase.changelog
INFO: New row inserted into dictionary_category
Apr 08, 2026 10:32:01 PM liquibase.changelog
INFO: ChangeSet liquibase/2.8.x.x/cytology.xml::7::mozzymutesa ran successfully in 8ms
Running Changeset: liquibase/2.8.x.x/cytology.xml::8::mozzymutesa
Apr 08, 2026 10:32:01 PM liquibase.changelog
INFO: Sequence cytology_diagnosis_seq created
Apr 08, 2026 10:32:01 PM liquibase.changelog
INFO: Table cytology_diagnosis created
Apr 08, 2026 10:32:01 PM liquibase.changelog
INFO: ChangeSet liquibase/2.8.x.x/cytology.xml::8::mozzymutesa ran successfully in 69ms
Running Changeset: liquibase/2.8.x.x/cytology.xml::9::mozzymutesa
Apr 08, 2026 10:32:02 PM liquibase.changelog
INFO: Sequence cytology_diagnosis_result_map_seq created
Apr 08, 2026 10:32:02 PM liquibase.changelog
INFO: Table cytology_diagnosis_result_map created
Apr 08, 2026 10:32:02 PM liquibase.changelog
INFO: Foreign key constraint added to cytology_diagnosis_result_map (cytology_diagnosis_id)
Apr 08, 2026 10:32:02 PM liquibase.changelog
INFO: ChangeSet liquibase/2.8.x.x/cytology.xml::9::mozzymutesa ran successfully in 101ms
Running Changeset: liquibase/2.8.x.x/cytology.xml::10::mozzymutesa
Apr 08, 2026 10:32:02 PM liquibase.changelog
INFO: Columns cytology_diagnosis_id(INTEGER) added to cytology_sample
Apr 08, 2026 10:32:02 PM liquibase.changelog
INFO: Foreign key constraint added to cytology_sample (cytology_diagnosis_id)
Apr 08, 2026 10:32:02 PM liquibase.changelog
INFO: ChangeSet liquibase/2.8.x.x/cytology.xml::10::mozzymutesa ran successfully in 55ms
Running Changeset: liquibase/2.8.x.x/cytology.xml::11::mozzymutesa
Apr 08, 2026 10:32:02 PM liquibase.changelog
INFO: New row inserted into dictionary_category
Apr 08, 2026 10:32:02 PM liquibase.changelog
INFO: New row inserted into dictionary_category
Apr 08, 2026 10:32:02 PM liquibase.changelog
INFO: New row inserted into dictionary_category
Apr 08, 2026 10:32:02 PM liquibase.changelog
INFO: New row inserted into dictionary_category
Apr 08, 2026 10:32:02 PM liquibase.changelog
INFO: New row inserted into dictionary_category
Apr 08, 2026 10:32:02 PM liquibase.changelog
INFO: New row inserted into dictionary_category
Apr 08, 2026 10:32:02 PM liquibase.changelog
INFO: ChangeSet liquibase/2.8.x.x/cytology.xml::11::mozzymutesa ran successfully in 30ms
Running Changeset: liquibase/2.8.x.x/cytology.xml::12::mozzymutesa
Apr 08, 2026 10:32:02 PM liquibase.changelog
INFO: Sequence cytology_report_seq created
Apr 08, 2026 10:32:02 PM liquibase.changelog
INFO: Table cytology_report created
Apr 08, 2026 10:32:02 PM liquibase.changelog
INFO: Foreign key constraint added to cytology_report (cytology_sample_id)
Apr 08, 2026 10:32:02 PM liquibase.changelog
INFO: ChangeSet liquibase/2.8.x.x/cytology.xml::12::mozzymutesa ran successfully in 108ms
Running Changeset: liquibase/2.8.x.x/sample_types.xml::1::csteele
Apr 08, 2026 10:32:02 PM liquibase.changelog
INFO: New row inserted into localization
Apr 08, 2026 10:32:02 PM liquibase.changelog
INFO: New row inserted into type_of_sample
Apr 08, 2026 10:32:02 PM liquibase.changelog
INFO: New row inserted into sampletype_test
Apr 08, 2026 10:32:02 PM liquibase.changelog
INFO: New row inserted into localization
Apr 08, 2026 10:32:02 PM liquibase.changelog
INFO: New row inserted into type_of_sample
Apr 08, 2026 10:32:02 PM liquibase.changelog
INFO: New row inserted into sampletype_test
Apr 08, 2026 10:32:02 PM liquibase.changelog
INFO: ChangeSet liquibase/2.8.x.x/sample_types.xml::1::csteele ran successfully in 40ms
Running Changeset: liquibase/2.8.x.x/sample_types.xml::1.1::csteele
Apr 08, 2026 10:32:02 PM liquibase.changelog
INFO: Data updated in type_of_sample
Apr 08, 2026 10:32:02 PM liquibase.changelog
INFO: ChangeSet liquibase/2.8.x.x/sample_types.xml::1.1::csteele ran successfully in 10ms
Running Changeset: liquibase/2.8.x.x/sample_types.xml::2::csteele
Apr 08, 2026 10:32:02 PM liquibase.changelog
INFO: New row inserted into sampletype_test
Apr 08, 2026 10:32:02 PM liquibase.changelog
INFO: New row inserted into sampletype_test
Apr 08, 2026 10:32:02 PM liquibase.changelog
INFO: New row inserted into sampletype_test
Apr 08, 2026 10:32:02 PM liquibase.changelog
INFO: New row inserted into sampletype_test
Apr 08, 2026 10:32:02 PM liquibase.changelog
INFO: New row inserted into sampletype_test
Apr 08, 2026 10:32:02 PM liquibase.changelog
INFO: New row inserted into sampletype_test
Apr 08, 2026 10:32:02 PM liquibase.changelog
INFO: New row inserted into sampletype_test
Apr 08, 2026 10:32:02 PM liquibase.changelog
INFO: New row inserted into sampletype_test
Apr 08, 2026 10:32:02 PM liquibase.changelog
INFO: New row inserted into sampletype_test
Apr 08, 2026 10:32:02 PM liquibase.changelog
INFO: New row inserted into sampletype_test
Apr 08, 2026 10:32:02 PM liquibase.changelog
INFO: New row inserted into sampletype_test
Apr 08, 2026 10:32:02 PM liquibase.changelog
INFO: New row inserted into sampletype_test
Apr 08, 2026 10:32:02 PM liquibase.changelog
INFO: New row inserted into sampletype_test
Apr 08, 2026 10:32:02 PM liquibase.changelog
INFO: New row inserted into sampletype_test
Apr 08, 2026 10:32:02 PM liquibase.changelog
INFO: New row inserted into sampletype_test
Apr 08, 2026 10:32:02 PM liquibase.changelog
INFO: New row inserted into sampletype_test
Apr 08, 2026 10:32:02 PM liquibase.changelog
INFO: New row inserted into sampletype_test
Apr 08, 2026 10:32:02 PM liquibase.changelog
INFO: New row inserted into sampletype_test
Apr 08, 2026 10:32:02 PM liquibase.changelog
INFO: New row inserted into sampletype_test
Apr 08, 2026 10:32:02 PM liquibase.changelog
INFO: New row inserted into sampletype_test
Apr 08, 2026 10:32:02 PM liquibase.changelog
INFO: New row inserted into sampletype_test
Apr 08, 2026 10:32:02 PM liquibase.changelog
INFO: New row inserted into sampletype_test
Apr 08, 2026 10:32:02 PM liquibase.changelog
INFO: New row inserted into sampletype_test
Apr 08, 2026 10:32:02 PM liquibase.changelog
INFO: New row inserted into sampletype_test
Apr 08, 2026 10:32:02 PM liquibase.changelog
INFO: New row inserted into sampletype_test
Apr 08, 2026 10:32:02 PM liquibase.changelog
INFO: New row inserted into sampletype_test
Apr 08, 2026 10:32:02 PM liquibase.changelog
INFO: New row inserted into sampletype_test
Apr 08, 2026 10:32:02 PM liquibase.changelog
INFO: New row inserted into sampletype_test
Apr 08, 2026 10:32:02 PM liquibase.changelog
INFO: New row inserted into sampletype_test
Apr 08, 2026 10:32:02 PM liquibase.changelog
INFO: New row inserted into sampletype_test
Apr 08, 2026 10:32:02 PM liquibase.changelog
INFO: New row inserted into sampletype_test
Apr 08, 2026 10:32:02 PM liquibase.changelog
INFO: New row inserted into sampletype_test
Apr 08, 2026 10:32:02 PM liquibase.changelog
INFO: New row inserted into sampletype_test
Apr 08, 2026 10:32:02 PM liquibase.changelog
INFO: New row inserted into sampletype_test
Apr 08, 2026 10:32:02 PM liquibase.changelog
INFO: New row inserted into sampletype_test
Apr 08, 2026 10:32:02 PM liquibase.changelog
INFO: New row inserted into sampletype_test
Apr 08, 2026 10:32:02 PM liquibase.changelog
INFO: New row inserted into sampletype_test
Apr 08, 2026 10:32:02 PM liquibase.changelog
INFO: New row inserted into sampletype_test
Apr 08, 2026 10:32:02 PM liquibase.changelog
INFO: New row inserted into sampletype_test
Apr 08, 2026 10:32:02 PM liquibase.changelog
INFO: New row inserted into sampletype_test
Apr 08, 2026 10:32:02 PM liquibase.changelog
INFO: New row inserted into sampletype_test
Apr 08, 2026 10:32:02 PM liquibase.changelog
INFO: New row inserted into sampletype_test
Apr 08, 2026 10:32:02 PM liquibase.changelog
INFO: New row inserted into sampletype_test
Apr 08, 2026 10:32:02 PM liquibase.changelog
INFO: New row inserted into sampletype_test
Apr 08, 2026 10:32:02 PM liquibase.changelog
INFO: New row inserted into sampletype_test
Apr 08, 2026 10:32:02 PM liquibase.changelog
INFO: New row inserted into sampletype_test
Apr 08, 2026 10:32:02 PM liquibase.changelog
INFO: New row inserted into sampletype_test
Apr 08, 2026 10:32:02 PM liquibase.changelog
INFO: New row inserted into sampletype_test
Apr 08, 2026 10:32:02 PM liquibase.changelog
INFO: New row inserted into sampletype_test
Apr 08, 2026 10:32:02 PM liquibase.changelog
INFO: New row inserted into sampletype_test
Apr 08, 2026 10:32:02 PM liquibase.changelog
INFO: New row inserted into sampletype_test
Apr 08, 2026 10:32:02 PM liquibase.changelog
INFO: New row inserted into sampletype_test
Apr 08, 2026 10:32:02 PM liquibase.changelog
INFO: New row inserted into sampletype_test
Apr 08, 2026 10:32:02 PM liquibase.changelog
INFO: New row inserted into sampletype_test
Apr 08, 2026 10:32:02 PM liquibase.changelog
INFO: New row inserted into sampletype_test
Apr 08, 2026 10:32:02 PM liquibase.changelog
INFO: New row inserted into sampletype_test
Apr 08, 2026 10:32:02 PM liquibase.changelog
INFO: New row inserted into sampletype_test
Apr 08, 2026 10:32:02 PM liquibase.changelog
INFO: ChangeSet liquibase/2.8.x.x/sample_types.xml::2::csteele ran successfully in 270ms
Running Changeset: liquibase/2.8.x.x/sample_types.xml::4::csteele
Apr 08, 2026 10:32:02 PM liquibase.changelog
INFO: New row inserted into sampletype_test
Apr 08, 2026 10:32:02 PM liquibase.changelog
INFO: New row inserted into sampletype_test
Apr 08, 2026 10:32:02 PM liquibase.changelog
INFO: New row inserted into sampletype_test
Apr 08, 2026 10:32:02 PM liquibase.changelog
INFO: New row inserted into sampletype_test
Apr 08, 2026 10:32:02 PM liquibase.changelog
INFO: New row inserted into sampletype_test
Apr 08, 2026 10:32:02 PM liquibase.changelog
INFO: New row inserted into sampletype_test
Apr 08, 2026 10:32:02 PM liquibase.changelog
INFO: New row inserted into sampletype_test
Apr 08, 2026 10:32:02 PM liquibase.changelog
INFO: New row inserted into sampletype_test
Apr 08, 2026 10:32:02 PM liquibase.changelog
INFO: New row inserted into sampletype_test
Apr 08, 2026 10:32:02 PM liquibase.changelog
INFO: New row inserted into sampletype_test
Apr 08, 2026 10:32:02 PM liquibase.changelog
INFO: New row inserted into sampletype_test
Apr 08, 2026 10:32:02 PM liquibase.changelog
INFO: New row inserted into sampletype_test
Apr 08, 2026 10:32:02 PM liquibase.changelog
INFO: New row inserted into sampletype_test
Apr 08, 2026 10:32:02 PM liquibase.changelog
INFO: New row inserted into sampletype_test
Apr 08, 2026 10:32:02 PM liquibase.changelog
INFO: New row inserted into sampletype_test
Apr 08, 2026 10:32:02 PM liquibase.changelog
INFO: New row inserted into sampletype_test
Apr 08, 2026 10:32:02 PM liquibase.changelog
INFO: New row inserted into sampletype_test
Apr 08, 2026 10:32:02 PM liquibase.changelog
INFO: New row inserted into sampletype_test
Apr 08, 2026 10:32:02 PM liquibase.changelog
INFO: New row inserted into sampletype_test
Apr 08, 2026 10:32:02 PM liquibase.changelog
INFO: New row inserted into sampletype_test
Apr 08, 2026 10:32:02 PM liquibase.changelog
INFO: New row inserted into sampletype_test
Apr 08, 2026 10:32:02 PM liquibase.changelog
INFO: New row inserted into sampletype_test
Apr 08, 2026 10:32:02 PM liquibase.changelog
INFO: New row inserted into sampletype_test
Apr 08, 2026 10:32:02 PM liquibase.changelog
INFO: New row inserted into sampletype_test
Apr 08, 2026 10:32:02 PM liquibase.changelog
INFO: New row inserted into sampletype_test
Apr 08, 2026 10:32:02 PM liquibase.changelog
INFO: New row inserted into sampletype_test
Apr 08, 2026 10:32:02 PM liquibase.changelog
INFO: New row inserted into sampletype_test
Apr 08, 2026 10:32:02 PM liquibase.changelog
INFO: New row inserted into sampletype_test
Apr 08, 2026 10:32:02 PM liquibase.changelog
INFO: New row inserted into sampletype_test
Apr 08, 2026 10:32:02 PM liquibase.changelog
INFO: New row inserted into sampletype_test
Apr 08, 2026 10:32:02 PM liquibase.changelog
INFO: New row inserted into sampletype_test
Apr 08, 2026 10:32:02 PM liquibase.changelog
INFO: New row inserted into sampletype_test
Apr 08, 2026 10:32:02 PM liquibase.changelog
INFO: New row inserted into sampletype_test
Apr 08, 2026 10:32:02 PM liquibase.changelog
INFO: New row inserted into sampletype_test
Apr 08, 2026 10:32:02 PM liquibase.changelog
INFO: New row inserted into sampletype_test
Apr 08, 2026 10:32:02 PM liquibase.changelog
INFO: New row inserted into sampletype_test
Apr 08, 2026 10:32:02 PM liquibase.changelog
INFO: New row inserted into sampletype_test
Apr 08, 2026 10:32:02 PM liquibase.changelog
INFO: New row inserted into sampletype_test
Apr 08, 2026 10:32:02 PM liquibase.changelog
INFO: New row inserted into sampletype_test
Apr 08, 2026 10:32:02 PM liquibase.changelog
INFO: New row inserted into sampletype_test
Apr 08, 2026 10:32:02 PM liquibase.changelog
INFO: New row inserted into sampletype_test
Apr 08, 2026 10:32:02 PM liquibase.changelog
INFO: New row inserted into sampletype_test
Apr 08, 2026 10:32:02 PM liquibase.changelog
INFO: New row inserted into sampletype_test
Apr 08, 2026 10:32:02 PM liquibase.changelog
INFO: New row inserted into sampletype_test
Apr 08, 2026 10:32:02 PM liquibase.changelog
INFO: New row inserted into sampletype_test
Apr 08, 2026 10:32:02 PM liquibase.changelog
INFO: New row inserted into sampletype_test
Apr 08, 2026 10:32:02 PM liquibase.changelog
INFO: New row inserted into sampletype_test
Apr 08, 2026 10:32:02 PM liquibase.changelog
INFO: New row inserted into sampletype_test
Apr 08, 2026 10:32:02 PM liquibase.changelog
INFO: New row inserted into sampletype_test
Apr 08, 2026 10:32:02 PM liquibase.changelog
INFO: New row inserted into sampletype_test
Apr 08, 2026 10:32:02 PM liquibase.changelog
INFO: New row inserted into sampletype_test
Apr 08, 2026 10:32:02 PM liquibase.changelog
INFO: New row inserted into sampletype_test
Apr 08, 2026 10:32:02 PM liquibase.changelog
INFO: New row inserted into sampletype_test
Apr 08, 2026 10:32:02 PM liquibase.changelog
INFO: New row inserted into sampletype_test
Apr 08, 2026 10:32:02 PM liquibase.changelog
INFO: New row inserted into sampletype_test
Apr 08, 2026 10:32:02 PM liquibase.changelog
INFO: New row inserted into sampletype_test
Apr 08, 2026 10:32:02 PM liquibase.changelog
INFO: New row inserted into sampletype_test
Apr 08, 2026 10:32:02 PM liquibase.changelog
INFO: ChangeSet liquibase/2.8.x.x/sample_types.xml::4::csteele ran successfully in 206ms
Running Changeset: liquibase/2.8.x.x/add_antimicrobial_resistance_test_column.xml::1::rossumg
Apr 08, 2026 10:32:02 PM liquibase.changelog
INFO: Columns antimicrobial_resistance(boolean) added to test
Apr 08, 2026 10:32:02 PM liquibase.changelog
INFO: ChangeSet liquibase/2.8.x.x/add_antimicrobial_resistance_test_column.xml::1::rossumg ran successfully in 14ms
Running Changeset: liquibase/2.8.x.x/add_antimicrobial_resistance_test_column.xml::2::rossumg
Apr 08, 2026 10:32:02 PM liquibase.changelog
INFO: New row inserted into menu
Apr 08, 2026 10:32:02 PM liquibase.changelog
INFO: ChangeSet liquibase/2.8.x.x/add_antimicrobial_resistance_test_column.xml::2::rossumg ran successfully in 7ms
Running Changeset: liquibase/2.8.x.x/lab_number_alphanum_update.xml::1::csteele
Apr 08, 2026 10:32:02 PM liquibase.changelog
INFO: New row inserted into site_information_domain
Apr 08, 2026 10:32:02 PM liquibase.changelog
INFO: New row inserted into site_information
Apr 08, 2026 10:32:02 PM liquibase.changelog
INFO: New row inserted into site_information
Apr 08, 2026 10:32:02 PM liquibase.changelog
INFO: Data updated in site_information
Apr 08, 2026 10:32:02 PM liquibase.changelog
INFO: ChangeSet liquibase/2.8.x.x/lab_number_alphanum_update.xml::1::csteele ran successfully in 17ms
Running Changeset: liquibase/2.8.x.x/lab_number_alphanum_update.xml::2::csteele
Apr 08, 2026 10:32:02 PM liquibase.changelog
INFO: Data updated in site_information
Apr 08, 2026 10:32:02 PM liquibase.changelog
INFO: ChangeSet liquibase/2.8.x.x/lab_number_alphanum_update.xml::2::csteele ran successfully in 7ms
Running Changeset: liquibase/2.8.x.x/menu.xml::1::csteele
Apr 08, 2026 10:32:02 PM liquibase.changelog
INFO: New row inserted into menu
Apr 08, 2026 10:32:02 PM liquibase.changelog
INFO: ChangeSet liquibase/2.8.x.x/menu.xml::1::csteele ran successfully in 7ms
Running Changeset: liquibase/2.8.x.x/menu.xml::2::csteele
Apr 08, 2026 10:32:02 PM liquibase.changelog
INFO: Data updated in menu
Apr 08, 2026 10:32:02 PM liquibase.changelog
INFO: Data deleted from site_information
Apr 08, 2026 10:32:02 PM liquibase.changelog
INFO: ChangeSet liquibase/2.8.x.x/menu.xml::2::csteele ran successfully in 14ms
Running Changeset: liquibase/2.8.x.x/menu.xml::3::csteele
Apr 08, 2026 10:32:02 PM liquibase.changelog
INFO: New row inserted into menu
Apr 08, 2026 10:32:02 PM liquibase.changelog
INFO: Data updated in menu
Apr 08, 2026 10:32:02 PM liquibase.changelog
INFO: Data updated in menu
Apr 08, 2026 10:32:02 PM liquibase.changelog
INFO: Data deleted from site_information
Apr 08, 2026 10:32:02 PM liquibase.changelog
INFO: ChangeSet liquibase/2.8.x.x/menu.xml::3::csteele ran successfully in 17ms
Running Changeset: liquibase/2.8.x.x/menu.xml::4::csteele
Apr 08, 2026 10:32:03 PM liquibase.changelog
INFO: Data updated in menu
Apr 08, 2026 10:32:03 PM liquibase.changelog
INFO: Data deleted from site_information
Apr 08, 2026 10:32:03 PM liquibase.changelog
INFO: ChangeSet liquibase/2.8.x.x/menu.xml::4::csteele ran successfully in 11ms
Running Changeset: liquibase/2.8.x.x/menu.xml::5::csteele
Apr 08, 2026 10:32:03 PM liquibase.changelog
INFO: Data deleted from site_information
Apr 08, 2026 10:32:03 PM liquibase.changelog
INFO: Data deleted from site_information
Apr 08, 2026 10:32:03 PM liquibase.changelog
INFO: ChangeSet liquibase/2.8.x.x/menu.xml::5::csteele ran successfully in 8ms
Running Changeset: liquibase/2.8.x.x/menu.xml::6::csteele
Apr 08, 2026 10:32:03 PM liquibase.changelog
INFO: New row inserted into menu
Apr 08, 2026 10:32:03 PM liquibase.changelog
INFO: New row inserted into menu
Apr 08, 2026 10:32:03 PM liquibase.changelog
INFO: ChangeSet liquibase/2.8.x.x/menu.xml::6::csteele ran successfully in 11ms
Running Changeset: liquibase/2.8.x.x/menu.xml::7::csteele
Apr 08, 2026 10:32:03 PM liquibase.changelog
INFO: New row inserted into menu
Apr 08, 2026 10:32:03 PM liquibase.changelog
INFO: New row inserted into menu
Apr 08, 2026 10:32:03 PM liquibase.changelog
INFO: ChangeSet liquibase/2.8.x.x/menu.xml::7::csteele ran successfully in 11ms
Running Changeset: liquibase/2.8.x.x/menu.xml::8::csteele
Apr 08, 2026 10:32:03 PM liquibase.changelog
INFO: New row inserted into menu
Apr 08, 2026 10:32:03 PM liquibase.changelog
INFO: New row inserted into menu
Apr 08, 2026 10:32:03 PM liquibase.changelog
INFO: ChangeSet liquibase/2.8.x.x/menu.xml::8::csteele ran successfully in 11ms
Running Changeset: liquibase/2.8.x.x/menu.xml::9::csteele
Apr 08, 2026 10:32:03 PM liquibase.changelog
INFO: New row inserted into menu
Apr 08, 2026 10:32:03 PM liquibase.changelog
INFO: Data updated in menu
Apr 08, 2026 10:32:03 PM liquibase.changelog
INFO: Data deleted from menu
Apr 08, 2026 10:32:03 PM liquibase.changelog
INFO: ChangeSet liquibase/2.8.x.x/menu.xml::9::csteele ran successfully in 12ms
Running Changeset: liquibase/2.8.x.x/menu.xml::10::csteele
Apr 08, 2026 10:32:03 PM liquibase.changelog
INFO: Data updated in menu
Apr 08, 2026 10:32:03 PM liquibase.changelog
INFO: Data updated in menu
Apr 08, 2026 10:32:03 PM liquibase.changelog
INFO: Data updated in menu
Apr 08, 2026 10:32:03 PM liquibase.changelog
INFO: Data updated in menu
Apr 08, 2026 10:32:03 PM liquibase.changelog
INFO: Data updated in menu
Apr 08, 2026 10:32:03 PM liquibase.changelog
INFO: Data updated in menu
Apr 08, 2026 10:32:03 PM liquibase.changelog
INFO: Data updated in menu
Apr 08, 2026 10:32:03 PM liquibase.changelog
INFO: Data updated in menu
Apr 08, 2026 10:32:03 PM liquibase.changelog
INFO: Data updated in menu
Apr 08, 2026 10:32:03 PM liquibase.changelog
INFO: Data updated in menu
Apr 08, 2026 10:32:03 PM liquibase.changelog
INFO: Data updated in menu
Apr 08, 2026 10:32:03 PM liquibase.changelog
INFO: Data updated in menu
Apr 08, 2026 10:32:03 PM liquibase.changelog
INFO: Data updated in menu
Apr 08, 2026 10:32:03 PM liquibase.changelog
INFO: Data updated in menu
Apr 08, 2026 10:32:03 PM liquibase.changelog
INFO: ChangeSet liquibase/2.8.x.x/menu.xml::10::csteele ran successfully in 36ms
Running Changeset: liquibase/2.8.x.x/menu.xml::11::csteele
Apr 08, 2026 10:32:03 PM liquibase.changelog
INFO: Data updated in menu
Apr 08, 2026 10:32:03 PM liquibase.changelog
INFO: Data updated in menu
Apr 08, 2026 10:32:03 PM liquibase.changelog
INFO: ChangeSet liquibase/2.8.x.x/menu.xml::11::csteele ran successfully in 6ms
Running Changeset: liquibase/2.8.x.x/menu.xml::12::moses_mutesa
Apr 08, 2026 10:32:03 PM liquibase.changelog
INFO: Data deleted from menu
Apr 08, 2026 10:32:03 PM liquibase.changelog
INFO: ChangeSet liquibase/2.8.x.x/menu.xml::12::moses_mutesa ran successfully in 4ms
Running Changeset: liquibase/2.8.x.x/menu.xml::13::csteele
Apr 08, 2026 10:32:03 PM liquibase.changelog
INFO: Columns hide_in_old_ui(BOOLEAN) added to menu
Apr 08, 2026 10:32:03 PM liquibase.changelog
INFO: Data updated in menu
Apr 08, 2026 10:32:03 PM liquibase.changelog
INFO: ChangeSet liquibase/2.8.x.x/menu.xml::13::csteele ran successfully in 9ms
Running Changeset: liquibase/2.8.x.x/menu.xml::14::vishal
Apr 08, 2026 10:32:03 PM liquibase.changelog
INFO: Data deleted from menu
Apr 08, 2026 10:32:03 PM liquibase.changelog
INFO: Data updated in menu
Apr 08, 2026 10:32:03 PM liquibase.changelog
INFO: ChangeSet liquibase/2.8.x.x/menu.xml::14::vishal ran successfully in 9ms
Running Changeset: liquibase/2.8.x.x/menu.xml::15::vishal
Apr 08, 2026 10:32:03 PM liquibase.changelog
INFO: Data deleted from menu
Apr 08, 2026 10:32:03 PM liquibase.changelog
INFO: Data updated in menu
Apr 08, 2026 10:32:03 PM liquibase.changelog
INFO: ChangeSet liquibase/2.8.x.x/menu.xml::15::vishal ran successfully in 12ms
Running Changeset: liquibase/2.8.x.x/menu.xml::16::vishal
Apr 08, 2026 10:32:03 PM liquibase.changelog
INFO: Data deleted from menu
Apr 08, 2026 10:32:03 PM liquibase.changelog
INFO: Data updated in menu
Apr 08, 2026 10:32:03 PM liquibase.changelog
INFO: ChangeSet liquibase/2.8.x.x/menu.xml::16::vishal ran successfully in 8ms
Running Changeset: liquibase/2.8.x.x/panel_item_fix.xml::1::csteele
Apr 08, 2026 10:32:03 PM liquibase.changelog
INFO: Marking ChangeSet: liquibase/2.8.x.x/panel_item_fix.xml::1::csteele ran despite precondition failure due to onFail='MARK_RAN': 
          liquibase/base-changelog.xml : Not precondition failed

Running Changeset: liquibase/2.8.x.x/update_default_setting.xml::1::moses_mutesa
Apr 08, 2026 10:32:03 PM liquibase.changelog
INFO: New row inserted into system_user_role
Apr 08, 2026 10:32:03 PM liquibase.changelog
INFO: New row inserted into system_user_role
Apr 08, 2026 10:32:03 PM liquibase.changelog
INFO: ChangeSet liquibase/2.8.x.x/update_default_setting.xml::1::moses_mutesa ran successfully in 18ms
Running Changeset: liquibase/2.8.x.x/update_default_setting.xml::2::moses_mutesa
Apr 08, 2026 10:32:03 PM liquibase.changelog
INFO: Data updated in site_information
Apr 08, 2026 10:32:03 PM liquibase.changelog
INFO: ChangeSet liquibase/2.8.x.x/update_default_setting.xml::2::moses_mutesa ran successfully in 9ms
Running Changeset: liquibase/2.8.x.x/update_default_setting.xml::3::mozzymutesa
Apr 08, 2026 10:32:03 PM liquibase.changelog
INFO: New row inserted into system_module
Apr 08, 2026 10:32:03 PM liquibase.changelog
INFO: New row inserted into system_role_module
Apr 08, 2026 10:32:03 PM liquibase.changelog
INFO: New row inserted into system_module_param
Apr 08, 2026 10:32:03 PM liquibase.changelog
INFO: New row inserted into system_module_url
Apr 08, 2026 10:32:03 PM liquibase.changelog
INFO: New row inserted into system_module_url
Apr 08, 2026 10:32:03 PM liquibase.changelog
INFO: ChangeSet liquibase/2.8.x.x/update_default_setting.xml::3::mozzymutesa ran successfully in 25ms
Running Changeset: liquibase/2.8.x.x/update_default_setting.xml::4::mozzymutesa
Apr 08, 2026 10:32:03 PM liquibase.changelog
INFO: Data updated in menu
Apr 08, 2026 10:32:03 PM liquibase.changelog
INFO: ChangeSet liquibase/2.8.x.x/update_default_setting.xml::4::mozzymutesa ran successfully in 11ms
Running Changeset: liquibase/2.8.x.x/rename_test_for_csv_export.xml::1::csteele
Apr 08, 2026 10:32:03 PM liquibase.changelog
INFO: Marking ChangeSet: liquibase/2.8.x.x/rename_test_for_csv_export.xml::1::csteele ran despite precondition failure due to onFail='MARK_RAN': 
          liquibase/base-changelog.xml : SQL Precondition failed.  Expected '1' got '0'

Running Changeset: liquibase/2.8.x.x/loinc.xml::1::csteele
Apr 08, 2026 10:32:03 PM liquibase.changelog
INFO: Data updated in test
Apr 08, 2026 10:32:03 PM liquibase.changelog
INFO: Data updated in test
Apr 08, 2026 10:32:03 PM liquibase.changelog
INFO: Data updated in test
Apr 08, 2026 10:32:03 PM liquibase.changelog
INFO: Data updated in test
Apr 08, 2026 10:32:03 PM liquibase.changelog
INFO: Data updated in test
Apr 08, 2026 10:32:03 PM liquibase.changelog
INFO: Data updated in test
Apr 08, 2026 10:32:03 PM liquibase.changelog
INFO: Data updated in test
Apr 08, 2026 10:32:03 PM liquibase.changelog
INFO: Data updated in test
Apr 08, 2026 10:32:03 PM liquibase.changelog
INFO: Data updated in test
Apr 08, 2026 10:32:03 PM liquibase.changelog
INFO: Data updated in test
Apr 08, 2026 10:32:03 PM liquibase.changelog
INFO: Data updated in test
Apr 08, 2026 10:32:03 PM liquibase.changelog
INFO: Data updated in test
Apr 08, 2026 10:32:03 PM liquibase.changelog
INFO: Data updated in test
Apr 08, 2026 10:32:03 PM liquibase.changelog
INFO: Data updated in test
Apr 08, 2026 10:32:03 PM liquibase.changelog
INFO: Data updated in test
Apr 08, 2026 10:32:03 PM liquibase.changelog
INFO: Data updated in test
Apr 08, 2026 10:32:03 PM liquibase.changelog
INFO: ChangeSet liquibase/2.8.x.x/loinc.xml::1::csteele ran successfully in 64ms
Running Changeset: liquibase/2.8.x.x/notifications.xml::create_notifications_table::clinlims
Apr 08, 2026 10:32:03 PM liquibase.changelog
INFO: Table notifications created
Apr 08, 2026 10:32:03 PM liquibase.changelog
INFO: Foreign key constraint added to notifications (user_id)
Apr 08, 2026 10:32:03 PM liquibase.changelog
INFO: ChangeSet liquibase/2.8.x.x/notifications.xml::create_notifications_table::clinlims ran successfully in 14ms
Running Changeset: liquibase/2.8.x.x/sample_program_audit_trail.xml::1::csteele
Apr 08, 2026 10:32:03 PM liquibase.changelog
INFO: New row inserted into reference_tables
Apr 08, 2026 10:32:03 PM liquibase.changelog
INFO: New row inserted into reference_tables
Apr 08, 2026 10:32:03 PM liquibase.changelog
INFO: New row inserted into reference_tables
Apr 08, 2026 10:32:03 PM liquibase.changelog
INFO: New row inserted into reference_tables
Apr 08, 2026 10:32:03 PM liquibase.changelog
INFO: ChangeSet liquibase/2.8.x.x/sample_program_audit_trail.xml::1::csteele ran successfully in 18ms
Running Changeset: liquibase/2.8.x.x/notification_subscriptions.xml::create_notification_subscriptions_table::clinlims
Apr 08, 2026 10:32:03 PM liquibase.changelog
INFO: Table notification_subscriptions created
Apr 08, 2026 10:32:03 PM liquibase.changelog
INFO: Foreign key constraint added to notification_subscriptions (user_id)
Apr 08, 2026 10:32:03 PM liquibase.changelog
INFO: ChangeSet liquibase/2.8.x.x/notification_subscriptions.xml::create_notification_subscriptions_table::clinlims ran successfully in 16ms
Running Changeset: liquibase/2.8.x.x/method.xml::1::csteele
Apr 08, 2026 10:32:03 PM liquibase.changelog
INFO: Columns method_id(NUMERIC(10)) added to analysis
Apr 08, 2026 10:32:03 PM liquibase.changelog
INFO: ChangeSet liquibase/2.8.x.x/method.xml::1::csteele ran successfully in 9ms
Running Changeset: liquibase/2.8.x.x/landing_page_config.xml::1::mozzymutesa
Apr 08, 2026 10:32:03 PM liquibase.changelog
INFO: New row inserted into site_information
Apr 08, 2026 10:32:03 PM liquibase.changelog
INFO: ChangeSet liquibase/2.8.x.x/landing_page_config.xml::1::mozzymutesa ran successfully in 7ms
Running Changeset: liquibase/2.8.x.x/enable_client_registry_search.xml::1::mherman22
Apr 08, 2026 10:32:03 PM liquibase.changelog
INFO: New row inserted into site_information
Apr 08, 2026 10:32:03 PM liquibase.changelog
INFO: ChangeSet liquibase/2.8.x.x/enable_client_registry_search.xml::1::mherman22 ran successfully in 7ms
Running Changeset: liquibase/3.1.x.x/panel_loinc.xml::1::csteele
Apr 08, 2026 10:32:03 PM liquibase.changelog
INFO: Columns loinc(character varying(10)) added to panel
Apr 08, 2026 10:32:03 PM liquibase.changelog
INFO: ChangeSet liquibase/3.1.x.x/panel_loinc.xml::1::csteele ran successfully in 10ms
Running Changeset: liquibase/3.1.x.x/bar_code_config.xml::1::moses_mutesa
Apr 08, 2026 10:32:03 PM liquibase.changelog
INFO: New row inserted into dictionary_category
Apr 08, 2026 10:32:03 PM liquibase.changelog
INFO: New row inserted into dictionary
Apr 08, 2026 10:32:03 PM liquibase.changelog
INFO: New row inserted into dictionary
Apr 08, 2026 10:32:03 PM liquibase.changelog
INFO: New row inserted into site_information
Apr 08, 2026 10:32:03 PM liquibase.changelog
INFO: ChangeSet liquibase/3.1.x.x/bar_code_config.xml::1::moses_mutesa ran successfully in 16ms
Running Changeset: liquibase/3.1.x.x/dictionary-loinc.xml::add-dictionary-loinc-code::agaba-derrick
Apr 08, 2026 10:32:03 PM liquibase.changelog
INFO: Columns loinc_code(VARCHAR(10)) added to dictionary
Apr 08, 2026 10:32:03 PM liquibase.changelog
INFO: ChangeSet liquibase/3.1.x.x/dictionary-loinc.xml::add-dictionary-loinc-code::agaba-derrick ran successfully in 12ms
Running Changeset: liquibase/3.1.x.x/dictionary-loinc.xml::modify-dictionary-loinc-code::motesamozzy
Apr 08, 2026 10:32:03 PM liquibase.changelog
INFO: dictionary.loinc_code datatype was changed to varchar(20)
Apr 08, 2026 10:32:03 PM liquibase.changelog
INFO: ChangeSet liquibase/3.1.x.x/dictionary-loinc.xml::modify-dictionary-loinc-code::motesamozzy ran successfully in 9ms
Running Changeset: liquibase/3.1.x.x/enable_openelis_to_odoo_connection.xml::1::mherman22
Apr 08, 2026 10:32:03 PM liquibase.changelog
INFO: New row inserted into site_information
Apr 08, 2026 10:32:03 PM liquibase.changelog
INFO: ChangeSet liquibase/3.1.x.x/enable_openelis_to_odoo_connection.xml::1::mherman22 ran successfully in 7ms
Running Changeset: liquibase/3.1.x.x/provisional_clinical_diagnosis.xml::1::herbert
Apr 08, 2026 10:32:03 PM liquibase.changelog
INFO: Custom SQL executed
Apr 08, 2026 10:32:03 PM liquibase.changelog
INFO: ChangeSet liquibase/3.1.x.x/provisional_clinical_diagnosis.xml::1::herbert ran successfully in 7ms
Running Changeset: liquibase/3.2.x.x/notebook.xml::create-notebook-table::mozzymutesa
Apr 08, 2026 10:32:03 PM liquibase.changelog
INFO: Table notebook created
Apr 08, 2026 10:32:03 PM liquibase.changelog
INFO: Sequence notebook_seq created
Apr 08, 2026 10:32:03 PM liquibase.changelog
INFO: ChangeSet liquibase/3.2.x.x/notebook.xml::create-notebook-table::mozzymutesa ran successfully in 91ms
Running Changeset: liquibase/3.2.x.x/notebook.xml::create-notebook-page-table::mozzymutesa
Apr 08, 2026 10:32:03 PM liquibase.changelog
INFO: Table notebook_page created
Apr 08, 2026 10:32:03 PM liquibase.changelog
INFO: Sequence notebook_page_seq created
Apr 08, 2026 10:32:03 PM liquibase.changelog
INFO: ChangeSet liquibase/3.2.x.x/notebook.xml::create-notebook-page-table::mozzymutesa ran successfully in 104ms
Running Changeset: liquibase/3.2.x.x/notebook.xml::create-notebook-file-table::mozzymutesa
Apr 08, 2026 10:32:04 PM liquibase.changelog
INFO: Table notebook_file created
Apr 08, 2026 10:32:04 PM liquibase.changelog
INFO: Sequence notebook_file_seq created
Apr 08, 2026 10:32:04 PM liquibase.changelog
INFO: ChangeSet liquibase/3.2.x.x/notebook.xml::create-notebook-file-table::mozzymutesa ran successfully in 110ms
Running Changeset: liquibase/3.2.x.x/notebook.xml::create-notebook-comment-table::mozzymutesa
Apr 08, 2026 10:32:04 PM liquibase.changelog
INFO: Table notebook_comment created
Apr 08, 2026 10:32:04 PM liquibase.changelog
INFO: Sequence notebook_comment_seq created
Apr 08, 2026 10:32:04 PM liquibase.changelog
INFO: ChangeSet liquibase/3.2.x.x/notebook.xml::create-notebook-comment-table::mozzymutesa ran successfully in 128ms
Running Changeset: liquibase/3.2.x.x/notebook.xml::create-notebook-tags-table::mozzymutesa
Apr 08, 2026 10:32:04 PM liquibase.changelog
INFO: Table notebook_tags created
Apr 08, 2026 10:32:04 PM liquibase.changelog
INFO: ChangeSet liquibase/3.2.x.x/notebook.xml::create-notebook-tags-table::mozzymutesa ran successfully in 102ms
Running Changeset: liquibase/3.2.x.x/notebook.xml::create-notebook-samples-list-table::mozzymutesa
Apr 08, 2026 10:32:04 PM liquibase.changelog
INFO: Table notebook_samples_list created
Apr 08, 2026 10:32:04 PM liquibase.changelog
INFO: ChangeSet liquibase/3.2.x.x/notebook.xml::create-notebook-samples-list-table::mozzymutesa ran successfully in 134ms
Running Changeset: liquibase/3.2.x.x/notebook.xml::create-notebook-analysers-table::mozzymutesa
Apr 08, 2026 10:32:04 PM liquibase.changelog
INFO: Table notebook_analysers created
Apr 08, 2026 10:32:04 PM liquibase.changelog
INFO: ChangeSet liquibase/3.2.x.x/notebook.xml::create-notebook-analysers-table::mozzymutesa ran successfully in 124ms
Running Changeset: liquibase/3.2.x.x/notebook.xml::create-notebook-entries-table::mozzymutesa
Apr 08, 2026 10:32:04 PM liquibase.changelog
INFO: Table notebook_entries created
Apr 08, 2026 10:32:04 PM liquibase.changelog
INFO: ChangeSet liquibase/3.2.x.x/notebook.xml::create-notebook-entries-table::mozzymutesa ran successfully in 111ms
Running Changeset: liquibase/3.2.x.x/notebook.xml::create-notebook-page-panels-table::mozzymutesa
Apr 08, 2026 10:32:04 PM liquibase.changelog
INFO: Table notebook_page_panels created
Apr 08, 2026 10:32:04 PM liquibase.changelog
INFO: ChangeSet liquibase/3.2.x.x/notebook.xml::create-notebook-page-panels-table::mozzymutesa ran successfully in 86ms
Running Changeset: liquibase/3.2.x.x/notebook.xml::create-notebook-page-tests-table::mozzymutesa
Apr 08, 2026 10:32:04 PM liquibase.changelog
INFO: Table notebook_page_tests created
Apr 08, 2026 10:32:04 PM liquibase.changelog
INFO: ChangeSet liquibase/3.2.x.x/notebook.xml::create-notebook-page-tests-table::mozzymutesa ran successfully in 88ms
Running Changeset: liquibase/3.2.x.x/notebook.xml::create-notebook-menu-option::mozzymutesa
Apr 08, 2026 10:32:04 PM liquibase.changelog
INFO: New row inserted into menu
Apr 08, 2026 10:32:04 PM liquibase.changelog
INFO: ChangeSet liquibase/3.2.x.x/notebook.xml::create-notebook-menu-option::mozzymutesa ran successfully in 12ms
Running Changeset: liquibase/3.2.x.x/notebook.xml::add-notebook-expt-type-category::mozzymutesa
Apr 08, 2026 10:32:04 PM liquibase.changelog
INFO: New row inserted into dictionary_category
Apr 08, 2026 10:32:04 PM liquibase.changelog
INFO: ChangeSet liquibase/3.2.x.x/notebook.xml::add-notebook-expt-type-category::mozzymutesa ran successfully in 12ms
Running Changeset: liquibase/3.2.x.x/notebook.xml::create-notebook-reference-table-entry::mozzymutesa
Apr 08, 2026 10:32:04 PM liquibase.changelog
INFO: New row inserted into reference_tables
Apr 08, 2026 10:32:04 PM liquibase.changelog
INFO: ChangeSet liquibase/3.2.x.x/notebook.xml::create-notebook-reference-table-entry::mozzymutesa ran successfully in 20ms
Running Changeset: liquibase/3.2.x.x/notebook.xml::create-notebook-samples-table-full::mozzymutesa
Apr 08, 2026 10:32:05 PM liquibase.changelog
INFO: Table notebook_samples created
Apr 08, 2026 10:32:05 PM liquibase.changelog
INFO: Sequence notebook_samples_seq created
Apr 08, 2026 10:32:05 PM liquibase.changelog
INFO: ChangeSet liquibase/3.2.x.x/notebook.xml::create-notebook-samples-table-full::mozzymutesa ran successfully in 158ms
Running Changeset: liquibase/3.2.x.x/patient_photo.xml::create-patient-photo::aziz_diakite
Apr 08, 2026 10:32:05 PM liquibase.changelog
INFO: Sequence patient_photo_seq created
Apr 08, 2026 10:32:05 PM liquibase.changelog
INFO: Table patient_photo created
Apr 08, 2026 10:32:05 PM liquibase.changelog
INFO: ChangeSet liquibase/3.2.x.x/patient_photo.xml::create-patient-photo::aziz_diakite ran successfully in 172ms
Running Changeset: liquibase/3.2.x.x/result_file.xml::20250825-01-create-result-file-table::elia
Apr 08, 2026 10:32:05 PM liquibase.changelog
INFO: Sequence result_file_seq created
Apr 08, 2026 10:32:05 PM liquibase.changelog
INFO: Table result_file created
Apr 08, 2026 10:32:05 PM liquibase.changelog
INFO: ChangeSet liquibase/3.2.x.x/result_file.xml::20250825-01-create-result-file-table::elia ran successfully in 123ms
Running Changeset: liquibase/3.2.x.x/result_file.xml::20250825-02-add-resultfile-to-analysis::elia
Apr 08, 2026 10:32:05 PM liquibase.changelog
INFO: Columns result_file_id(INTEGER) added to analysis
Apr 08, 2026 10:32:05 PM liquibase.changelog
INFO: Foreign key constraint added to analysis (result_file_id)
Apr 08, 2026 10:32:05 PM liquibase.changelog
INFO: Unique constraint added to analysis(result_file_id)
Apr 08, 2026 10:32:05 PM liquibase.changelog
INFO: ChangeSet liquibase/3.2.x.x/result_file.xml::20250825-02-add-resultfile-to-analysis::elia ran successfully in 27ms
Running Changeset: liquibase/3.2.x.x/sample_item.xml::23-10-2025::reagan-meant
Apr 08, 2026 10:32:05 PM liquibase.changelog
INFO: sample_item.external_id datatype was changed to varchar(40)
Apr 08, 2026 10:32:05 PM liquibase.changelog
INFO: ChangeSet liquibase/3.2.x.x/sample_item.xml::23-10-2025::reagan-meant ran successfully in 25ms
Running Changeset: liquibase/3.2.x.x/sample_item.xml::add-voided-22-10-2025::reagan-meant
Apr 08, 2026 10:32:05 PM liquibase.changelog
INFO: Columns voided(boolean) added to sample_item
Apr 08, 2026 10:32:05 PM liquibase.changelog
INFO: Data updated in sample_item
Apr 08, 2026 10:32:05 PM liquibase.changelog
INFO: ChangeSet liquibase/3.2.x.x/sample_item.xml::add-voided-22-10-2025::reagan-meant ran successfully in 18ms
Running Changeset: liquibase/3.2.x.x/sample_item.xml::add-void-reason-23-10-2025::reagan-meant
Apr 08, 2026 10:32:05 PM liquibase.changelog
INFO: Columns void_reason(varchar(200)) added to sample_item
Apr 08, 2026 10:32:05 PM liquibase.changelog
INFO: ChangeSet liquibase/3.2.x.x/sample_item.xml::add-void-reason-23-10-2025::reagan-meant ran successfully in 11ms
Running Changeset: liquibase/3.2.x.x/sample_item.xml::25-10-2025::reagan-meant
Apr 08, 2026 10:32:05 PM liquibase.changelog
INFO: New row inserted into menu
Apr 08, 2026 10:32:05 PM liquibase.changelog
INFO: ChangeSet liquibase/3.2.x.x/sample_item.xml::25-10-2025::reagan-meant ran successfully in 9ms
Running Changeset: liquibase/3.2.x.x/generic_sample_menu.xml::2025110701::Generic Sample Developer
Apr 08, 2026 10:32:05 PM liquibase.changelog
INFO: New row inserted into menu
Apr 08, 2026 10:32:05 PM liquibase.changelog
INFO: ChangeSet liquibase/3.2.x.x/generic_sample_menu.xml::2025110701::Generic Sample Developer ran successfully in 14ms
Running Changeset: liquibase/3.2.x.x/generic_sample_menu.xml::2025110702::Generic Sample Developer
Apr 08, 2026 10:32:05 PM liquibase.changelog
INFO: New row inserted into menu
Apr 08, 2026 10:32:05 PM liquibase.changelog
INFO: ChangeSet liquibase/3.2.x.x/generic_sample_menu.xml::2025110702::Generic Sample Developer ran successfully in 16ms
Running Changeset: liquibase/3.2.x.x/generic_sample_menu.xml::2025110703::Generic Sample Developer
Apr 08, 2026 10:32:05 PM liquibase.changelog
INFO: New row inserted into menu
Apr 08, 2026 10:32:05 PM liquibase.changelog
INFO: ChangeSet liquibase/3.2.x.x/generic_sample_menu.xml::2025110703::Generic Sample Developer ran successfully in 18ms
Running Changeset: liquibase/3.2.x.x/generic_sample_menu.xml::2025110704::Generic Sample Developer
Apr 08, 2026 10:32:05 PM liquibase.changelog
INFO: New row inserted into menu
Apr 08, 2026 10:32:05 PM liquibase.changelog
INFO: ChangeSet liquibase/3.2.x.x/generic_sample_menu.xml::2025110704::Generic Sample Developer ran successfully in 13ms
Running Changeset: liquibase/3.2.x.x/generic_sample_menu.xml::2025120101::Generic Sample Developer
Apr 08, 2026 10:32:05 PM liquibase.changelog
INFO: New row inserted into menu
Apr 08, 2026 10:32:05 PM liquibase.changelog
INFO: ChangeSet liquibase/3.2.x.x/generic_sample_menu.xml::2025120101::Generic Sample Developer ran successfully in 13ms
Running Changeset: liquibase/3.2.x.x/generic_sample_menu.xml::2025110705::Generic Sample Developer
Apr 08, 2026 10:32:05 PM liquibase.changelog
INFO: New row inserted into system_module
Apr 08, 2026 10:32:05 PM liquibase.changelog
INFO: ChangeSet liquibase/3.2.x.x/generic_sample_menu.xml::2025110705::Generic Sample Developer ran successfully in 12ms
Running Changeset: liquibase/3.2.x.x/generic_sample_menu.xml::2025110706::Generic Sample Developer
Apr 08, 2026 10:32:05 PM liquibase.changelog
INFO: New row inserted into system_module_url
Apr 08, 2026 10:32:05 PM liquibase.changelog
INFO: New row inserted into system_module_url
Apr 08, 2026 10:32:05 PM liquibase.changelog
INFO: New row inserted into system_module_url
Apr 08, 2026 10:32:05 PM liquibase.changelog
INFO: New row inserted into system_module_url
Apr 08, 2026 10:32:05 PM liquibase.changelog
INFO: New row inserted into system_module_url
Apr 08, 2026 10:32:05 PM liquibase.changelog
INFO: New row inserted into system_module_url
Apr 08, 2026 10:32:05 PM liquibase.changelog
INFO: ChangeSet liquibase/3.2.x.x/generic_sample_menu.xml::2025110706::Generic Sample Developer ran successfully in 40ms
Running Changeset: liquibase/3.2.x.x/generic_sample_menu.xml::2025110707::Generic Sample Developer
Apr 08, 2026 10:32:05 PM liquibase.changelog
INFO: New row inserted into system_role_module
Apr 08, 2026 10:32:05 PM liquibase.changelog
INFO: ChangeSet liquibase/3.2.x.x/generic_sample_menu.xml::2025110707::Generic Sample Developer ran successfully in 18ms
Running Changeset: liquibase/3.2.x.x/generic_sample_menu.xml::2025110708::Generic Sample Developer
Apr 08, 2026 10:32:05 PM liquibase.changelog
INFO: New row inserted into system_role_module
Apr 08, 2026 10:32:05 PM liquibase.changelog
INFO: ChangeSet liquibase/3.2.x.x/generic_sample_menu.xml::2025110708::Generic Sample Developer ran successfully in 17ms
Running Changeset: liquibase/3.2.x.x/sample-management.xml::sample-mgmt-001-add-aliquot-columns::dev-team
Apr 08, 2026 10:32:05 PM liquibase.changelog
INFO: Columns remaining_quantity(DECIMAL(10,3)),parent_sample_item_id(NUMERIC(10,0)) added to sample_item
Apr 08, 2026 10:32:05 PM liquibase.changelog
INFO: ChangeSet liquibase/3.2.x.x/sample-management.xml::sample-mgmt-001-add-aliquot-columns::dev-team ran successfully in 9ms
Running Changeset: liquibase/3.2.x.x/sample-management.xml::sample-mgmt-002-add-parent-fk::dev-team
Apr 08, 2026 10:32:06 PM liquibase.changelog
INFO: Foreign key constraint added to sample_item (parent_sample_item_id)
Apr 08, 2026 10:32:06 PM liquibase.changelog
INFO: ChangeSet liquibase/3.2.x.x/sample-management.xml::sample-mgmt-002-add-parent-fk::dev-team ran successfully in 10ms
Running Changeset: liquibase/3.2.x.x/sample-management.xml::sample-mgmt-003-add-parent-index::dev-team
Apr 08, 2026 10:32:06 PM liquibase.changelog
INFO: Index idx_sample_item_parent created
Apr 08, 2026 10:32:06 PM liquibase.changelog
INFO: ChangeSet liquibase/3.2.x.x/sample-management.xml::sample-mgmt-003-add-parent-index::dev-team ran successfully in 9ms
Running Changeset: liquibase/3.2.x.x/sample-management.xml::sample-mgmt-004-create-aliquot-relationship::dev-team
Apr 08, 2026 10:32:06 PM liquibase.changelog
INFO: Table sample_item_aliquot_relationship created
Apr 08, 2026 10:32:06 PM liquibase.changelog
INFO: ChangeSet liquibase/3.2.x.x/sample-management.xml::sample-mgmt-004-create-aliquot-relationship::dev-team ran successfully in 13ms
Running Changeset: liquibase/3.2.x.x/sample-management.xml::sample-mgmt-005-add-relationship-fks::dev-team
Apr 08, 2026 10:32:06 PM liquibase.changelog
INFO: Foreign key constraint added to sample_item_aliquot_relationship (parent_sample_item_id)
Apr 08, 2026 10:32:06 PM liquibase.changelog
INFO: Foreign key constraint added to sample_item_aliquot_relationship (child_sample_item_id)
Apr 08, 2026 10:32:06 PM liquibase.changelog
INFO: ChangeSet liquibase/3.2.x.x/sample-management.xml::sample-mgmt-005-add-relationship-fks::dev-team ran successfully in 14ms
Running Changeset: liquibase/3.2.x.x/sample-management.xml::sample-mgmt-006-add-sequence-unique::dev-team
Apr 08, 2026 10:32:06 PM liquibase.changelog
INFO: Unique constraint added to sample_item_aliquot_relationship(parent_sample_item_id, sequence_number)
Apr 08, 2026 10:32:06 PM liquibase.changelog
INFO: ChangeSet liquibase/3.2.x.x/sample-management.xml::sample-mgmt-006-add-sequence-unique::dev-team ran successfully in 6ms
Running Changeset: liquibase/3.2.x.x/sample-management.xml::sample-mgmt-007-add-relationship-indexes::dev-team
Apr 08, 2026 10:32:06 PM liquibase.changelog
INFO: Index idx_aliquot_rel_parent created
Apr 08, 2026 10:32:06 PM liquibase.changelog
INFO: Index idx_aliquot_rel_child created
Apr 08, 2026 10:32:06 PM liquibase.changelog
INFO: ChangeSet liquibase/3.2.x.x/sample-management.xml::sample-mgmt-007-add-relationship-indexes::dev-team ran successfully in 11ms
Running Changeset: liquibase/3.2.x.x/sample-management.xml::sample-mgmt-008-migrate-legacy-quantity::dev-team
Apr 08, 2026 10:32:06 PM liquibase.changelog
INFO: Custom SQL executed
Apr 08, 2026 10:32:06 PM liquibase.changelog
INFO: ChangeSet liquibase/3.2.x.x/sample-management.xml::sample-mgmt-008-migrate-legacy-quantity::dev-team ran successfully in 6ms
Running Changeset: liquibase/3.2.x.x/sample-management.xml::sample-mgmt-009-add-menu-entry::dev-team
Apr 08, 2026 10:32:06 PM liquibase.changelog
INFO: New row inserted into menu
Apr 08, 2026 10:32:06 PM liquibase.changelog
INFO: ChangeSet liquibase/3.2.x.x/sample-management.xml::sample-mgmt-009-add-menu-entry::dev-team ran successfully in 13ms
Running Changeset: liquibase/3.2.x.x/sample-management.xml::sample-mgmt-010-add-result-entry-menu::dev-team
Apr 08, 2026 10:32:06 PM liquibase.changelog
INFO: Marking ChangeSet: liquibase/3.2.x.x/sample-management.xml::sample-mgmt-010-add-result-entry-menu::dev-team ran despite precondition failure due to onFail='MARK_RAN': 
          liquibase/base-changelog.xml : SQL Precondition failed.  Expected '0' got '1'

Running Changeset: liquibase/3.3.x.x/001-create-storage-hierarchy-tables.xml::storage-001-create-storage-room-table::sample-storage-feature
Apr 08, 2026 10:32:06 PM liquibase.changelog
INFO: Table storage_room created
Apr 08, 2026 10:32:06 PM liquibase.changelog
INFO: Sequence storage_room_seq created
Apr 08, 2026 10:32:06 PM liquibase.changelog
INFO: ChangeSet liquibase/3.3.x.x/001-create-storage-hierarchy-tables.xml::storage-001-create-storage-room-table::sample-storage-feature ran successfully in 109ms
Running Changeset: liquibase/3.3.x.x/001-create-storage-hierarchy-tables.xml::storage-002-create-storage-device-table::sample-storage-feature
Apr 08, 2026 10:32:06 PM liquibase.changelog
INFO: Table storage_device created
Apr 08, 2026 10:32:06 PM liquibase.changelog
INFO: Unique constraint added to storage_device(parent_room_id, code)
Apr 08, 2026 10:32:06 PM liquibase.changelog
INFO: Custom SQL executed
Apr 08, 2026 10:32:06 PM liquibase.changelog
INFO: Sequence storage_device_seq created
Apr 08, 2026 10:32:06 PM liquibase.changelog
INFO: ChangeSet liquibase/3.3.x.x/001-create-storage-hierarchy-tables.xml::storage-002-create-storage-device-table::sample-storage-feature ran successfully in 121ms
Running Changeset: liquibase/3.3.x.x/001-create-storage-hierarchy-tables.xml::storage-003-create-storage-shelf-table::sample-storage-feature
Apr 08, 2026 10:32:06 PM liquibase.changelog
INFO: Table storage_shelf created
Apr 08, 2026 10:32:06 PM liquibase.changelog
INFO: Unique constraint added to storage_shelf(parent_device_id, label)
Apr 08, 2026 10:32:06 PM liquibase.changelog
INFO: Sequence storage_shelf_seq created
Apr 08, 2026 10:32:06 PM liquibase.changelog
INFO: ChangeSet liquibase/3.3.x.x/001-create-storage-hierarchy-tables.xml::storage-003-create-storage-shelf-table::sample-storage-feature ran successfully in 148ms
Running Changeset: liquibase/3.3.x.x/001-create-storage-hierarchy-tables.xml::storage-004-create-storage-rack-table::sample-storage-feature
Apr 08, 2026 10:32:06 PM liquibase.changelog
INFO: Table storage_rack created
Apr 08, 2026 10:32:06 PM liquibase.changelog
INFO: Unique constraint added to storage_rack(parent_shelf_id, label)
Apr 08, 2026 10:32:06 PM liquibase.changelog
INFO: Sequence storage_rack_seq created
Apr 08, 2026 10:32:06 PM liquibase.changelog
INFO: ChangeSet liquibase/3.3.x.x/001-create-storage-hierarchy-tables.xml::storage-004-create-storage-rack-table::sample-storage-feature ran successfully in 128ms
Running Changeset: liquibase/3.3.x.x/001-create-storage-hierarchy-tables.xml::storage-005-create-storage-box-table::sample-storage-feature
Apr 08, 2026 10:32:06 PM liquibase.changelog
INFO: Table storage_box created
Apr 08, 2026 10:32:06 PM liquibase.changelog
INFO: Unique constraint added to storage_box(parent_rack_id, label)
Apr 08, 2026 10:32:06 PM liquibase.changelog
INFO: Custom SQL executed
Apr 08, 2026 10:32:06 PM liquibase.changelog
INFO: Sequence storage_box_seq created
Apr 08, 2026 10:32:06 PM liquibase.changelog
INFO: ChangeSet liquibase/3.3.x.x/001-create-storage-hierarchy-tables.xml::storage-005-create-storage-box-table::sample-storage-feature ran successfully in 205ms
Running Changeset: liquibase/3.3.x.x/002-create-assignment-tables.xml::storage-006-create-sample-storage-assignment-table::sample-storage-feature
Apr 08, 2026 10:32:07 PM liquibase.changelog
INFO: Table sample_storage_assignment created
Apr 08, 2026 10:32:07 PM liquibase.changelog
INFO: Custom SQL executed
Apr 08, 2026 10:32:07 PM liquibase.changelog
INFO: Sequence sample_storage_assignment_seq created
Apr 08, 2026 10:32:07 PM liquibase.changelog
INFO: ChangeSet liquibase/3.3.x.x/002-create-assignment-tables.xml::storage-006-create-sample-storage-assignment-table::sample-storage-feature ran successfully in 173ms
Running Changeset: liquibase/3.3.x.x/002-create-assignment-tables.xml::storage-007-create-sample-storage-movement-table::sample-storage-feature
Apr 08, 2026 10:32:07 PM liquibase.changelog
INFO: Table sample_storage_movement created
Apr 08, 2026 10:32:07 PM liquibase.changelog
INFO: Custom SQL executed
Apr 08, 2026 10:32:07 PM liquibase.changelog
INFO: Custom SQL executed
Apr 08, 2026 10:32:07 PM liquibase.changelog
INFO: Custom SQL executed
Apr 08, 2026 10:32:07 PM liquibase.changelog
INFO: Sequence sample_storage_movement_seq created
Apr 08, 2026 10:32:07 PM liquibase.changelog
INFO: ChangeSet liquibase/3.3.x.x/002-create-assignment-tables.xml::storage-007-create-sample-storage-movement-table::sample-storage-feature ran successfully in 214ms
Running Changeset: liquibase/3.3.x.x/003-create-indexes.xml::storage-008-create-hierarchy-indexes::sample-storage-feature
Apr 08, 2026 10:32:07 PM liquibase.changelog
INFO: Index idx_device_parent_room created
Apr 08, 2026 10:32:07 PM liquibase.changelog
INFO: Index idx_shelf_parent_device created
Apr 08, 2026 10:32:07 PM liquibase.changelog
INFO: Index idx_rack_parent_shelf created
Apr 08, 2026 10:32:07 PM liquibase.changelog
INFO: Index idx_box_parent_rack created
Apr 08, 2026 10:32:07 PM liquibase.changelog
INFO: ChangeSet liquibase/3.3.x.x/003-create-indexes.xml::storage-008-create-hierarchy-indexes::sample-storage-feature ran successfully in 59ms
Running Changeset: liquibase/3.3.x.x/003-create-indexes.xml::storage-009-create-fhir-uuid-indexes::sample-storage-feature
Apr 08, 2026 10:32:07 PM liquibase.changelog
INFO: Index idx_room_fhir_uuid created
Apr 08, 2026 10:32:07 PM liquibase.changelog
INFO: Index idx_device_fhir_uuid created
Apr 08, 2026 10:32:07 PM liquibase.changelog
INFO: Index idx_shelf_fhir_uuid created
Apr 08, 2026 10:32:07 PM liquibase.changelog
INFO: Index idx_rack_fhir_uuid created
Apr 08, 2026 10:32:07 PM liquibase.changelog
INFO: Index idx_box_fhir_uuid created
Apr 08, 2026 10:32:07 PM liquibase.changelog
INFO: ChangeSet liquibase/3.3.x.x/003-create-indexes.xml::storage-009-create-fhir-uuid-indexes::sample-storage-feature ran successfully in 54ms
Running Changeset: liquibase/3.3.x.x/003-create-indexes.xml::storage-010-create-active-status-indexes::sample-storage-feature
Apr 08, 2026 10:32:07 PM liquibase.changelog
INFO: Index idx_room_active created
Apr 08, 2026 10:32:07 PM liquibase.changelog
INFO: Index idx_device_active created
Apr 08, 2026 10:32:07 PM liquibase.changelog
INFO: Index idx_shelf_active created
Apr 08, 2026 10:32:07 PM liquibase.changelog
INFO: Index idx_rack_active created
Apr 08, 2026 10:32:07 PM liquibase.changelog
INFO: ChangeSet liquibase/3.3.x.x/003-create-indexes.xml::storage-010-create-active-status-indexes::sample-storage-feature ran successfully in 47ms
Running Changeset: liquibase/3.3.x.x/003-create-indexes.xml::storage-011-create-assignment-indexes::sample-storage-feature
Apr 08, 2026 10:32:07 PM liquibase.changelog
INFO: Index idx_assignment_sample_item created
Apr 08, 2026 10:32:07 PM liquibase.changelog
INFO: Index idx_assignment_location created
Apr 08, 2026 10:32:07 PM liquibase.changelog
INFO: ChangeSet liquibase/3.3.x.x/003-create-indexes.xml::storage-011-create-assignment-indexes::sample-storage-feature ran successfully in 35ms
Running Changeset: liquibase/3.3.x.x/003-create-indexes.xml::storage-012-create-movement-indexes::sample-storage-feature
Apr 08, 2026 10:32:07 PM liquibase.changelog
INFO: Index idx_movement_sample_item created
Apr 08, 2026 10:32:07 PM liquibase.changelog
INFO: Index idx_movement_date created
Apr 08, 2026 10:32:07 PM liquibase.changelog
INFO: ChangeSet liquibase/3.3.x.x/003-create-indexes.xml::storage-012-create-movement-indexes::sample-storage-feature ran successfully in 28ms
Running Changeset: liquibase/3.3.x.x/005-add-storage-menu-item.xml::storage-menu-item-1::pmanko
Apr 08, 2026 10:32:07 PM liquibase.changelog
INFO: New row inserted into menu
Apr 08, 2026 10:32:07 PM liquibase.changelog
INFO: ChangeSet liquibase/3.3.x.x/005-add-storage-menu-item.xml::storage-menu-item-1::pmanko ran successfully in 11ms
Running Changeset: liquibase/3.3.x.x/006-add-storage-menu-localization.xml::storage-menu-localization-1::pmanko
Apr 08, 2026 10:32:07 PM liquibase.changelog
INFO: Custom SQL executed
Apr 08, 2026 10:32:07 PM liquibase.changelog
INFO: ChangeSet liquibase/3.3.x.x/006-add-storage-menu-localization.xml::storage-menu-localization-1::pmanko ran successfully in 12ms
Running Changeset: liquibase/3.3.x.x/008-add-short-code-columns.xml::storage-008-add-short-code-to-device::sample-storage-feature
Apr 08, 2026 10:32:07 PM liquibase.changelog
INFO: Columns short_code(VARCHAR(10)) added to storage_device
Apr 08, 2026 10:32:07 PM liquibase.changelog
INFO: ChangeSet liquibase/3.3.x.x/008-add-short-code-columns.xml::storage-008-add-short-code-to-device::sample-storage-feature ran successfully in 13ms
Running Changeset: liquibase/3.3.x.x/008-add-short-code-columns.xml::storage-008a-make-device-short-code-required::sample-storage-feature
Apr 08, 2026 10:32:07 PM liquibase.changelog
INFO: Custom SQL executed
Apr 08, 2026 10:32:07 PM liquibase.changelog
INFO: Unique constraint added to storage_device(parent_room_id, short_code)
Apr 08, 2026 10:32:07 PM liquibase.changelog
INFO: NOT NULL constraint has been added to storage_device.short_code
Apr 08, 2026 10:32:07 PM liquibase.changelog
INFO: ChangeSet liquibase/3.3.x.x/008-add-short-code-columns.xml::storage-008a-make-device-short-code-required::sample-storage-feature ran successfully in 49ms
Running Changeset: liquibase/3.3.x.x/008-add-short-code-columns.xml::storage-009-add-short-code-to-shelf::sample-storage-feature
Apr 08, 2026 10:32:07 PM liquibase.changelog
INFO: Columns short_code(VARCHAR(10)) added to storage_shelf
Apr 08, 2026 10:32:07 PM liquibase.changelog
INFO: ChangeSet liquibase/3.3.x.x/008-add-short-code-columns.xml::storage-009-add-short-code-to-shelf::sample-storage-feature ran successfully in 12ms
Running Changeset: liquibase/3.3.x.x/008-add-short-code-columns.xml::storage-009a-make-shelf-short-code-required::sample-storage-feature
Apr 08, 2026 10:32:07 PM liquibase.changelog
INFO: Custom SQL executed
Apr 08, 2026 10:32:07 PM liquibase.changelog
INFO: Unique constraint added to storage_shelf(parent_device_id, short_code)
Apr 08, 2026 10:32:07 PM liquibase.changelog
INFO: NOT NULL constraint has been added to storage_shelf.short_code
Apr 08, 2026 10:32:07 PM liquibase.changelog
INFO: ChangeSet liquibase/3.3.x.x/008-add-short-code-columns.xml::storage-009a-make-shelf-short-code-required::sample-storage-feature ran successfully in 39ms
Running Changeset: liquibase/3.3.x.x/008-add-short-code-columns.xml::storage-010-add-short-code-to-rack::sample-storage-feature
Apr 08, 2026 10:32:07 PM liquibase.changelog
INFO: Marking ChangeSet: liquibase/3.3.x.x/008-add-short-code-columns.xml::storage-010-add-short-code-to-rack::sample-storage-feature ran despite precondition failure due to onFail='MARK_RAN': 
          liquibase/base-changelog.xml : Not precondition failed

Running Changeset: liquibase/3.3.x.x/008-add-short-code-columns.xml::storage-010a-make-rack-short-code-required::sample-storage-feature
Apr 08, 2026 10:32:08 PM liquibase.changelog
INFO: Custom SQL executed
Apr 08, 2026 10:32:08 PM liquibase.changelog
INFO: Unique constraint added to storage_rack(parent_shelf_id, short_code)
Apr 08, 2026 10:32:08 PM liquibase.changelog
INFO: NOT NULL constraint has been added to storage_rack.short_code
Apr 08, 2026 10:32:08 PM liquibase.changelog
INFO: ChangeSet liquibase/3.3.x.x/008-add-short-code-columns.xml::storage-010a-make-rack-short-code-required::sample-storage-feature ran successfully in 40ms
Running Changeset: liquibase/3.3.x.x/009-create-print-history-table.xml::storage-011-create-print-history-table::sample-storage-feature
Apr 08, 2026 10:32:08 PM liquibase.changelog
INFO: Table storage_location_print_history created
Apr 08, 2026 10:32:08 PM liquibase.changelog
INFO: Custom SQL executed
Apr 08, 2026 10:32:08 PM liquibase.changelog
INFO: Index idx_print_history_location created
Apr 08, 2026 10:32:08 PM liquibase.changelog
INFO: Index idx_print_history_date created
Apr 08, 2026 10:32:08 PM liquibase.changelog
INFO: ChangeSet liquibase/3.3.x.x/009-create-print-history-table.xml::storage-011-create-print-history-table::sample-storage-feature ran successfully in 199ms
Running Changeset: liquibase/3.3.x.x/010-remove-odoo-site-information.xml::1::mherman22
Apr 08, 2026 10:32:08 PM liquibase.changelog
INFO: Data deleted from site_information
Apr 08, 2026 10:32:08 PM liquibase.changelog
INFO: ChangeSet liquibase/3.3.x.x/010-remove-odoo-site-information.xml::1::mherman22 ran successfully in 12ms
Running Changeset: liquibase/3.3.x.x/011-optimize-test-normalized-description.xml::test-011-enable-unaccent-extension::performance-optimization
Apr 08, 2026 10:32:08 PM liquibase.changelog
INFO: Custom SQL executed
Apr 08, 2026 10:32:08 PM liquibase.changelog
INFO: ChangeSet liquibase/3.3.x.x/011-optimize-test-normalized-description.xml::test-011-enable-unaccent-extension::performance-optimization ran successfully in 21ms
Running Changeset: liquibase/3.3.x.x/011-optimize-test-normalized-description.xml::test-011-add-normalized-description-column::performance-optimization
Apr 08, 2026 10:32:08 PM liquibase.changelog
INFO: Columns normalized_description(VARCHAR(255)) added to test
Apr 08, 2026 10:32:08 PM liquibase.changelog
INFO: ChangeSet liquibase/3.3.x.x/011-optimize-test-normalized-description.xml::test-011-add-normalized-description-column::performance-optimization ran successfully in 14ms
Running Changeset: liquibase/3.3.x.x/011-optimize-test-normalized-description.xml::test-011-populate-normalized-description::performance-optimization
Apr 08, 2026 10:32:08 PM liquibase.changelog
INFO: Custom SQL executed
Apr 08, 2026 10:32:08 PM liquibase.changelog
INFO: ChangeSet liquibase/3.3.x.x/011-optimize-test-normalized-description.xml::test-011-populate-normalized-description::performance-optimization ran successfully in 53ms
Running Changeset: liquibase/3.3.x.x/011-optimize-test-normalized-description.xml::test-011-create-normalized-description-index::performance-optimization
Apr 08, 2026 10:32:08 PM liquibase.changelog
INFO: Index idx_test_normalized_description created
Apr 08, 2026 10:32:08 PM liquibase.changelog
INFO: ChangeSet liquibase/3.3.x.x/011-optimize-test-normalized-description.xml::test-011-create-normalized-description-index::performance-optimization ran successfully in 34ms
Running Changeset: liquibase/3.3.x.x/011-optimize-test-normalized-description.xml::test-011-create-normalized-description-trigger::performance-optimization
Apr 08, 2026 10:32:08 PM liquibase.changelog
INFO: Custom SQL executed
Apr 08, 2026 10:32:08 PM liquibase.changelog
INFO: Custom SQL executed
Apr 08, 2026 10:32:08 PM liquibase.changelog
INFO: Custom SQL executed
Apr 08, 2026 10:32:08 PM liquibase.changelog
INFO: ChangeSet liquibase/3.3.x.x/011-optimize-test-normalized-description.xml::test-011-create-normalized-description-trigger::performance-optimization ran successfully in 25ms
Running Changeset: liquibase/3.3.x.x/011-make-short-code-optional.xml::storage-010b-make-device-short-code-optional::sample-storage-feature
Apr 08, 2026 10:32:08 PM liquibase.changelog
INFO: Null constraint dropped from storage_device.short_code
Apr 08, 2026 10:32:08 PM liquibase.changelog
INFO: Custom SQL executed
Apr 08, 2026 10:32:08 PM liquibase.changelog
INFO: ChangeSet liquibase/3.3.x.x/011-make-short-code-optional.xml::storage-010b-make-device-short-code-optional::sample-storage-feature ran successfully in 40ms
Running Changeset: liquibase/3.3.x.x/011-make-short-code-optional.xml::storage-010b-make-shelf-short-code-optional::sample-storage-feature
Apr 08, 2026 10:32:08 PM liquibase.changelog
INFO: Null constraint dropped from storage_shelf.short_code
Apr 08, 2026 10:32:08 PM liquibase.changelog
INFO: Custom SQL executed
Apr 08, 2026 10:32:08 PM liquibase.changelog
INFO: ChangeSet liquibase/3.3.x.x/011-make-short-code-optional.xml::storage-010b-make-shelf-short-code-optional::sample-storage-feature ran successfully in 39ms
Running Changeset: liquibase/3.3.x.x/011-make-short-code-optional.xml::storage-010b-make-rack-short-code-optional::sample-storage-feature
Apr 08, 2026 10:32:08 PM liquibase.changelog
INFO: Null constraint dropped from storage_rack.short_code
Apr 08, 2026 10:32:08 PM liquibase.changelog
INFO: Custom SQL executed
Apr 08, 2026 10:32:08 PM liquibase.changelog
INFO: ChangeSet liquibase/3.3.x.x/011-make-short-code-optional.xml::storage-010b-make-rack-short-code-optional::sample-storage-feature ran successfully in 36ms
Running Changeset: liquibase/3.3.x.x/012-update-code-column-length.xml::storage-011-update-room-code-length::sample-storage-feature
Apr 08, 2026 10:32:08 PM liquibase.changelog
INFO: storage_room.code datatype was changed to VARCHAR(10)
Apr 08, 2026 10:32:08 PM liquibase.changelog
INFO: ChangeSet liquibase/3.3.x.x/012-update-code-column-length.xml::storage-011-update-room-code-length::sample-storage-feature ran successfully in 37ms
Running Changeset: liquibase/3.3.x.x/012-update-code-column-length.xml::storage-011-update-device-code-length::sample-storage-feature
Apr 08, 2026 10:32:08 PM liquibase.changelog
INFO: storage_device.code datatype was changed to VARCHAR(10)
Apr 08, 2026 10:32:08 PM liquibase.changelog
INFO: ChangeSet liquibase/3.3.x.x/012-update-code-column-length.xml::storage-011-update-device-code-length::sample-storage-feature ran successfully in 32ms
Running Changeset: liquibase/3.3.x.x/012-update-code-column-length.xml::storage-011-add-shelf-code-column::sample-storage-feature
Apr 08, 2026 10:32:08 PM liquibase.changelog
INFO: Columns code(VARCHAR(10)) added to storage_shelf
Apr 08, 2026 10:32:08 PM liquibase.changelog
INFO: Custom SQL executed
Apr 08, 2026 10:32:08 PM liquibase.changelog
INFO: NOT NULL constraint has been added to storage_shelf.code
Apr 08, 2026 10:32:08 PM liquibase.changelog
INFO: ChangeSet liquibase/3.3.x.x/012-update-code-column-length.xml::storage-011-add-shelf-code-column::sample-storage-feature ran successfully in 21ms
Running Changeset: liquibase/3.3.x.x/012-update-code-column-length.xml::storage-011-add-rack-code-column::sample-storage-feature
Apr 08, 2026 10:32:08 PM liquibase.changelog
INFO: Columns code(VARCHAR(10)) added to storage_rack
Apr 08, 2026 10:32:08 PM liquibase.changelog
INFO: Custom SQL executed
Apr 08, 2026 10:32:08 PM liquibase.changelog
INFO: NOT NULL constraint has been added to storage_rack.code
Apr 08, 2026 10:32:08 PM liquibase.changelog
INFO: ChangeSet liquibase/3.3.x.x/012-update-code-column-length.xml::storage-011-add-rack-code-column::sample-storage-feature ran successfully in 26ms
Running Changeset: liquibase/3.3.x.x/013-remove-short-code-columns.xml::storage-012-remove-device-short-code::sample-storage-feature
Apr 08, 2026 10:32:08 PM liquibase.changelog
INFO: Custom SQL executed
Apr 08, 2026 10:32:08 PM liquibase.changelog
INFO: Column storage_device.short_code dropped
Apr 08, 2026 10:32:08 PM liquibase.changelog
INFO: ChangeSet liquibase/3.3.x.x/013-remove-short-code-columns.xml::storage-012-remove-device-short-code::sample-storage-feature ran successfully in 21ms
Running Changeset: liquibase/3.3.x.x/013-remove-short-code-columns.xml::storage-012-remove-shelf-short-code::sample-storage-feature
Apr 08, 2026 10:32:08 PM liquibase.changelog
INFO: Custom SQL executed
Apr 08, 2026 10:32:08 PM liquibase.changelog
INFO: Column storage_shelf.short_code dropped
Apr 08, 2026 10:32:08 PM liquibase.changelog
INFO: ChangeSet liquibase/3.3.x.x/013-remove-short-code-columns.xml::storage-012-remove-shelf-short-code::sample-storage-feature ran successfully in 26ms
Running Changeset: liquibase/3.3.x.x/013-remove-short-code-columns.xml::storage-012-remove-rack-short-code::sample-storage-feature
Apr 08, 2026 10:32:08 PM liquibase.changelog
INFO: Custom SQL executed
Apr 08, 2026 10:32:08 PM liquibase.changelog
INFO: Column storage_rack.short_code dropped
Apr 08, 2026 10:32:08 PM liquibase.changelog
INFO: ChangeSet liquibase/3.3.x.x/013-remove-short-code-columns.xml::storage-012-remove-rack-short-code::sample-storage-feature ran successfully in 16ms
Running Changeset: liquibase/3.3.x.x/014-rename-print-history-short-code-to-location-code.xml::storage-013-rename-print-history-short-code-to-location-code::sample-storage-feature
Apr 08, 2026 10:32:09 PM liquibase.changelog
INFO: Column storage_location_print_history.short_code renamed to location_code
Apr 08, 2026 10:32:09 PM liquibase.changelog
INFO: ChangeSet liquibase/3.3.x.x/014-rename-print-history-short-code-to-location-code.xml::storage-013-rename-print-history-short-code-to-location-code::sample-storage-feature ran successfully in 16ms
Running Changeset: liquibase/3.3.x.x/015-add-sample-disposed-status.xml::add-sample-disposed-status::ogc-73
Apr 08, 2026 10:32:09 PM liquibase.changelog
INFO: Marking ChangeSet: liquibase/3.3.x.x/015-add-sample-disposed-status.xml::add-sample-disposed-status::ogc-73 ran despite precondition failure due to onFail='MARK_RAN': 
          liquibase/base-changelog.xml : SQL Precondition failed.  Expected '0' got '1'

Running Changeset: liquibase/3.3.x.x/016-inventory-management-system.xml::inventory-001-backup-old-data::mherman22
Apr 08, 2026 10:32:09 PM liquibase.changelog
INFO: Custom SQL executed
Apr 08, 2026 10:32:09 PM liquibase.changelog
INFO: Custom SQL executed
Apr 08, 2026 10:32:09 PM liquibase.changelog
INFO: Custom SQL executed
Apr 08, 2026 10:32:09 PM liquibase.changelog
INFO: ChangeSet liquibase/3.3.x.x/016-inventory-management-system.xml::inventory-001-backup-old-data::mherman22 ran successfully in 58ms
Running Changeset: liquibase/3.3.x.x/016-inventory-management-system.xml::inventory-002-drop-old-tables::mherman22
Apr 08, 2026 10:32:09 PM liquibase.changelog
INFO: Custom SQL executed
Apr 08, 2026 10:32:09 PM liquibase.changelog
INFO: Custom SQL executed
Apr 08, 2026 10:32:09 PM liquibase.changelog
INFO: Custom SQL executed
Apr 08, 2026 10:32:09 PM liquibase.changelog
INFO: Custom SQL executed
Apr 08, 2026 10:32:09 PM liquibase.changelog
INFO: Custom SQL executed
Apr 08, 2026 10:32:09 PM liquibase.changelog
INFO: Custom SQL executed
Apr 08, 2026 10:32:09 PM liquibase.changelog
INFO: ChangeSet liquibase/3.3.x.x/016-inventory-management-system.xml::inventory-002-drop-old-tables::mherman22 ran successfully in 77ms
Running Changeset: liquibase/3.3.x.x/016-inventory-management-system.xml::inventory-003-create-inventory-item-table::mherman22
Apr 08, 2026 10:32:09 PM liquibase.changelog
INFO: Table inventory_item created
Apr 08, 2026 10:32:09 PM liquibase.changelog
INFO: Custom SQL executed
Apr 08, 2026 10:32:09 PM liquibase.changelog
INFO: Custom SQL executed
Apr 08, 2026 10:32:09 PM liquibase.changelog
INFO: Custom SQL executed
Apr 08, 2026 10:32:09 PM liquibase.changelog
INFO: Custom SQL executed
Apr 08, 2026 10:32:09 PM liquibase.changelog
INFO: Sequence inventory_item_seq created
Apr 08, 2026 10:32:09 PM liquibase.changelog
INFO: Index idx_inventory_item_type created
Apr 08, 2026 10:32:09 PM liquibase.changelog
INFO: Index idx_inventory_item_category created
Apr 08, 2026 10:32:09 PM liquibase.changelog
INFO: Index idx_inventory_item_active created
Apr 08, 2026 10:32:09 PM liquibase.changelog
INFO: ChangeSet liquibase/3.3.x.x/016-inventory-management-system.xml::inventory-003-create-inventory-item-table::mherman22 ran successfully in 193ms
Running Changeset: liquibase/3.3.x.x/016-inventory-management-system.xml::inventory-004-create-storage-location-table::mherman22
Apr 08, 2026 10:32:09 PM liquibase.changelog
INFO: Table inventory_storage_location created
Apr 08, 2026 10:32:09 PM liquibase.changelog
INFO: Custom SQL executed
Apr 08, 2026 10:32:09 PM liquibase.changelog
INFO: Index idx_storage_location_type created
Apr 08, 2026 10:32:09 PM liquibase.changelog
INFO: Index idx_storage_location_parent created
Apr 08, 2026 10:32:09 PM liquibase.changelog
INFO: Index idx_storage_location_active created
Apr 08, 2026 10:32:09 PM liquibase.changelog
INFO: Sequence inventory_storage_location_seq created
Apr 08, 2026 10:32:09 PM liquibase.changelog
INFO: ChangeSet liquibase/3.3.x.x/016-inventory-management-system.xml::inventory-004-create-storage-location-table::mherman22 ran successfully in 225ms
Running Changeset: liquibase/3.3.x.x/016-inventory-management-system.xml::inventory-005-create-lot-table::mherman22
Apr 08, 2026 10:32:09 PM liquibase.changelog
INFO: Table inventory_lot created
Apr 08, 2026 10:32:09 PM liquibase.changelog
INFO: Custom SQL executed
Apr 08, 2026 10:32:09 PM liquibase.changelog
INFO: Custom SQL executed
Apr 08, 2026 10:32:09 PM liquibase.changelog
INFO: Custom SQL executed
Apr 08, 2026 10:32:09 PM liquibase.changelog
INFO: Index idx_lot_inventory_item created
Apr 08, 2026 10:32:09 PM liquibase.changelog
INFO: Index idx_lot_storage_location created
Apr 08, 2026 10:32:09 PM liquibase.changelog
INFO: Index idx_lot_status created
Apr 08, 2026 10:32:09 PM liquibase.changelog
INFO: Index idx_lot_qc_status created
Apr 08, 2026 10:32:09 PM liquibase.changelog
INFO: Index idx_lot_expiration created
Apr 08, 2026 10:32:09 PM liquibase.changelog
INFO: Index idx_lot_number created
Apr 08, 2026 10:32:09 PM liquibase.changelog
INFO: Sequence inventory_lot_seq created
Apr 08, 2026 10:32:09 PM liquibase.changelog
INFO: ChangeSet liquibase/3.3.x.x/016-inventory-management-system.xml::inventory-005-create-lot-table::mherman22 ran successfully in 282ms
Running Changeset: liquibase/3.3.x.x/016-inventory-management-system.xml::inventory-006-create-transaction-table::mherman22
Apr 08, 2026 10:32:10 PM liquibase.changelog
INFO: Table inventory_transaction created
Apr 08, 2026 10:32:10 PM liquibase.changelog
INFO: Custom SQL executed
Apr 08, 2026 10:32:10 PM liquibase.changelog
INFO: Custom SQL executed
Apr 08, 2026 10:32:10 PM liquibase.changelog
INFO: Index idx_transaction_lot created
Apr 08, 2026 10:32:10 PM liquibase.changelog
INFO: Index idx_transaction_type created
Apr 08, 2026 10:32:10 PM liquibase.changelog
INFO: Index idx_transaction_date created
Apr 08, 2026 10:32:10 PM liquibase.changelog
INFO: Index idx_transaction_reference created
Apr 08, 2026 10:32:10 PM liquibase.changelog
INFO: Sequence inventory_transaction_seq created
Apr 08, 2026 10:32:10 PM liquibase.changelog
INFO: ChangeSet liquibase/3.3.x.x/016-inventory-management-system.xml::inventory-006-create-transaction-table::mherman22 ran successfully in 209ms
Running Changeset: liquibase/3.3.x.x/016-inventory-management-system.xml::inventory-007-create-usage-table::mherman22
Apr 08, 2026 10:32:10 PM liquibase.changelog
INFO: Table inventory_usage created
Apr 08, 2026 10:32:10 PM liquibase.changelog
INFO: Custom SQL executed
Apr 08, 2026 10:32:10 PM liquibase.changelog
INFO: Index idx_usage_inventory_item created
Apr 08, 2026 10:32:10 PM liquibase.changelog
INFO: Index idx_usage_lot created
Apr 08, 2026 10:32:10 PM liquibase.changelog
INFO: Index idx_usage_date created
Apr 08, 2026 10:32:10 PM liquibase.changelog
INFO: Index idx_usage_test_result created
Apr 08, 2026 10:32:10 PM liquibase.changelog
INFO: Index idx_usage_analysis created
Apr 08, 2026 10:32:10 PM liquibase.changelog
INFO: Sequence inventory_usage_seq created
Apr 08, 2026 10:32:10 PM liquibase.changelog
INFO: ChangeSet liquibase/3.3.x.x/016-inventory-management-system.xml::inventory-007-create-usage-table::mherman22 ran successfully in 232ms
Running Changeset: liquibase/3.3.x.x/016-inventory-management-system.xml::inventory-008-migrate-old-hiv-kit-data::mherman22
Apr 08, 2026 10:32:10 PM liquibase.changelog
INFO: Custom SQL executed
Apr 08, 2026 10:32:10 PM liquibase.changelog
INFO: Custom SQL executed
Apr 08, 2026 10:32:10 PM liquibase.changelog
INFO: Custom SQL executed
Apr 08, 2026 10:32:10 PM liquibase.changelog
INFO: ChangeSet liquibase/3.3.x.x/016-inventory-management-system.xml::inventory-008-migrate-old-hiv-kit-data::mherman22 ran successfully in 54ms
Running Changeset: liquibase/3.3.x.x/016-inventory-management-system.xml::inventory-009-add-inventory-menu-item::mherman22
Apr 08, 2026 10:32:10 PM liquibase.changelog
INFO: New row inserted into menu
Apr 08, 2026 10:32:10 PM liquibase.changelog
INFO: ChangeSet liquibase/3.3.x.x/016-inventory-management-system.xml::inventory-009-add-inventory-menu-item::mherman22 ran successfully in 14ms
Running Changeset: liquibase/3.3.x.x/016-inventory-management-system.xml::inventory-010-add-inventory-management-submenu::mherman22
Apr 08, 2026 10:32:10 PM liquibase.changelog
INFO: New row inserted into menu
Apr 08, 2026 10:32:10 PM liquibase.changelog
INFO: ChangeSet liquibase/3.3.x.x/016-inventory-management-system.xml::inventory-010-add-inventory-management-submenu::mherman22 ran successfully in 16ms
Running Changeset: liquibase/3.3.x.x/017-inventory-add-last-updated.xml::inventory-add-last-updated-001::mherman22
Apr 08, 2026 10:32:10 PM liquibase.changelog
INFO: Columns last_updated(TIMESTAMP) added to inventory_item
Apr 08, 2026 10:32:10 PM liquibase.changelog
INFO: ChangeSet liquibase/3.3.x.x/017-inventory-add-last-updated.xml::inventory-add-last-updated-001::mherman22 ran successfully in 19ms
Running Changeset: liquibase/3.3.x.x/017-inventory-add-last-updated.xml::inventory-add-last-updated-002::mherman22
Apr 08, 2026 10:32:10 PM liquibase.changelog
INFO: Columns last_updated(TIMESTAMP) added to inventory_storage_location
Apr 08, 2026 10:32:10 PM liquibase.changelog
INFO: ChangeSet liquibase/3.3.x.x/017-inventory-add-last-updated.xml::inventory-add-last-updated-002::mherman22 ran successfully in 17ms
Running Changeset: liquibase/3.3.x.x/017-inventory-add-last-updated.xml::inventory-add-last-updated-003::mherman22
Apr 08, 2026 10:32:10 PM liquibase.changelog
INFO: Columns last_updated(TIMESTAMP) added to inventory_lot
Apr 08, 2026 10:32:10 PM liquibase.changelog
INFO: ChangeSet liquibase/3.3.x.x/017-inventory-add-last-updated.xml::inventory-add-last-updated-003::mherman22 ran successfully in 17ms
Running Changeset: liquibase/3.3.x.x/017-inventory-add-last-updated.xml::inventory-add-last-updated-004::mherman22
Apr 08, 2026 10:32:10 PM liquibase.changelog
INFO: Columns last_updated(TIMESTAMP) added to inventory_transaction
Apr 08, 2026 10:32:10 PM liquibase.changelog
INFO: ChangeSet liquibase/3.3.x.x/017-inventory-add-last-updated.xml::inventory-add-last-updated-004::mherman22 ran successfully in 19ms
Running Changeset: liquibase/3.3.x.x/017-inventory-add-last-updated.xml::inventory-add-last-updated-005::mherman22
Apr 08, 2026 10:32:10 PM liquibase.changelog
INFO: Columns last_updated(TIMESTAMP) added to inventory_usage
Apr 08, 2026 10:32:10 PM liquibase.changelog
INFO: ChangeSet liquibase/3.3.x.x/017-inventory-add-last-updated.xml::inventory-add-last-updated-005::mherman22 ran successfully in 17ms
Running Changeset: liquibase/3.3.x.x/018-allow-null-location-for-disposed.xml::storage-016-allow-null-location-for-disposed::ogc-144
Apr 08, 2026 10:32:10 PM liquibase.changelog
INFO: Null constraint dropped from sample_storage_assignment.location_id
Apr 08, 2026 10:32:10 PM liquibase.changelog
INFO: Null constraint dropped from sample_storage_assignment.location_type
Apr 08, 2026 10:32:10 PM liquibase.changelog
INFO: Custom SQL executed
Apr 08, 2026 10:32:10 PM liquibase.changelog
INFO: Custom SQL executed
Apr 08, 2026 10:32:10 PM liquibase.changelog
INFO: ChangeSet liquibase/3.3.x.x/018-allow-null-location-for-disposed.xml::storage-016-allow-null-location-for-disposed::ogc-144 ran successfully in 35ms
Running Changeset: liquibase/3.3.x.x/019-fix-assignment-location-type-check.xml::storage-019-fix-assignment-location-type-check::openelisglobal-ai-agent
Apr 08, 2026 10:32:10 PM liquibase.changelog
INFO: Custom SQL executed
Apr 08, 2026 10:32:10 PM liquibase.changelog
INFO: Custom SQL executed
Apr 08, 2026 10:32:10 PM liquibase.changelog
INFO: ChangeSet liquibase/3.3.x.x/019-fix-assignment-location-type-check.xml::storage-019-fix-assignment-location-type-check::openelisglobal-ai-agent ran successfully in 32ms
Running Changeset: liquibase/3.3.x.x/020-storage-box-use-code-not-short-code.xml::storage-020-storage-box-use-code-not-short-code::openelisglobal-ai-agent
Apr 08, 2026 10:32:11 PM liquibase.changelog
INFO: Columns code(VARCHAR(10)) added to storage_box
Apr 08, 2026 10:32:11 PM liquibase.changelog
INFO: Custom SQL executed
Apr 08, 2026 10:32:11 PM liquibase.changelog
INFO: NOT NULL constraint has been added to storage_box.code
Apr 08, 2026 10:32:11 PM liquibase.changelog
INFO: Unique constraint added to storage_box(parent_rack_id, code)
Apr 08, 2026 10:32:11 PM liquibase.changelog
INFO: Column storage_box.short_code dropped
Apr 08, 2026 10:32:11 PM liquibase.changelog
INFO: ChangeSet liquibase/3.3.x.x/020-storage-box-use-code-not-short-code.xml::storage-020-storage-box-use-code-not-short-code::openelisglobal-ai-agent ran successfully in 72ms
Running Changeset: liquibase/3.3.x.x/021-add-patient-merge-menu-item.xml::patient-merge-menu-item-1::claude
Apr 08, 2026 10:32:11 PM liquibase.changelog
INFO: New row inserted into menu
Apr 08, 2026 10:32:11 PM liquibase.changelog
INFO: ChangeSet liquibase/3.3.x.x/021-add-patient-merge-menu-item.xml::patient-merge-menu-item-1::claude ran successfully in 14ms
Running Changeset: liquibase/3.3.x.x/022-add-patient-merge-menu-localization.xml::patient-merge-menu-localization-1::claude
Apr 08, 2026 10:32:11 PM liquibase.changelog
INFO: Custom SQL executed
Apr 08, 2026 10:32:11 PM liquibase.changelog
INFO: ChangeSet liquibase/3.3.x.x/022-add-patient-merge-menu-localization.xml::patient-merge-menu-localization-1::claude ran successfully in 11ms
Running Changeset: liquibase/3.3.x.x/028-create-report-definition-table.xml::reporting-001-create-report-definition-table::Agaba-derrick
Apr 08, 2026 10:32:11 PM liquibase.changelog
INFO: Table report_definition created
Apr 08, 2026 10:32:11 PM liquibase.changelog
INFO: Index idx_report_def_category created
Apr 08, 2026 10:32:11 PM liquibase.changelog
INFO: Index idx_report_def_created_by created
Apr 08, 2026 10:32:11 PM liquibase.changelog
INFO: Index idx_report_def_is_active created
Apr 08, 2026 10:32:11 PM liquibase.changelog
INFO: Index idx_report_def_last_updated created
Apr 08, 2026 10:32:11 PM liquibase.changelog
INFO: ChangeSet liquibase/3.3.x.x/028-create-report-definition-table.xml::reporting-001-create-report-definition-table::Agaba-derrick ran successfully in 207ms
Running Changeset: liquibase/3.3.x.x/028-create-report-definition-table.xml::reporting-002-add-report-type::Agaba_derrick
Apr 08, 2026 10:32:11 PM liquibase.changelog
INFO: Columns report_type(VARCHAR(50)) added to report_definition
Apr 08, 2026 10:32:11 PM liquibase.changelog
INFO: Index idx_report_def_report_type created
Apr 08, 2026 10:32:11 PM liquibase.changelog
INFO: ChangeSet liquibase/3.3.x.x/028-create-report-definition-table.xml::reporting-002-add-report-type::Agaba_derrick ran successfully in 29ms
Running Changeset: liquibase/3.3.x.x/028-create-report-definition-table.xml::reporting-002-add-is-public::Agaba_derrick
Apr 08, 2026 10:32:11 PM liquibase.changelog
INFO: Columns is_public(BOOLEAN) added to report_definition
Apr 08, 2026 10:32:11 PM liquibase.changelog
INFO: ChangeSet liquibase/3.3.x.x/028-create-report-definition-table.xml::reporting-002-add-is-public::Agaba_derrick ran successfully in 22ms
Running Changeset: liquibase/3.3.x.x/028-create-report-definition-table.xml::reporting-003-seed-default-patient-report::Agaba_derrick
Apr 08, 2026 10:32:11 PM liquibase.changelog
INFO: New row inserted into report_definition
Apr 08, 2026 10:32:11 PM liquibase.changelog
INFO: ChangeSet liquibase/3.3.x.x/028-create-report-definition-table.xml::reporting-003-seed-default-patient-report::Agaba_derrick ran successfully in 32ms
Running Changeset: liquibase/3.3.x.x/023-storage-device-connectivity.xml::storage-ogc68-001-add-device-connectivity-columns::dev-team
Apr 08, 2026 10:32:11 PM liquibase.changelog
INFO: Columns ip_address(VARCHAR(45)),port(INTEGER),communication_protocol(VARCHAR(20)) added to storage_device
Apr 08, 2026 10:32:11 PM liquibase.changelog
INFO: ChangeSet liquibase/3.3.x.x/023-storage-device-connectivity.xml::storage-ogc68-001-add-device-connectivity-columns::dev-team ran successfully in 21ms
Running Changeset: liquibase/3.3.x.x/023-storage-device-connectivity.xml::storage-ogc68-002-add-port-check-constraint::dev-team
Apr 08, 2026 10:32:11 PM liquibase.changelog
INFO: Custom SQL executed
Apr 08, 2026 10:32:11 PM liquibase.changelog
INFO: ChangeSet liquibase/3.3.x.x/023-storage-device-connectivity.xml::storage-ogc68-002-add-port-check-constraint::dev-team ran successfully in 23ms
Running Changeset: liquibase/3.3.x.x/024-freezer-monitoring-schema.xml::create-freezer-table::mherman22
Apr 08, 2026 10:32:11 PM liquibase.changelog
INFO: Sequence freezer_seq created
Apr 08, 2026 10:32:11 PM liquibase.changelog
INFO: Table freezer created
Apr 08, 2026 10:32:11 PM liquibase.changelog
INFO: Index idx_freezer_name created
Apr 08, 2026 10:32:11 PM liquibase.changelog
INFO: ChangeSet liquibase/3.3.x.x/024-freezer-monitoring-schema.xml::create-freezer-table::mherman22 ran successfully in 186ms
Running Changeset: liquibase/3.3.x.x/024-freezer-monitoring-schema.xml::create-threshold-profile-table::mherman22
Apr 08, 2026 10:32:11 PM liquibase.changelog
INFO: Sequence threshold_profile_seq created
Apr 08, 2026 10:32:12 PM liquibase.changelog
INFO: Table threshold_profile created
Apr 08, 2026 10:32:12 PM liquibase.changelog
INFO: Foreign key constraint added to threshold_profile (created_by)
Apr 08, 2026 10:32:12 PM liquibase.changelog
INFO: ChangeSet liquibase/3.3.x.x/024-freezer-monitoring-schema.xml::create-threshold-profile-table::mherman22 ran successfully in 177ms
Running Changeset: liquibase/3.3.x.x/024-freezer-monitoring-schema.xml::create-freezer-threshold-profile-table::mherman22
Apr 08, 2026 10:32:12 PM liquibase.changelog
INFO: Sequence freezer_threshold_profile_seq created
Apr 08, 2026 10:32:12 PM liquibase.changelog
INFO: Table freezer_threshold_profile created
Apr 08, 2026 10:32:12 PM liquibase.changelog
INFO: Foreign key constraint added to freezer_threshold_profile (freezer_id)
Apr 08, 2026 10:32:12 PM liquibase.changelog
INFO: Foreign key constraint added to freezer_threshold_profile (threshold_profile_id)
Apr 08, 2026 10:32:12 PM liquibase.changelog
INFO: ChangeSet liquibase/3.3.x.x/024-freezer-monitoring-schema.xml::create-freezer-threshold-profile-table::mherman22 ran successfully in 179ms
Running Changeset: liquibase/3.3.x.x/024-freezer-monitoring-schema.xml::create-freezer-reading-table::mherman22
Apr 08, 2026 10:32:12 PM liquibase.changelog
INFO: Sequence freezer_reading_seq created
Apr 08, 2026 10:32:12 PM liquibase.changelog
INFO: Table freezer_reading created
Apr 08, 2026 10:32:12 PM liquibase.changelog
INFO: Foreign key constraint added to freezer_reading (freezer_id)
Apr 08, 2026 10:32:12 PM liquibase.changelog
INFO: Index idx_freezer_reading_name_time created
Apr 08, 2026 10:32:12 PM liquibase.changelog
INFO: Index idx_freezer_reading_status created
Apr 08, 2026 10:32:12 PM liquibase.changelog
INFO: ChangeSet liquibase/3.3.x.x/024-freezer-monitoring-schema.xml::create-freezer-reading-table::mherman22 ran successfully in 126ms
Running Changeset: liquibase/3.3.x.x/024-freezer-monitoring-schema.xml::add-freezer-storage-device-fk::mherman22
Apr 08, 2026 10:32:12 PM liquibase.changelog
INFO: Columns storage_device_id(INTEGER) added to freezer
Apr 08, 2026 10:32:12 PM liquibase.changelog
INFO: Foreign key constraint added to freezer (storage_device_id)
Apr 08, 2026 10:32:12 PM liquibase.changelog
INFO: Index idx_freezer_storage_device created
Apr 08, 2026 10:32:12 PM liquibase.changelog
INFO: ChangeSet liquibase/3.3.x.x/024-freezer-monitoring-schema.xml::add-freezer-storage-device-fk::mherman22 ran successfully in 18ms
Running Changeset: liquibase/3.3.x.x/024-freezer-monitoring-schema.xml::add-unique-constraint-freezer-storage-device::mherman22
Apr 08, 2026 10:32:12 PM liquibase.changelog
INFO: Unique constraint added to freezer(storage_device_id)
Apr 08, 2026 10:32:12 PM liquibase.changelog
INFO: ChangeSet liquibase/3.3.x.x/024-freezer-monitoring-schema.xml::add-unique-constraint-freezer-storage-device::mherman22 ran successfully in 13ms
Running Changeset: liquibase/3.3.x.x/024-freezer-monitoring-schema.xml::add-freezer-system-config-site-information::mherman22
Apr 08, 2026 10:32:12 PM liquibase.changelog
INFO: New row inserted into site_information
Apr 08, 2026 10:32:12 PM liquibase.changelog
INFO: New row inserted into site_information
Apr 08, 2026 10:32:12 PM liquibase.changelog
INFO: ChangeSet liquibase/3.3.x.x/024-freezer-monitoring-schema.xml::add-freezer-system-config-site-information::mherman22 ran successfully in 13ms
Running Changeset: liquibase/3.3.x.x/024-freezer-monitoring-schema.xml::add-freezer-monitoring-menu-item::mherman22
Apr 08, 2026 10:32:12 PM liquibase.changelog
INFO: New row inserted into menu
Apr 08, 2026 10:32:12 PM liquibase.changelog
INFO: ChangeSet liquibase/3.3.x.x/024-freezer-monitoring-schema.xml::add-freezer-monitoring-menu-item::mherman22 ran successfully in 10ms
Running Changeset: liquibase/3.3.x.x/024-freezer-monitoring-schema.xml::reorganize-storage-menu-1::mherman22
Apr 08, 2026 10:32:12 PM liquibase.changelog
INFO: Data updated in menu
Apr 08, 2026 10:32:12 PM liquibase.changelog
INFO: ChangeSet liquibase/3.3.x.x/024-freezer-monitoring-schema.xml::reorganize-storage-menu-1::mherman22 ran successfully in 9ms
Running Changeset: liquibase/3.3.x.x/024-freezer-monitoring-schema.xml::reorganize-storage-menu-2::mherman22
Apr 08, 2026 10:32:12 PM liquibase.changelog
INFO: New row inserted into menu
Apr 08, 2026 10:32:12 PM liquibase.changelog
INFO: ChangeSet liquibase/3.3.x.x/024-freezer-monitoring-schema.xml::reorganize-storage-menu-2::mherman22 ran successfully in 11ms
Running Changeset: liquibase/3.3.x.x/024-freezer-monitoring-schema.xml::reorganize-storage-menu-3::mherman22
Apr 08, 2026 10:32:12 PM liquibase.changelog
INFO: Data updated in menu
Apr 08, 2026 10:32:12 PM liquibase.changelog
INFO: ChangeSet liquibase/3.3.x.x/024-freezer-monitoring-schema.xml::reorganize-storage-menu-3::mherman22 ran successfully in 8ms
Running Changeset: liquibase/3.3.x.x/024-freezer-monitoring-schema.xml::create-corrective-action-system::mherman22
Apr 08, 2026 10:32:12 PM liquibase.changelog
INFO: Sequence corrective_action_seq created
Apr 08, 2026 10:32:12 PM liquibase.changelog
INFO: Table corrective_action created
Apr 08, 2026 10:32:12 PM liquibase.changelog
INFO: Foreign key constraint added to corrective_action (freezer_id)
Apr 08, 2026 10:32:12 PM liquibase.changelog
INFO: Foreign key constraint added to corrective_action (created_by)
Apr 08, 2026 10:32:12 PM liquibase.changelog
INFO: Foreign key constraint added to corrective_action (updated_by)
Apr 08, 2026 10:32:12 PM liquibase.changelog
INFO: Custom SQL executed
Apr 08, 2026 10:32:12 PM liquibase.changelog
INFO: Custom SQL executed
Apr 08, 2026 10:32:12 PM liquibase.changelog
INFO: Index idx_corrective_action_freezer created
Apr 08, 2026 10:32:12 PM liquibase.changelog
INFO: Index idx_corrective_action_status created
Apr 08, 2026 10:32:12 PM liquibase.changelog
INFO: Index idx_corrective_action_created_at created
Apr 08, 2026 10:32:12 PM liquibase.changelog
INFO: Index idx_corrective_action_edited created
Apr 08, 2026 10:32:12 PM liquibase.changelog
INFO: Index idx_corrective_action_freezer_created created
Apr 08, 2026 10:32:12 PM liquibase.changelog
INFO: ChangeSet liquibase/3.3.x.x/024-freezer-monitoring-schema.xml::create-corrective-action-system::mherman22 ran successfully in 151ms
Running Changeset: liquibase/3.3.x.x/024-freezer-monitoring-schema.xml::create-alert-table::mherman22
Apr 08, 2026 10:32:12 PM liquibase.changelog
INFO: Sequence alert_seq created
Apr 08, 2026 10:32:12 PM liquibase.changelog
INFO: Table alert created
Apr 08, 2026 10:32:12 PM liquibase.changelog
INFO: Foreign key constraint added to alert (acknowledged_by)
Apr 08, 2026 10:32:12 PM liquibase.changelog
INFO: Foreign key constraint added to alert (resolved_by)
Apr 08, 2026 10:32:12 PM liquibase.changelog
INFO: Custom SQL executed
Apr 08, 2026 10:32:12 PM liquibase.changelog
INFO: Index idx_alert_entity created
Apr 08, 2026 10:32:12 PM liquibase.changelog
INFO: Index idx_alert_type created
Apr 08, 2026 10:32:12 PM liquibase.changelog
INFO: Index idx_alert_status created
Apr 08, 2026 10:32:12 PM liquibase.changelog
INFO: Index idx_alert_severity created
Apr 08, 2026 10:32:12 PM liquibase.changelog
INFO: Index idx_alert_start_time created
Apr 08, 2026 10:32:12 PM liquibase.changelog
INFO: Index idx_alert_status_severity created
Apr 08, 2026 10:32:12 PM liquibase.changelog
INFO: ChangeSet liquibase/3.3.x.x/024-freezer-monitoring-schema.xml::create-alert-table::mherman22 ran successfully in 135ms
Running Changeset: liquibase/3.3.x.x/029-add-storage-subnav-items.xml::update-storage-management-no-action::navbar-extraction
Apr 08, 2026 10:32:12 PM liquibase.changelog
INFO: Data updated in menu
Apr 08, 2026 10:32:12 PM liquibase.changelog
INFO: ChangeSet liquibase/3.3.x.x/029-add-storage-subnav-items.xml::update-storage-management-no-action::navbar-extraction ran successfully in 7ms
Running Changeset: liquibase/3.3.x.x/029-add-storage-subnav-items.xml::add-storage-samples-menu::navbar-extraction
Apr 08, 2026 10:32:12 PM liquibase.changelog
INFO: New row inserted into menu
Apr 08, 2026 10:32:12 PM liquibase.changelog
INFO: ChangeSet liquibase/3.3.x.x/029-add-storage-subnav-items.xml::add-storage-samples-menu::navbar-extraction ran successfully in 7ms
Running Changeset: liquibase/3.3.x.x/029-add-storage-subnav-items.xml::add-storage-rooms-menu::navbar-extraction
Apr 08, 2026 10:32:12 PM liquibase.changelog
INFO: New row inserted into menu
Apr 08, 2026 10:32:12 PM liquibase.changelog
INFO: ChangeSet liquibase/3.3.x.x/029-add-storage-subnav-items.xml::add-storage-rooms-menu::navbar-extraction ran successfully in 7ms
Running Changeset: liquibase/3.3.x.x/029-add-storage-subnav-items.xml::add-storage-devices-menu::navbar-extraction
Apr 08, 2026 10:32:12 PM liquibase.changelog
INFO: New row inserted into menu
Apr 08, 2026 10:32:12 PM liquibase.changelog
INFO: ChangeSet liquibase/3.3.x.x/029-add-storage-subnav-items.xml::add-storage-devices-menu::navbar-extraction ran successfully in 6ms
Running Changeset: liquibase/3.3.x.x/029-add-storage-subnav-items.xml::add-storage-shelves-menu::navbar-extraction
Apr 08, 2026 10:32:12 PM liquibase.changelog
INFO: New row inserted into menu
Apr 08, 2026 10:32:12 PM liquibase.changelog
INFO: ChangeSet liquibase/3.3.x.x/029-add-storage-subnav-items.xml::add-storage-shelves-menu::navbar-extraction ran successfully in 7ms
Running Changeset: liquibase/3.3.x.x/029-add-storage-subnav-items.xml::add-storage-racks-menu::navbar-extraction
Apr 08, 2026 10:32:12 PM liquibase.changelog
INFO: New row inserted into menu
Apr 08, 2026 10:32:12 PM liquibase.changelog
INFO: ChangeSet liquibase/3.3.x.x/029-add-storage-subnav-items.xml::add-storage-racks-menu::navbar-extraction ran successfully in 7ms
Running Changeset: liquibase/3.3.x.x/029-add-storage-subnav-items.xml::add-storage-boxes-menu::navbar-extraction
Apr 08, 2026 10:32:12 PM liquibase.changelog
INFO: New row inserted into menu
Apr 08, 2026 10:32:12 PM liquibase.changelog
INFO: ChangeSet liquibase/3.3.x.x/029-add-storage-subnav-items.xml::add-storage-boxes-menu::navbar-extraction ran successfully in 7ms
Running Changeset: liquibase/3.3.x.x/029-add-storage-subnav-items.xml::update-freezer-monitoring-no-action::navbar-extraction
Apr 08, 2026 10:32:13 PM liquibase.changelog
INFO: Data updated in menu
Apr 08, 2026 10:32:13 PM liquibase.changelog
INFO: ChangeSet liquibase/3.3.x.x/029-add-storage-subnav-items.xml::update-freezer-monitoring-no-action::navbar-extraction ran successfully in 6ms
Running Changeset: liquibase/3.3.x.x/029-add-storage-subnav-items.xml::add-freezer-dashboard-menu::navbar-extraction
Apr 08, 2026 10:32:13 PM liquibase.changelog
INFO: New row inserted into menu
Apr 08, 2026 10:32:13 PM liquibase.changelog
INFO: ChangeSet liquibase/3.3.x.x/029-add-storage-subnav-items.xml::add-freezer-dashboard-menu::navbar-extraction ran successfully in 7ms
Running Changeset: liquibase/3.3.x.x/029-add-storage-subnav-items.xml::add-freezer-corrective-menu::navbar-extraction
Apr 08, 2026 10:32:13 PM liquibase.changelog
INFO: New row inserted into menu
Apr 08, 2026 10:32:13 PM liquibase.changelog
INFO: ChangeSet liquibase/3.3.x.x/029-add-storage-subnav-items.xml::add-freezer-corrective-menu::navbar-extraction ran successfully in 7ms
Running Changeset: liquibase/3.3.x.x/029-add-storage-subnav-items.xml::add-freezer-trends-menu::navbar-extraction
Apr 08, 2026 10:32:13 PM liquibase.changelog
INFO: New row inserted into menu
Apr 08, 2026 10:32:13 PM liquibase.changelog
INFO: ChangeSet liquibase/3.3.x.x/029-add-storage-subnav-items.xml::add-freezer-trends-menu::navbar-extraction ran successfully in 7ms
Running Changeset: liquibase/3.3.x.x/029-add-storage-subnav-items.xml::add-freezer-reports-menu::navbar-extraction
Apr 08, 2026 10:32:13 PM liquibase.changelog
INFO: New row inserted into menu
Apr 08, 2026 10:32:13 PM liquibase.changelog
INFO: ChangeSet liquibase/3.3.x.x/029-add-storage-subnav-items.xml::add-freezer-reports-menu::navbar-extraction ran successfully in 8ms
Running Changeset: liquibase/3.3.x.x/029-add-storage-subnav-items.xml::add-freezer-settings-menu::navbar-extraction
Apr 08, 2026 10:32:13 PM liquibase.changelog
INFO: New row inserted into menu
Apr 08, 2026 10:32:13 PM liquibase.changelog
INFO: ChangeSet liquibase/3.3.x.x/029-add-storage-subnav-items.xml::add-freezer-settings-menu::navbar-extraction ran successfully in 8ms
Running Changeset: liquibase/3.3.x.x/generic-program-menu.xml::create-generic-program-menu-option::elia
Apr 08, 2026 10:32:13 PM liquibase.changelog
INFO: New row inserted into menu
Apr 08, 2026 10:32:13 PM liquibase.changelog
INFO: ChangeSet liquibase/3.3.x.x/generic-program-menu.xml::create-generic-program-menu-option::elia ran successfully in 8ms
Running Changeset: liquibase/3.3.x.x/025-register-freezer-audit-trail.xml::register-freezer-audit-trail::mherman22
Apr 08, 2026 10:32:13 PM liquibase.changelog
INFO: New row inserted into reference_tables
Apr 08, 2026 10:32:13 PM liquibase.changelog
INFO: New row inserted into reference_tables
Apr 08, 2026 10:32:13 PM liquibase.changelog
INFO: New row inserted into reference_tables
Apr 08, 2026 10:32:13 PM liquibase.changelog
INFO: ChangeSet liquibase/3.3.x.x/025-register-freezer-audit-trail.xml::register-freezer-audit-trail::mherman22 ran successfully in 13ms
Running Changeset: liquibase/3.3.x.x/026-patient-merge-create-audit-table.xml::patient-merge-001-create-audit-table::patient-merge-backend
Apr 08, 2026 10:32:13 PM liquibase.changelog
INFO: Table patient_merge_audit created
Apr 08, 2026 10:32:13 PM liquibase.changelog
INFO: Foreign key constraint added to patient_merge_audit (primary_patient_id)
Apr 08, 2026 10:32:13 PM liquibase.changelog
INFO: Foreign key constraint added to patient_merge_audit (merged_patient_id)
Apr 08, 2026 10:32:13 PM liquibase.changelog
INFO: Foreign key constraint added to patient_merge_audit (performed_by_user_id)
Apr 08, 2026 10:32:13 PM liquibase.changelog
INFO: Foreign key constraint added to patient_merge_audit (sys_user_id)
Apr 08, 2026 10:32:13 PM liquibase.changelog
INFO: Index idx_pma_primary_patient created
Apr 08, 2026 10:32:13 PM liquibase.changelog
INFO: Index idx_pma_merged_patient created
Apr 08, 2026 10:32:13 PM liquibase.changelog
INFO: Index idx_pma_merge_date created
Apr 08, 2026 10:32:13 PM liquibase.changelog
INFO: Index idx_pma_performed_by created
Apr 08, 2026 10:32:13 PM liquibase.changelog
INFO: Custom SQL executed
Apr 08, 2026 10:32:13 PM liquibase.changelog
INFO: ChangeSet liquibase/3.3.x.x/026-patient-merge-create-audit-table.xml::patient-merge-001-create-audit-table::patient-merge-backend ran successfully in 141ms
Running Changeset: liquibase/3.3.x.x/027-patient-merge-alter-patient-table.xml::patient-merge-002-alter-patient-table::patient-merge-backend
Apr 08, 2026 10:32:13 PM liquibase.changelog
INFO: Columns merged_into_patient_id(BIGINT) added to patient
Apr 08, 2026 10:32:13 PM liquibase.changelog
INFO: Columns is_merged(BOOLEAN) added to patient
Apr 08, 2026 10:32:13 PM liquibase.changelog
INFO: Columns merge_date(TIMESTAMP) added to patient
Apr 08, 2026 10:32:13 PM liquibase.changelog
INFO: Foreign key constraint added to patient (merged_into_patient_id)
Apr 08, 2026 10:32:13 PM liquibase.changelog
INFO: Index idx_patient_is_merged created
Apr 08, 2026 10:32:13 PM liquibase.changelog
INFO: Index idx_patient_merged_into created
Apr 08, 2026 10:32:13 PM liquibase.changelog
INFO: Custom SQL executed
Apr 08, 2026 10:32:13 PM liquibase.changelog
INFO: ChangeSet liquibase/3.3.x.x/027-patient-merge-alter-patient-table.xml::patient-merge-002-alter-patient-table::patient-merge-backend ran successfully in 32ms
Running Changeset: liquibase/3.3.x.x/028-create-site-branding-table.xml::028-create-site-branding-table::openelis
Apr 08, 2026 10:32:13 PM liquibase.changelog
INFO: Sequence site_branding_seq created
Apr 08, 2026 10:32:13 PM liquibase.changelog
INFO: Table site_branding created
Apr 08, 2026 10:32:13 PM liquibase.changelog
INFO: ChangeSet liquibase/3.3.x.x/028-create-site-branding-table.xml::028-create-site-branding-table::openelis ran successfully in 108ms
Running Changeset: liquibase/3.3.x.x/eqa-001-create-eqa-program-tables.xml::eqa-001-create-eqa-program-table::eqa-module-feature
Apr 08, 2026 10:32:13 PM liquibase.changelog
INFO: Table eqa_program created
Apr 08, 2026 10:32:13 PM liquibase.changelog
INFO: Sequence eqa_program_seq created
Apr 08, 2026 10:32:13 PM liquibase.changelog
INFO: ChangeSet liquibase/3.3.x.x/eqa-001-create-eqa-program-tables.xml::eqa-001-create-eqa-program-table::eqa-module-feature ran successfully in 90ms
Running Changeset: liquibase/3.3.x.x/eqa-001-create-eqa-program-tables.xml::eqa-002-create-eqa-program-test-table::eqa-module-feature
Apr 08, 2026 10:32:13 PM liquibase.changelog
INFO: Table eqa_program_test created
Apr 08, 2026 10:32:13 PM liquibase.changelog
INFO: Unique constraint added to eqa_program_test(eqa_program_id, test_id)
Apr 08, 2026 10:32:13 PM liquibase.changelog
INFO: Sequence eqa_program_test_seq created
Apr 08, 2026 10:32:13 PM liquibase.changelog
INFO: ChangeSet liquibase/3.3.x.x/eqa-001-create-eqa-program-tables.xml::eqa-002-create-eqa-program-test-table::eqa-module-feature ran successfully in 98ms
Running Changeset: liquibase/3.3.x.x/eqa-002-create-eqa-distribution-tables.xml::eqa-003-create-eqa-distribution-table::eqa-module-feature
Apr 08, 2026 10:32:13 PM liquibase.changelog
INFO: Table eqa_distribution created
Apr 08, 2026 10:32:13 PM liquibase.changelog
INFO: Index idx_eqa_dist_program created
Apr 08, 2026 10:32:13 PM liquibase.changelog
INFO: Index idx_eqa_dist_status created
Apr 08, 2026 10:32:13 PM liquibase.changelog
INFO: Sequence eqa_distribution_seq created
Apr 08, 2026 10:32:13 PM liquibase.changelog
INFO: ChangeSet liquibase/3.3.x.x/eqa-002-create-eqa-distribution-tables.xml::eqa-003-create-eqa-distribution-table::eqa-module-feature ran successfully in 88ms
Running Changeset: liquibase/3.3.x.x/eqa-003-create-sample-eqa-table.xml::eqa-004-create-sample-eqa-table::eqa-module-feature
Apr 08, 2026 10:32:13 PM liquibase.changelog
INFO: Table sample_eqa created
Apr 08, 2026 10:32:13 PM liquibase.changelog
INFO: Index idx_sample_eqa_sample_id created
Apr 08, 2026 10:32:13 PM liquibase.changelog
INFO: Index idx_sample_eqa_program_id created
Apr 08, 2026 10:32:13 PM liquibase.changelog
INFO: Index idx_sample_eqa_deadline created
Apr 08, 2026 10:32:13 PM liquibase.changelog
INFO: Index idx_sample_eqa_is_eqa created
Apr 08, 2026 10:32:13 PM liquibase.changelog
INFO: Sequence sample_eqa_seq created
Apr 08, 2026 10:32:13 PM liquibase.changelog
INFO: ChangeSet liquibase/3.3.x.x/eqa-003-create-sample-eqa-table.xml::eqa-004-create-sample-eqa-table::eqa-module-feature ran successfully in 104ms
Running Changeset: liquibase/3.3.x.x/eqa-004-create-eqa-result-table.xml::eqa-005-create-eqa-result-table::eqa-module-feature
Apr 08, 2026 10:32:13 PM liquibase.changelog
INFO: Table eqa_result created
Apr 08, 2026 10:32:13 PM liquibase.changelog
INFO: Unique constraint added to eqa_result(eqa_distribution_id, participant_organization_id, test_id)
Apr 08, 2026 10:32:13 PM liquibase.changelog
INFO: Index idx_eqa_result_distribution created
Apr 08, 2026 10:32:13 PM liquibase.changelog
INFO: Index idx_eqa_result_participant created
Apr 08, 2026 10:32:13 PM liquibase.changelog
INFO: Sequence eqa_result_seq created
Apr 08, 2026 10:32:13 PM liquibase.changelog
INFO: ChangeSet liquibase/3.3.x.x/eqa-004-create-eqa-result-table.xml::eqa-005-create-eqa-result-table::eqa-module-feature ran successfully in 96ms
Running Changeset: liquibase/3.3.x.x/eqa-006-add-result-audit-columns.xml::eqa-006-add-result-audit-columns::eqa-module-feature
Apr 08, 2026 10:32:14 PM liquibase.changelog
INFO: Columns previous_result_value(DECIMAL(15,5)),previous_submission_date(TIMESTAMP),previous_submission_method(VARCHAR(20)),modified_by_user_id(numeric(10,0)) added to eqa_result
Apr 08, 2026 10:32:14 PM liquibase.changelog
INFO: ChangeSet liquibase/3.3.x.x/eqa-006-add-result-audit-columns.xml::eqa-006-add-result-audit-columns::eqa-module-feature ran successfully in 20ms
Running Changeset: liquibase/3.3.x.x/eqa-007-add-eqa-menu-items.xml::eqa-007-01::eqa-module
Apr 08, 2026 10:32:14 PM liquibase.changelog
INFO: New row inserted into menu
Apr 08, 2026 10:32:14 PM liquibase.changelog
INFO: ChangeSet liquibase/3.3.x.x/eqa-007-add-eqa-menu-items.xml::eqa-007-01::eqa-module ran successfully in 6ms
Running Changeset: liquibase/3.3.x.x/eqa-007-add-eqa-menu-items.xml::eqa-007-02::eqa-module
Apr 08, 2026 10:32:14 PM liquibase.changelog
INFO: New row inserted into menu
Apr 08, 2026 10:32:14 PM liquibase.changelog
INFO: ChangeSet liquibase/3.3.x.x/eqa-007-add-eqa-menu-items.xml::eqa-007-02::eqa-module ran successfully in 8ms
Running Changeset: liquibase/3.3.x.x/eqa-007-add-eqa-menu-items.xml::eqa-007-03::eqa-module
Apr 08, 2026 10:32:14 PM liquibase.changelog
INFO: New row inserted into menu
Apr 08, 2026 10:32:14 PM liquibase.changelog
INFO: ChangeSet liquibase/3.3.x.x/eqa-007-add-eqa-menu-items.xml::eqa-007-03::eqa-module ran successfully in 8ms
Running Changeset: liquibase/3.3.x.x/eqa-007-add-eqa-menu-items.xml::eqa-007-04::eqa-module
Apr 08, 2026 10:32:14 PM liquibase.changelog
INFO: New row inserted into menu
Apr 08, 2026 10:32:14 PM liquibase.changelog
INFO: ChangeSet liquibase/3.3.x.x/eqa-007-add-eqa-menu-items.xml::eqa-007-04::eqa-module ran successfully in 7ms
Running Changeset: liquibase/3.3.x.x/eqa-007-add-eqa-menu-items.xml::eqa-007-05::eqa-module
Apr 08, 2026 10:32:14 PM liquibase.changelog
INFO: Custom SQL executed
Apr 08, 2026 10:32:14 PM liquibase.changelog
INFO: ChangeSet liquibase/3.3.x.x/eqa-007-add-eqa-menu-items.xml::eqa-007-05::eqa-module ran successfully in 13ms
Running Changeset: liquibase/3.3.x.x/eqa-007-add-eqa-menu-items.xml::eqa-007-06::eqa-module
Apr 08, 2026 10:32:14 PM liquibase.changelog
INFO: New row inserted into system_module
Apr 08, 2026 10:32:14 PM liquibase.changelog
INFO: ChangeSet liquibase/3.3.x.x/eqa-007-add-eqa-menu-items.xml::eqa-007-06::eqa-module ran successfully in 8ms
Running Changeset: liquibase/3.3.x.x/eqa-007-add-eqa-menu-items.xml::eqa-007-07::eqa-module
Apr 08, 2026 10:32:14 PM liquibase.changelog
INFO: New row inserted into system_module_url
Apr 08, 2026 10:32:14 PM liquibase.changelog
INFO: New row inserted into system_module_url
Apr 08, 2026 10:32:14 PM liquibase.changelog
INFO: New row inserted into system_module_url
Apr 08, 2026 10:32:14 PM liquibase.changelog
INFO: New row inserted into system_module_url
Apr 08, 2026 10:32:14 PM liquibase.changelog
INFO: New row inserted into system_module_url
Apr 08, 2026 10:32:14 PM liquibase.changelog
INFO: New row inserted into system_module_url
Apr 08, 2026 10:32:14 PM liquibase.changelog
INFO: ChangeSet liquibase/3.3.x.x/eqa-007-add-eqa-menu-items.xml::eqa-007-07::eqa-module ran successfully in 28ms
Running Changeset: liquibase/3.3.x.x/eqa-007-add-eqa-menu-items.xml::eqa-007-08::eqa-module
Apr 08, 2026 10:32:14 PM liquibase.changelog
INFO: New row inserted into system_role_module
Apr 08, 2026 10:32:14 PM liquibase.changelog
INFO: ChangeSet liquibase/3.3.x.x/eqa-007-add-eqa-menu-items.xml::eqa-007-08::eqa-module ran successfully in 11ms
Running Changeset: liquibase/3.3.x.x/eqa-007-add-eqa-menu-items.xml::eqa-007-09::eqa-module
Apr 08, 2026 10:32:14 PM liquibase.changelog
INFO: New row inserted into system_role_module
Apr 08, 2026 10:32:14 PM liquibase.changelog
INFO: ChangeSet liquibase/3.3.x.x/eqa-007-add-eqa-menu-items.xml::eqa-007-09::eqa-module ran successfully in 8ms
Running Changeset: liquibase/3.3.x.x/eqa-007-add-eqa-menu-items.xml::eqa-007-10::eqa-module
Apr 08, 2026 10:32:14 PM liquibase.changelog
INFO: New row inserted into system_role_module
Apr 08, 2026 10:32:14 PM liquibase.changelog
INFO: ChangeSet liquibase/3.3.x.x/eqa-007-add-eqa-menu-items.xml::eqa-007-10::eqa-module ran successfully in 9ms
Running Changeset: liquibase/3.3.x.x/eqa-007-add-eqa-menu-items.xml::eqa-007-11::eqa-module
Apr 08, 2026 10:32:14 PM liquibase.changelog
INFO: Custom SQL executed
Apr 08, 2026 10:32:14 PM liquibase.changelog
INFO: ChangeSet liquibase/3.3.x.x/eqa-007-add-eqa-menu-items.xml::eqa-007-11::eqa-module ran successfully in 17ms
Running Changeset: liquibase/3.3.x.x/eqa-008-add-program-admin-columns.xml::eqa-008-add-program-admin-columns::eqa-module-feature
Apr 08, 2026 10:32:14 PM liquibase.changelog
INFO: Columns organization_id(numeric(10,0)),test_section_id(numeric(10,0)),frequency(VARCHAR(50)) added to eqa_program
Apr 08, 2026 10:32:14 PM liquibase.changelog
INFO: ChangeSet liquibase/3.3.x.x/eqa-008-add-program-admin-columns.xml::eqa-008-add-program-admin-columns::eqa-module-feature ran successfully in 26ms
Running Changeset: liquibase/3.3.x.x/eqa-009-create-enrollment-tables.xml::eqa-009-01-sequences::eqa-module
Apr 08, 2026 10:32:14 PM liquibase.changelog
INFO: Sequence eqa_enrollment_seq created
Apr 08, 2026 10:32:14 PM liquibase.changelog
INFO: Sequence eqa_lab_enroll_seq created
Apr 08, 2026 10:32:14 PM liquibase.changelog
INFO: Sequence eqa_lab_unit_map_seq created
Apr 08, 2026 10:32:14 PM liquibase.changelog
INFO: Sequence eqa_lab_test_map_seq created
Apr 08, 2026 10:32:14 PM liquibase.changelog
INFO: ChangeSet liquibase/3.3.x.x/eqa-009-create-enrollment-tables.xml::eqa-009-01-sequences::eqa-module ran successfully in 144ms
Running Changeset: liquibase/3.3.x.x/eqa-009-create-enrollment-tables.xml::eqa-009-02-program-enrollment::eqa-module
Apr 08, 2026 10:32:14 PM liquibase.changelog
INFO: Table eqa_program_enrollment created
Apr 08, 2026 10:32:14 PM liquibase.changelog
INFO: ChangeSet liquibase/3.3.x.x/eqa-009-create-enrollment-tables.xml::eqa-009-02-program-enrollment::eqa-module ran successfully in 144ms
Running Changeset: liquibase/3.3.x.x/eqa-009-create-enrollment-tables.xml::eqa-009-03-enrollment-unique-idx::eqa-module
Apr 08, 2026 10:32:14 PM liquibase.changelog
INFO: Custom SQL executed
Apr 08, 2026 10:32:14 PM liquibase.changelog
INFO: ChangeSet liquibase/3.3.x.x/eqa-009-create-enrollment-tables.xml::eqa-009-03-enrollment-unique-idx::eqa-module ran successfully in 15ms
Running Changeset: liquibase/3.3.x.x/eqa-009-create-enrollment-tables.xml::eqa-009-04-lab-program-enrollment::eqa-module
Apr 08, 2026 10:32:14 PM liquibase.changelog
INFO: Table eqa_lab_program_enrollment created
Apr 08, 2026 10:32:14 PM liquibase.changelog
INFO: ChangeSet liquibase/3.3.x.x/eqa-009-create-enrollment-tables.xml::eqa-009-04-lab-program-enrollment::eqa-module ran successfully in 154ms
Running Changeset: liquibase/3.3.x.x/eqa-009-create-enrollment-tables.xml::eqa-009-05-lab-enrollment-lab-unit::eqa-module
Apr 08, 2026 10:32:14 PM liquibase.changelog
INFO: Table eqa_lab_enrollment_lab_unit created
Apr 08, 2026 10:32:14 PM liquibase.changelog
INFO: Unique constraint added to eqa_lab_enrollment_lab_unit(enrollment_id, test_section_id)
Apr 08, 2026 10:32:14 PM liquibase.changelog
INFO: ChangeSet liquibase/3.3.x.x/eqa-009-create-enrollment-tables.xml::eqa-009-05-lab-enrollment-lab-unit::eqa-module ran successfully in 112ms
Running Changeset: liquibase/3.3.x.x/eqa-009-create-enrollment-tables.xml::eqa-009-06-lab-enrollment-test-map::eqa-module
Apr 08, 2026 10:32:15 PM liquibase.changelog
INFO: Table eqa_lab_enrollment_test_map created
Apr 08, 2026 10:32:15 PM liquibase.changelog
INFO: Custom SQL executed
Apr 08, 2026 10:32:15 PM liquibase.changelog
INFO: ChangeSet liquibase/3.3.x.x/eqa-009-create-enrollment-tables.xml::eqa-009-06-lab-enrollment-test-map::eqa-module ran successfully in 143ms
Running Changeset: liquibase/3.3.x.x/eqa-010-restructure-menu.xml::eqa-010-01::eqa-module
Apr 08, 2026 10:32:15 PM liquibase.changelog
INFO: Data updated in menu
Apr 08, 2026 10:32:15 PM liquibase.changelog
INFO: ChangeSet liquibase/3.3.x.x/eqa-010-restructure-menu.xml::eqa-010-01::eqa-module ran successfully in 7ms
Running Changeset: liquibase/3.3.x.x/eqa-010-restructure-menu.xml::eqa-010-02::eqa-module
Apr 08, 2026 10:32:15 PM liquibase.changelog
INFO: Data updated in menu
Apr 08, 2026 10:32:15 PM liquibase.changelog
INFO: ChangeSet liquibase/3.3.x.x/eqa-010-restructure-menu.xml::eqa-010-02::eqa-module ran successfully in 9ms
Running Changeset: liquibase/3.3.x.x/eqa-010-restructure-menu.xml::eqa-010-03::eqa-module
Apr 08, 2026 10:32:15 PM liquibase.changelog
INFO: New row inserted into menu
Apr 08, 2026 10:32:15 PM liquibase.changelog
INFO: ChangeSet liquibase/3.3.x.x/eqa-010-restructure-menu.xml::eqa-010-03::eqa-module ran successfully in 10ms
Running Changeset: liquibase/3.3.x.x/eqa-010-restructure-menu.xml::eqa-010-04::eqa-module
Apr 08, 2026 10:32:15 PM liquibase.changelog
INFO: New row inserted into menu
Apr 08, 2026 10:32:15 PM liquibase.changelog
INFO: ChangeSet liquibase/3.3.x.x/eqa-010-restructure-menu.xml::eqa-010-04::eqa-module ran successfully in 10ms
Running Changeset: liquibase/3.3.x.x/eqa-010-restructure-menu.xml::eqa-010-05::eqa-module
Apr 08, 2026 10:32:15 PM liquibase.changelog
INFO: New row inserted into menu
Apr 08, 2026 10:32:15 PM liquibase.changelog
INFO: ChangeSet liquibase/3.3.x.x/eqa-010-restructure-menu.xml::eqa-010-05::eqa-module ran successfully in 10ms
Running Changeset: liquibase/3.3.x.x/eqa-010-restructure-menu.xml::eqa-010-06::eqa-module
Apr 08, 2026 10:32:15 PM liquibase.changelog
INFO: New row inserted into menu
Apr 08, 2026 10:32:15 PM liquibase.changelog
INFO: ChangeSet liquibase/3.3.x.x/eqa-010-restructure-menu.xml::eqa-010-06::eqa-module ran successfully in 6ms
Running Changeset: liquibase/3.3.x.x/eqa-010-restructure-menu.xml::eqa-010-07::eqa-module
Apr 08, 2026 10:32:15 PM liquibase.changelog
INFO: New row inserted into menu
Apr 08, 2026 10:32:15 PM liquibase.changelog
INFO: ChangeSet liquibase/3.3.x.x/eqa-010-restructure-menu.xml::eqa-010-07::eqa-module ran successfully in 6ms
Running Changeset: liquibase/3.3.x.x/eqa-010-restructure-menu.xml::eqa-010-08::eqa-module
Apr 08, 2026 10:32:15 PM liquibase.changelog
INFO: New row inserted into menu
Apr 08, 2026 10:32:15 PM liquibase.changelog
INFO: ChangeSet liquibase/3.3.x.x/eqa-010-restructure-menu.xml::eqa-010-08::eqa-module ran successfully in 7ms
Running Changeset: liquibase/3.3.x.x/eqa-010-restructure-menu.xml::eqa-010-09::eqa-module
Apr 08, 2026 10:32:15 PM liquibase.changelog
INFO: New row inserted into menu
Apr 08, 2026 10:32:15 PM liquibase.changelog
INFO: ChangeSet liquibase/3.3.x.x/eqa-010-restructure-menu.xml::eqa-010-09::eqa-module ran successfully in 6ms
Running Changeset: liquibase/3.3.x.x/eqa-010-restructure-menu.xml::eqa-010-10::eqa-module
Apr 08, 2026 10:32:15 PM liquibase.changelog
INFO: New row inserted into menu
Apr 08, 2026 10:32:15 PM liquibase.changelog
INFO: ChangeSet liquibase/3.3.x.x/eqa-010-restructure-menu.xml::eqa-010-10::eqa-module ran successfully in 7ms
Running Changeset: liquibase/3.3.x.x/eqa-010-restructure-menu.xml::eqa-010-11::eqa-module
Apr 08, 2026 10:32:15 PM liquibase.changelog
INFO: New row inserted into menu
Apr 08, 2026 10:32:15 PM liquibase.changelog
INFO: ChangeSet liquibase/3.3.x.x/eqa-010-restructure-menu.xml::eqa-010-11::eqa-module ran successfully in 7ms
Running Changeset: liquibase/3.3.x.x/eqa-010-restructure-menu.xml::eqa-010-12::eqa-module
Apr 08, 2026 10:32:15 PM liquibase.changelog
INFO: New row inserted into system_module_url
Apr 08, 2026 10:32:15 PM liquibase.changelog
INFO: New row inserted into system_module_url
Apr 08, 2026 10:32:15 PM liquibase.changelog
INFO: New row inserted into system_module_url
Apr 08, 2026 10:32:15 PM liquibase.changelog
INFO: New row inserted into system_module_url
Apr 08, 2026 10:32:15 PM liquibase.changelog
INFO: ChangeSet liquibase/3.3.x.x/eqa-010-restructure-menu.xml::eqa-010-12::eqa-module ran successfully in 18ms
Running Changeset: liquibase/3.3.x.x/eqa-010-restructure-menu.xml::eqa-010-13::eqa-module
Apr 08, 2026 10:32:15 PM liquibase.changelog
INFO: Custom SQL executed
Apr 08, 2026 10:32:15 PM liquibase.changelog
INFO: ChangeSet liquibase/3.3.x.x/eqa-010-restructure-menu.xml::eqa-010-13::eqa-module ran successfully in 15ms
Running Changeset: liquibase/3.3.x.x/029-add-gps-coordinates-to-sample.xml::OGC-300-2026-02-11-1::mherman22
Apr 08, 2026 10:32:15 PM liquibase.changelog
INFO: Columns gps_latitude(DECIMAL(9,6)) added to sample
Apr 08, 2026 10:32:15 PM liquibase.changelog
INFO: Columns gps_longitude(DECIMAL(9,6)) added to sample
Apr 08, 2026 10:32:15 PM liquibase.changelog
INFO: Columns gps_accuracy_meters(INTEGER) added to sample
Apr 08, 2026 10:32:15 PM liquibase.changelog
INFO: Columns gps_capture_method(VARCHAR(10)) added to sample
Apr 08, 2026 10:32:15 PM liquibase.changelog
INFO: Columns gps_capture_timestamp(TIMESTAMP) added to sample
Apr 08, 2026 10:32:15 PM liquibase.changelog
INFO: Custom SQL executed
Apr 08, 2026 10:32:15 PM liquibase.changelog
INFO: Custom SQL executed
Apr 08, 2026 10:32:15 PM liquibase.changelog
INFO: Custom SQL executed
Apr 08, 2026 10:32:15 PM liquibase.changelog
INFO: Custom SQL executed
Apr 08, 2026 10:32:15 PM liquibase.changelog
INFO: Custom SQL executed
Apr 08, 2026 10:32:15 PM liquibase.changelog
INFO: Index idx_sample_gps_coordinates created
Apr 08, 2026 10:32:15 PM liquibase.changelog
INFO: Index idx_sample_gps_capture_method created
Apr 08, 2026 10:32:15 PM liquibase.changelog
INFO: ChangeSet liquibase/3.3.x.x/029-add-gps-coordinates-to-sample.xml::OGC-300-2026-02-11-1::mherman22 ran successfully in 73ms
Running Changeset: liquibase/3.3.x.x/029-add-gps-coordinates-to-sample.xml::OGC-300-2026-02-11-2::mherman22
Apr 08, 2026 10:32:15 PM liquibase.changelog
INFO: New row inserted into site_information
Apr 08, 2026 10:32:15 PM liquibase.changelog
INFO: ChangeSet liquibase/3.3.x.x/029-add-gps-coordinates-to-sample.xml::OGC-300-2026-02-11-2::mherman22 ran successfully in 9ms
Running Changeset: liquibase/3.3.x.x/029-add-gps-coordinates-to-sample.xml::OGC-300-2026-02-11-3::mherman22
Apr 08, 2026 10:32:15 PM liquibase.changelog
INFO: New row inserted into site_information
Apr 08, 2026 10:32:15 PM liquibase.changelog
INFO: ChangeSet liquibase/3.3.x.x/029-add-gps-coordinates-to-sample.xml::OGC-300-2026-02-11-3::mherman22 ran successfully in 7ms
Running Changeset: liquibase/3.3.x.x/029-add-gps-coordinates-to-sample.xml::OGC-300-2026-02-11-4::mherman22
Apr 08, 2026 10:32:15 PM liquibase.changelog
INFO: New row inserted into site_information
Apr 08, 2026 10:32:15 PM liquibase.changelog
INFO: ChangeSet liquibase/3.3.x.x/029-add-gps-coordinates-to-sample.xml::OGC-300-2026-02-11-4::mherman22 ran successfully in 9ms
Running Changeset: liquibase/3.3.x.x/030-add-address-hierarchy-config.xml::1::openelis
Apr 08, 2026 10:32:15 PM liquibase.changelog
INFO: New row inserted into site_information
Apr 08, 2026 10:32:15 PM liquibase.changelog
INFO: ChangeSet liquibase/3.3.x.x/030-add-address-hierarchy-config.xml::1::openelis ran successfully in 7ms
Running Changeset: liquibase/3.3.x.x/barcode_expansion.xml::1::csteele
Apr 08, 2026 10:32:15 PM liquibase.changelog
INFO: New row inserted into site_information_domain
Apr 08, 2026 10:32:15 PM liquibase.changelog
INFO: ChangeSet liquibase/3.3.x.x/barcode_expansion.xml::1::csteele ran successfully in 7ms
Running Changeset: liquibase/3.3.x.x/barcode_expansion.xml::2::csteele
Apr 08, 2026 10:32:15 PM liquibase.changelog
INFO: Data updated in site_information
Apr 08, 2026 10:32:15 PM liquibase.changelog
INFO: ChangeSet liquibase/3.3.x.x/barcode_expansion.xml::2::csteele ran successfully in 5ms
Running Changeset: liquibase/3.3.x.x/barcode_expansion.xml::3::csteele
Apr 08, 2026 10:32:15 PM liquibase.changelog
INFO: Data updated in site_information
Apr 08, 2026 10:32:15 PM liquibase.changelog
INFO: Data updated in site_information
Apr 08, 2026 10:32:15 PM liquibase.changelog
INFO: Data updated in site_information
Apr 08, 2026 10:32:15 PM liquibase.changelog
INFO: Data updated in site_information
Apr 08, 2026 10:32:15 PM liquibase.changelog
INFO: ChangeSet liquibase/3.3.x.x/barcode_expansion.xml::3::csteele ran successfully in 16ms
Running Changeset: liquibase/3.3.x.x/028-barcode-info-tables.xml::barcode-info-001-sample-barcode-info::ogc-284
Apr 08, 2026 10:32:15 PM liquibase.changelog
INFO: Sequence sample_barcode_info_seq created
Apr 08, 2026 10:32:15 PM liquibase.changelog
INFO: Table sample_barcode_info created
Apr 08, 2026 10:32:15 PM liquibase.changelog
INFO: Index idx_sample_barcode_info_sample_id created
Apr 08, 2026 10:32:15 PM liquibase.changelog
INFO: ChangeSet liquibase/3.3.x.x/028-barcode-info-tables.xml::barcode-info-001-sample-barcode-info::ogc-284 ran successfully in 149ms
Running Changeset: liquibase/3.3.x.x/028-barcode-info-tables.xml::barcode-info-002-sample-item-barcode-info::ogc-284
Apr 08, 2026 10:32:15 PM liquibase.changelog
INFO: Sequence sample_item_barcode_info_seq created
Apr 08, 2026 10:32:15 PM liquibase.changelog
INFO: Table sample_item_barcode_info created
Apr 08, 2026 10:32:15 PM liquibase.changelog
INFO: Index idx_sample_item_barcode_info_sample_item_id created
Apr 08, 2026 10:32:15 PM liquibase.changelog
INFO: ChangeSet liquibase/3.3.x.x/028-barcode-info-tables.xml::barcode-info-002-sample-item-barcode-info::ogc-284 ran successfully in 109ms
Running Changeset: liquibase/3.3.x.x/028-barcode-info-tables.xml::barcode-info-003-printed-order-count::ogc-284
Apr 08, 2026 10:32:15 PM liquibase.changelog
INFO: Columns printed_order_count(INTEGER) added to sample_barcode_info
Apr 08, 2026 10:32:15 PM liquibase.changelog
INFO: ChangeSet liquibase/3.3.x.x/028-barcode-info-tables.xml::barcode-info-003-printed-order-count::ogc-284 ran successfully in 9ms
Running Changeset: liquibase/3.3.x.x/028-barcode-info-tables.xml::barcode-info-004-printed-item-counts::ogc-284
Apr 08, 2026 10:32:16 PM liquibase.changelog
INFO: Columns printed_specimen_count(INTEGER) added to sample_item_barcode_info
Apr 08, 2026 10:32:16 PM liquibase.changelog
INFO: Columns printed_block_count(INTEGER) added to sample_item_barcode_info
Apr 08, 2026 10:32:16 PM liquibase.changelog
INFO: Columns printed_slide_count(INTEGER) added to sample_item_barcode_info
Apr 08, 2026 10:32:16 PM liquibase.changelog
INFO: Columns printed_freezer_count(INTEGER) added to sample_item_barcode_info
Apr 08, 2026 10:32:16 PM liquibase.changelog
INFO: ChangeSet liquibase/3.3.x.x/028-barcode-info-tables.xml::barcode-info-004-printed-item-counts::ogc-284 ran successfully in 28ms
Running Changeset: liquibase/3.3.x.x/shipment-001-create-shipping-box-table.xml::shipment-001-create-sequence::pkomena
Apr 08, 2026 10:32:16 PM liquibase.changelog
INFO: Sequence shipping_box_seq created
Apr 08, 2026 10:32:16 PM liquibase.changelog
INFO: ChangeSet liquibase/3.3.x.x/shipment-001-create-shipping-box-table.xml::shipment-001-create-sequence::pkomena ran successfully in 59ms
Running Changeset: liquibase/3.3.x.x/shipment-001-create-shipping-box-table.xml::shipment-001-create-shipping-box-table::pkomena
Apr 08, 2026 10:32:16 PM liquibase.changelog
INFO: Table shipping_box created
Apr 08, 2026 10:32:16 PM liquibase.changelog
INFO: ChangeSet liquibase/3.3.x.x/shipment-001-create-shipping-box-table.xml::shipment-001-create-shipping-box-table::pkomena ran successfully in 78ms
Running Changeset: liquibase/3.3.x.x/shipment-002-create-shipment-table.xml::shipment-002-create-sequence::pkomena
Apr 08, 2026 10:32:16 PM liquibase.changelog
INFO: Sequence shipment_seq created
Apr 08, 2026 10:32:16 PM liquibase.changelog
INFO: ChangeSet liquibase/3.3.x.x/shipment-002-create-shipment-table.xml::shipment-002-create-sequence::pkomena ran successfully in 49ms
Running Changeset: liquibase/3.3.x.x/shipment-002-create-shipment-table.xml::shipment-002-create-shipment-table::pkomena
Apr 08, 2026 10:32:16 PM liquibase.changelog
INFO: Table shipment created
Apr 08, 2026 10:32:16 PM liquibase.changelog
INFO: ChangeSet liquibase/3.3.x.x/shipment-002-create-shipment-table.xml::shipment-002-create-shipment-table::pkomena ran successfully in 76ms
Running Changeset: liquibase/3.3.x.x/shipment-003-create-box-sample-table.xml::shipment-003-create-sequence::pkomena
Apr 08, 2026 10:32:16 PM liquibase.changelog
INFO: Sequence box_sample_seq created
Apr 08, 2026 10:32:16 PM liquibase.changelog
INFO: ChangeSet liquibase/3.3.x.x/shipment-003-create-box-sample-table.xml::shipment-003-create-sequence::pkomena ran successfully in 63ms
Running Changeset: liquibase/3.3.x.x/shipment-003-create-box-sample-table.xml::shipment-003-create-box-sample-table::pkomena
Apr 08, 2026 10:32:16 PM liquibase.changelog
INFO: Table box_sample created
Apr 08, 2026 10:32:16 PM liquibase.changelog
INFO: ChangeSet liquibase/3.3.x.x/shipment-003-create-box-sample-table.xml::shipment-003-create-box-sample-table::pkomena ran successfully in 87ms
Running Changeset: liquibase/3.3.x.x/shipment-005-create-indexes.xml::shipment-005-idx-shipping-box-state::pkomena
Apr 08, 2026 10:32:16 PM liquibase.changelog
INFO: Index idx_shipping_box_state created
Apr 08, 2026 10:32:16 PM liquibase.changelog
INFO: ChangeSet liquibase/3.3.x.x/shipment-005-create-indexes.xml::shipment-005-idx-shipping-box-state::pkomena ran successfully in 16ms
Running Changeset: liquibase/3.3.x.x/shipment-005-create-indexes.xml::shipment-005-idx-shipping-box-destination::pkomena
Apr 08, 2026 10:32:16 PM liquibase.changelog
INFO: Index idx_shipping_box_destination created
Apr 08, 2026 10:32:16 PM liquibase.changelog
INFO: ChangeSet liquibase/3.3.x.x/shipment-005-create-indexes.xml::shipment-005-idx-shipping-box-destination::pkomena ran successfully in 18ms
Running Changeset: liquibase/3.3.x.x/shipment-005-create-indexes.xml::shipment-005-idx-shipping-box-created-date::pkomena
Apr 08, 2026 10:32:16 PM liquibase.changelog
INFO: Index idx_shipping_box_created_date created
Apr 08, 2026 10:32:16 PM liquibase.changelog
INFO: ChangeSet liquibase/3.3.x.x/shipment-005-create-indexes.xml::shipment-005-idx-shipping-box-created-date::pkomena ran successfully in 21ms
Running Changeset: liquibase/3.3.x.x/shipment-005-create-indexes.xml::shipment-005-idx-shipping-box-fhir-uuid::pkomena
Apr 08, 2026 10:32:16 PM liquibase.changelog
INFO: Index idx_shipping_box_fhir_uuid created
Apr 08, 2026 10:32:16 PM liquibase.changelog
INFO: ChangeSet liquibase/3.3.x.x/shipment-005-create-indexes.xml::shipment-005-idx-shipping-box-fhir-uuid::pkomena ran successfully in 21ms
Running Changeset: liquibase/3.3.x.x/shipment-005-create-indexes.xml::shipment-005-idx-shipping-box-archived::pkomena
Apr 08, 2026 10:32:16 PM liquibase.changelog
INFO: Index idx_shipping_box_archived created
Apr 08, 2026 10:32:16 PM liquibase.changelog
INFO: ChangeSet liquibase/3.3.x.x/shipment-005-create-indexes.xml::shipment-005-idx-shipping-box-archived::pkomena ran successfully in 20ms
Running Changeset: liquibase/3.3.x.x/shipment-005-create-indexes.xml::shipment-005-idx-shipment-box-id::pkomena
Apr 08, 2026 10:32:16 PM liquibase.changelog
INFO: Index idx_shipment_box_id created
Apr 08, 2026 10:32:16 PM liquibase.changelog
INFO: ChangeSet liquibase/3.3.x.x/shipment-005-create-indexes.xml::shipment-005-idx-shipment-box-id::pkomena ran successfully in 21ms
Running Changeset: liquibase/3.3.x.x/shipment-005-create-indexes.xml::shipment-005-idx-shipment-status::pkomena
Apr 08, 2026 10:32:16 PM liquibase.changelog
INFO: Index idx_shipment_status created
Apr 08, 2026 10:32:16 PM liquibase.changelog
INFO: ChangeSet liquibase/3.3.x.x/shipment-005-create-indexes.xml::shipment-005-idx-shipment-status::pkomena ran successfully in 21ms
Running Changeset: liquibase/3.3.x.x/shipment-005-create-indexes.xml::shipment-005-idx-shipment-tracking::pkomena
Apr 08, 2026 10:32:16 PM liquibase.changelog
INFO: Index idx_shipment_tracking created
Apr 08, 2026 10:32:16 PM liquibase.changelog
INFO: ChangeSet liquibase/3.3.x.x/shipment-005-create-indexes.xml::shipment-005-idx-shipment-tracking::pkomena ran successfully in 17ms
Running Changeset: liquibase/3.3.x.x/shipment-005-create-indexes.xml::shipment-005-idx-box-sample-box-id::pkomena
Apr 08, 2026 10:32:16 PM liquibase.changelog
INFO: Index idx_box_sample_box_id created
Apr 08, 2026 10:32:16 PM liquibase.changelog
INFO: ChangeSet liquibase/3.3.x.x/shipment-005-create-indexes.xml::shipment-005-idx-box-sample-box-id::pkomena ran successfully in 18ms
Running Changeset: liquibase/3.3.x.x/shipment-005-create-indexes.xml::shipment-005-idx-box-sample-sample-id::pkomena
Apr 08, 2026 10:32:16 PM liquibase.changelog
INFO: Index idx_box_sample_sample_id created
Apr 08, 2026 10:32:16 PM liquibase.changelog
INFO: ChangeSet liquibase/3.3.x.x/shipment-005-create-indexes.xml::shipment-005-idx-box-sample-sample-id::pkomena ran successfully in 17ms
Running Changeset: liquibase/3.3.x.x/shipment-005-create-indexes.xml::shipment-005-idx-box-sample-reception-status::pkomena
Apr 08, 2026 10:32:16 PM liquibase.changelog
INFO: Index idx_box_sample_reception_status created
Apr 08, 2026 10:32:16 PM liquibase.changelog
INFO: ChangeSet liquibase/3.3.x.x/shipment-005-create-indexes.xml::shipment-005-idx-box-sample-reception-status::pkomena ran successfully in 16ms
Running Changeset: liquibase/3.3.x.x/shipment-005-create-indexes.xml::shipment-005-idx-box-sample-composite::pkomena
Apr 08, 2026 10:32:16 PM liquibase.changelog
INFO: Index idx_box_sample_composite created
Apr 08, 2026 10:32:16 PM liquibase.changelog
INFO: ChangeSet liquibase/3.3.x.x/shipment-005-create-indexes.xml::shipment-005-idx-box-sample-composite::pkomena ran successfully in 17ms
Running Changeset: liquibase/3.3.x.x/shipment-006-create-foreign-keys.xml::shipment-006-create-foreign-keys::pkomena
Apr 08, 2026 10:33:02 PM liquibase.changelog
INFO: Foreign key constraint added to shipping_box (destination_facility_id)
Apr 08, 2026 10:33:02 PM liquibase.changelog
INFO: Foreign key constraint added to shipping_box (created_by)
Apr 08, 2026 10:33:02 PM liquibase.changelog
INFO: Foreign key constraint added to shipment (shipping_box_id)
Apr 08, 2026 10:33:02 PM liquibase.changelog
INFO: Foreign key constraint added to box_sample (shipping_box_id)
Apr 08, 2026 10:33:02 PM liquibase.changelog
INFO: Foreign key constraint added to box_sample (sample_id)
Apr 08, 2026 10:33:02 PM liquibase.changelog
INFO: ChangeSet liquibase/3.3.x.x/shipment-006-create-foreign-keys.xml::shipment-006-create-foreign-keys::pkomena ran successfully in 45940ms
Running Changeset: liquibase/3.3.x.x/shipment-007-add-menu-and-role.xml::shipment-007-add-menu::pkomena
Apr 08, 2026 10:33:02 PM liquibase.changelog
INFO: New row inserted into menu
Apr 08, 2026 10:33:02 PM liquibase.changelog
INFO: ChangeSet liquibase/3.3.x.x/shipment-007-add-menu-and-role.xml::shipment-007-add-menu::pkomena ran successfully in 15ms
Running Changeset: liquibase/3.3.x.x/shipment-007-add-menu-and-role.xml::shipment-007-add-module::pkomena
Apr 08, 2026 10:33:02 PM liquibase.changelog
INFO: New row inserted into system_module
Apr 08, 2026 10:33:02 PM liquibase.changelog
INFO: ChangeSet liquibase/3.3.x.x/shipment-007-add-menu-and-role.xml::shipment-007-add-module::pkomena ran successfully in 14ms
Running Changeset: liquibase/3.3.x.x/shipment-007-add-menu-and-role.xml::shipment-007-add-module-url::pkomena
Apr 08, 2026 10:33:02 PM liquibase.changelog
INFO: New row inserted into system_module_url
Apr 08, 2026 10:33:02 PM liquibase.changelog
INFO: ChangeSet liquibase/3.3.x.x/shipment-007-add-menu-and-role.xml::shipment-007-add-module-url::pkomena ran successfully in 20ms
Running Changeset: liquibase/3.3.x.x/shipment-007-add-menu-and-role.xml::shipment-007-assign-role-reception::pkomena
Apr 08, 2026 10:33:03 PM liquibase.changelog
INFO: New row inserted into system_role_module
Apr 08, 2026 10:33:03 PM liquibase.changelog
INFO: ChangeSet liquibase/3.3.x.x/shipment-007-add-menu-and-role.xml::shipment-007-assign-role-reception::pkomena ran successfully in 20ms
Running Changeset: liquibase/3.3.x.x/shipment-007-add-menu-and-role.xml::shipment-007-assign-role-results::pkomena
Apr 08, 2026 10:33:03 PM liquibase.changelog
INFO: New row inserted into system_role_module
Apr 08, 2026 10:33:03 PM liquibase.changelog
INFO: ChangeSet liquibase/3.3.x.x/shipment-007-add-menu-and-role.xml::shipment-007-assign-role-results::pkomena ran successfully in 18ms
Running Changeset: liquibase/3.3.x.x/shipment-008-add-capacity-column.xml::1::shipment-module
Apr 08, 2026 10:33:03 PM liquibase.changelog
INFO: Columns capacity(INTEGER) added to shipping_box
Apr 08, 2026 10:33:03 PM liquibase.changelog
INFO: ChangeSet liquibase/3.3.x.x/shipment-008-add-capacity-column.xml::1::shipment-module ran successfully in 7ms
Running Changeset: liquibase/3.3.x.x/shipment-009-add-referral-shipment-columns.xml::1::pkomena
Apr 08, 2026 10:33:03 PM liquibase.changelog
INFO: Columns assigned_to_box_id(INTEGER) added to referral
Apr 08, 2026 10:33:03 PM liquibase.changelog
INFO: Columns lost_status(BOOLEAN) added to referral
Apr 08, 2026 10:33:03 PM liquibase.changelog
INFO: Columns lost_date(TIMESTAMP) added to referral
Apr 08, 2026 10:33:03 PM liquibase.changelog
INFO: Columns lost_reason(TEXT) added to referral
Apr 08, 2026 10:33:03 PM liquibase.changelog
INFO: Columns priority(VARCHAR(20)) added to referral
Apr 08, 2026 10:33:03 PM liquibase.changelog
INFO: Columns cancel_date(TIMESTAMP) added to referral
Apr 08, 2026 10:33:03 PM liquibase.changelog
INFO: Columns cancel_reason(TEXT) added to referral
Apr 08, 2026 10:33:03 PM liquibase.changelog
INFO: ChangeSet liquibase/3.3.x.x/shipment-009-add-referral-shipment-columns.xml::1::pkomena ran successfully in 42ms
Running Changeset: liquibase/3.3.x.x/shipment-009-add-referral-shipment-columns.xml::2::pkomena
Apr 08, 2026 10:33:03 PM liquibase.changelog
INFO: Index idx_referral_assigned_box created
Apr 08, 2026 10:33:03 PM liquibase.changelog
INFO: Index idx_referral_lost_status created
Apr 08, 2026 10:33:03 PM liquibase.changelog
INFO: Index idx_referral_priority created
Apr 08, 2026 10:33:03 PM liquibase.changelog
INFO: Index idx_referral_unassigned created
Apr 08, 2026 10:33:03 PM liquibase.changelog
INFO: ChangeSet liquibase/3.3.x.x/shipment-009-add-referral-shipment-columns.xml::2::pkomena ran successfully in 17ms
Running Changeset: liquibase/3.3.x.x/shipment-010-add-actual-sample-count.xml::1-add-sample-count-to-shipping-box::pkomena
Apr 08, 2026 10:33:03 PM liquibase.changelog
INFO: Columns actual_sample_count(INTEGER) added to shipping_box
Apr 08, 2026 10:33:03 PM liquibase.changelog
INFO: ChangeSet liquibase/3.3.x.x/shipment-010-add-actual-sample-count.xml::1-add-sample-count-to-shipping-box::pkomena ran successfully in 5ms
Running Changeset: liquibase/3.3.x.x/shipment-011-add-sample-shipment-referral-type.xml::1-add-sample-shipment-referral-type::pkomena
Apr 08, 2026 10:33:03 PM liquibase.changelog
INFO: New row inserted into referral_type
Apr 08, 2026 10:33:03 PM liquibase.changelog
INFO: New row inserted into localization
Apr 08, 2026 10:33:03 PM liquibase.changelog
INFO: ChangeSet liquibase/3.3.x.x/shipment-011-add-sample-shipment-referral-type.xml::1-add-sample-shipment-referral-type::pkomena ran successfully in 11ms
Running Changeset: liquibase/3.3.x.x/shipment-012-migrate-to-sample-item.xml::1::pkomena
Apr 08, 2026 10:33:03 PM liquibase.changelog
INFO: Sequence box_sample_item_seq created
Apr 08, 2026 10:33:03 PM liquibase.changelog
INFO: Table box_sample_item created
Apr 08, 2026 10:33:03 PM liquibase.changelog
INFO: Foreign key constraint added to box_sample_item (shipping_box_id)
Apr 08, 2026 10:33:03 PM liquibase.changelog
INFO: Foreign key constraint added to box_sample_item (sample_item_id)
Apr 08, 2026 10:33:03 PM liquibase.changelog
INFO: Unique constraint added to box_sample_item(sample_item_id)
Apr 08, 2026 10:33:03 PM liquibase.changelog
INFO: Index idx_box_sample_item_box created
Apr 08, 2026 10:33:03 PM liquibase.changelog
INFO: Index idx_box_sample_item_sample_item created
Apr 08, 2026 10:33:03 PM liquibase.changelog
INFO: ChangeSet liquibase/3.3.x.x/shipment-012-migrate-to-sample-item.xml::1::pkomena ran successfully in 34ms
Running Changeset: liquibase/3.3.x.x/shipment-012-migrate-to-sample-item.xml::2::pkomena
Apr 08, 2026 10:33:03 PM liquibase.changelog
INFO: Custom SQL executed
Apr 08, 2026 10:33:03 PM liquibase.changelog
INFO: ChangeSet liquibase/3.3.x.x/shipment-012-migrate-to-sample-item.xml::2::pkomena ran successfully in 7ms
Running Changeset: liquibase/3.3.x.x/shipment-012-migrate-to-sample-item.xml::3::pkomena
Apr 08, 2026 10:33:03 PM liquibase.changelog
INFO: Table box_sample dropped
Apr 08, 2026 10:33:03 PM liquibase.changelog
INFO: ChangeSet liquibase/3.3.x.x/shipment-012-migrate-to-sample-item.xml::3::pkomena ran successfully in 10ms
Running Changeset: liquibase/3.3.x.x/shipment-013-add-box-label-prefix-config.xml::shipment-013-1::oe
Apr 08, 2026 10:33:03 PM liquibase.changelog
INFO: New row inserted into site_information
Apr 08, 2026 10:33:03 PM liquibase.changelog
INFO: ChangeSet liquibase/3.3.x.x/shipment-013-add-box-label-prefix-config.xml::shipment-013-1::oe ran successfully in 7ms
Running Changeset: liquibase/3.3.x.x/shipment-014-move-menu-to-top-level.xml::shipment-014-move-menu-to-top-level::pkomena
Apr 08, 2026 10:33:03 PM liquibase.changelog
INFO: Custom SQL executed
Apr 08, 2026 10:33:03 PM liquibase.changelog
INFO: ChangeSet liquibase/3.3.x.x/shipment-014-move-menu-to-top-level.xml::shipment-014-move-menu-to-top-level::pkomena ran successfully in 6ms
Running Changeset: liquibase/3.3.x.x/shipment-015-add-site-organization-uuid-config.xml::shipment-015-1::oe
Apr 08, 2026 10:33:03 PM liquibase.changelog
INFO: New row inserted into site_information
Apr 08, 2026 10:33:03 PM liquibase.changelog
INFO: ChangeSet liquibase/3.3.x.x/shipment-015-add-site-organization-uuid-config.xml::shipment-015-1::oe ran successfully in 7ms
Running Changeset: liquibase/3.3.x.x/shipment-016-add-fhir-mapping-config.xml::shipment-016-1::oe
Apr 08, 2026 10:33:03 PM liquibase.changelog
INFO: New row inserted into site_information
Apr 08, 2026 10:33:03 PM liquibase.changelog
INFO: ChangeSet liquibase/3.3.x.x/shipment-016-add-fhir-mapping-config.xml::shipment-016-1::oe ran successfully in 7ms
Running Changeset: liquibase/3.3.x.x/shipment-016-add-fhir-mapping-config.xml::shipment-016-2::oe
Apr 08, 2026 10:33:03 PM liquibase.changelog
INFO: New row inserted into site_information
Apr 08, 2026 10:33:03 PM liquibase.changelog
INFO: ChangeSet liquibase/3.3.x.x/shipment-016-add-fhir-mapping-config.xml::shipment-016-2::oe ran successfully in 7ms
Running Changeset: liquibase/3.3.x.x/shipment-016-add-fhir-mapping-config.xml::shipment-016-3::oe
Apr 08, 2026 10:33:03 PM liquibase.changelog
INFO: New row inserted into site_information
Apr 08, 2026 10:33:03 PM liquibase.changelog
INFO: ChangeSet liquibase/3.3.x.x/shipment-016-add-fhir-mapping-config.xml::shipment-016-3::oe ran successfully in 9ms
Running Changeset: liquibase/3.3.x.x/031-add-training-installation-config.xml::031-training-installation-1::oe
Apr 08, 2026 10:33:03 PM liquibase.changelog
INFO: Marking ChangeSet: liquibase/3.3.x.x/031-add-training-installation-config.xml::031-training-installation-1::oe ran despite precondition failure due to onFail='MARK_RAN': 
          liquibase/base-changelog.xml : SQL Precondition failed.  Expected '0' got '1'

Running Changeset: liquibase/3.4.x.x/001-create-standalone-tables.xml::011-001-01-create-analyzer-type-table::madagascar-analyzer-integration
Apr 08, 2026 10:33:03 PM liquibase.changelog
INFO: Table analyzer_type created
Apr 08, 2026 10:33:03 PM liquibase.changelog
INFO: ChangeSet liquibase/3.4.x.x/001-create-standalone-tables.xml::011-001-01-create-analyzer-type-table::madagascar-analyzer-integration ran successfully in 107ms
Running Changeset: liquibase/3.4.x.x/001-create-standalone-tables.xml::011-001-02-create-analyzer-type-sequence::madagascar-analyzer-integration
Apr 08, 2026 10:33:03 PM liquibase.changelog
INFO: Sequence analyzer_type_seq created
Apr 08, 2026 10:33:03 PM liquibase.changelog
INFO: ChangeSet liquibase/3.4.x.x/001-create-standalone-tables.xml::011-001-02-create-analyzer-type-sequence::madagascar-analyzer-integration ran successfully in 76ms
Running Changeset: liquibase/3.4.x.x/001-create-standalone-tables.xml::011-001-03-create-custom-field-type-table::madagascar-analyzer-integration
Apr 08, 2026 10:33:03 PM liquibase.changelog
INFO: Table custom_field_type created
Apr 08, 2026 10:33:03 PM liquibase.changelog
INFO: ChangeSet liquibase/3.4.x.x/001-create-standalone-tables.xml::011-001-03-create-custom-field-type-table::madagascar-analyzer-integration ran successfully in 123ms
Running Changeset: liquibase/3.4.x.x/002-modify-analyzer-table.xml::011-002-01-standardize-lastupdated-columns::madagascar-analyzer-integration
Apr 08, 2026 10:33:03 PM liquibase.changelog
INFO: Column analyzer.lastupdated renamed to last_updated
Apr 08, 2026 10:33:03 PM liquibase.changelog
INFO: Column analyzer_test_map.lastupdated renamed to last_updated
Apr 08, 2026 10:33:03 PM liquibase.changelog
INFO: Column ANALYZER_RESULTS.LASTUPDATED renamed to last_updated
Apr 08, 2026 10:33:03 PM liquibase.changelog
INFO: ChangeSet liquibase/3.4.x.x/002-modify-analyzer-table.xml::011-002-01-standardize-lastupdated-columns::madagascar-analyzer-integration ran successfully in 19ms
Running Changeset: liquibase/3.4.x.x/002-modify-analyzer-table.xml::011-002-02-widen-name-and-add-structural-columns::madagascar-analyzer-integration
Apr 08, 2026 10:33:03 PM liquibase.changelog
INFO: Columns analyzer_type_id(NUMERIC(10,0)) added to analyzer
Apr 08, 2026 10:33:03 PM liquibase.changelog
INFO: Foreign key constraint added to analyzer (analyzer_type_id)
Apr 08, 2026 10:33:03 PM liquibase.changelog
INFO: ChangeSet liquibase/3.4.x.x/002-modify-analyzer-table.xml::011-002-02-widen-name-and-add-structural-columns::madagascar-analyzer-integration ran successfully in 16ms
Running Changeset: liquibase/3.4.x.x/002-modify-analyzer-table.xml::011-002-03-add-config-columns-to-analyzer::madagascar-analyzer-integration
Apr 08, 2026 10:33:03 PM liquibase.changelog
INFO: Columns ip_address(VARCHAR(15)),port(INTEGER),protocol_version(VARCHAR(20)),test_unit_ids(TEXT),status(VARCHAR(20)),identifier_pattern(VARCHAR(255)),last_activated_date(TIMESTAMP) added to analyzer
Apr 08, 2026 10:33:03 PM liquibase.changelog
INFO: ChangeSet liquibase/3.4.x.x/002-modify-analyzer-table.xml::011-002-03-add-config-columns-to-analyzer::madagascar-analyzer-integration ran successfully in 27ms
Running Changeset: liquibase/3.4.x.x/003-create-field-tables.xml::011-003-01-create-analyzer-field-table::madagascar-analyzer-integration
Apr 08, 2026 10:33:04 PM liquibase.changelog
INFO: Table analyzer_field created
Apr 08, 2026 10:33:04 PM liquibase.changelog
INFO: Custom SQL executed
Apr 08, 2026 10:33:04 PM liquibase.changelog
INFO: ChangeSet liquibase/3.4.x.x/003-create-field-tables.xml::011-003-01-create-analyzer-field-table::madagascar-analyzer-integration ran successfully in 100ms
Running Changeset: liquibase/3.4.x.x/003-create-field-tables.xml::011-003-02-create-analyzer-field-mapping-table::madagascar-analyzer-integration
Apr 08, 2026 10:33:04 PM liquibase.changelog
INFO: Table analyzer_field_mapping created
Apr 08, 2026 10:33:04 PM liquibase.changelog
INFO: Custom SQL executed
Apr 08, 2026 10:33:04 PM liquibase.changelog
INFO: Custom SQL executed
Apr 08, 2026 10:33:04 PM liquibase.changelog
INFO: ChangeSet liquibase/3.4.x.x/003-create-field-tables.xml::011-003-02-create-analyzer-field-mapping-table::madagascar-analyzer-integration ran successfully in 128ms
Running Changeset: liquibase/3.4.x.x/004-create-result-mapping-tables.xml::011-004-01-create-qualitative-result-mapping-table::madagascar-analyzer-integration
Apr 08, 2026 10:33:04 PM liquibase.changelog
INFO: Table qualitative_result_mapping created
Apr 08, 2026 10:33:04 PM liquibase.changelog
INFO: Unique constraint added to qualitative_result_mapping(analyzer_field_id, analyzer_value)
Apr 08, 2026 10:33:04 PM liquibase.changelog
INFO: ChangeSet liquibase/3.4.x.x/004-create-result-mapping-tables.xml::011-004-01-create-qualitative-result-mapping-table::madagascar-analyzer-integration ran successfully in 129ms
Running Changeset: liquibase/3.4.x.x/004-create-result-mapping-tables.xml::011-004-02-create-unit-mapping-table::madagascar-analyzer-integration
Apr 08, 2026 10:33:04 PM liquibase.changelog
INFO: Table unit_mapping created
Apr 08, 2026 10:33:04 PM liquibase.changelog
INFO: Unique constraint added to unit_mapping(analyzer_field_id, analyzer_unit)
Apr 08, 2026 10:33:04 PM liquibase.changelog
INFO: ChangeSet liquibase/3.4.x.x/004-create-result-mapping-tables.xml::011-004-02-create-unit-mapping-table::madagascar-analyzer-integration ran successfully in 101ms
Running Changeset: liquibase/3.4.x.x/005-create-support-tables.xml::011-005-01-create-analyzer-error-table::madagascar-analyzer-integration
Apr 08, 2026 10:33:04 PM liquibase.changelog
INFO: Table analyzer_error created
Apr 08, 2026 10:33:04 PM liquibase.changelog
INFO: Custom SQL executed
Apr 08, 2026 10:33:04 PM liquibase.changelog
INFO: Custom SQL executed
Apr 08, 2026 10:33:04 PM liquibase.changelog
INFO: Custom SQL executed
Apr 08, 2026 10:33:04 PM liquibase.changelog
INFO: ChangeSet liquibase/3.4.x.x/005-create-support-tables.xml::011-005-01-create-analyzer-error-table::madagascar-analyzer-integration ran successfully in 114ms
Running Changeset: liquibase/3.4.x.x/005-create-support-tables.xml::011-005-02-create-validation-rule-configuration-table::madagascar-analyzer-integration
Apr 08, 2026 10:33:04 PM liquibase.changelog
INFO: Table validation_rule_configuration created
Apr 08, 2026 10:33:04 PM liquibase.changelog
INFO: Custom SQL executed
Apr 08, 2026 10:33:04 PM liquibase.changelog
INFO: ChangeSet liquibase/3.4.x.x/005-create-support-tables.xml::011-005-02-create-validation-rule-configuration-table::madagascar-analyzer-integration ran successfully in 195ms
Running Changeset: liquibase/3.4.x.x/005-create-support-tables.xml::011-005-03-create-serial-port-configuration-table::madagascar-analyzer-integration
Apr 08, 2026 10:33:05 PM liquibase.changelog
INFO: Table serial_port_configuration created
Apr 08, 2026 10:33:05 PM liquibase.changelog
INFO: ChangeSet liquibase/3.4.x.x/005-create-support-tables.xml::011-005-03-create-serial-port-configuration-table::madagascar-analyzer-integration ran successfully in 209ms
Running Changeset: liquibase/3.4.x.x/005-create-support-tables.xml::011-005-04-create-file-import-configuration-table::madagascar-analyzer-integration
Apr 08, 2026 10:33:05 PM liquibase.changelog
INFO: Table file_import_configuration created
Apr 08, 2026 10:33:05 PM liquibase.changelog
INFO: ChangeSet liquibase/3.4.x.x/005-create-support-tables.xml::011-005-04-create-file-import-configuration-table::madagascar-analyzer-integration ran successfully in 137ms
Running Changeset: liquibase/3.4.x.x/006-create-indexes.xml::011-006-01-create-all-indexes::madagascar-analyzer-integration
Apr 08, 2026 10:33:07 PM liquibase.changelog
INFO: Index idx_analyzer_field_analyzer_id created
Apr 08, 2026 10:33:07 PM liquibase.changelog
INFO: Index idx_analyzer_field_is_active created
Apr 08, 2026 10:33:07 PM liquibase.changelog
INFO: Index idx_field_mapping_analyzer_field_id created
Apr 08, 2026 10:33:07 PM liquibase.changelog
INFO: Index idx_field_mapping_is_active created
Apr 08, 2026 10:33:07 PM liquibase.changelog
INFO: Index idx_field_mapping_openelis_field created
Apr 08, 2026 10:33:07 PM liquibase.changelog
INFO: Index idx_analyzer_field_mapping_analyzer_id created
Apr 08, 2026 10:33:07 PM liquibase.changelog
INFO: Index idx_qualitative_mapping_analyzer_field_id created
Apr 08, 2026 10:33:07 PM liquibase.changelog
INFO: Index idx_unit_mapping_analyzer_field_id created
Apr 08, 2026 10:33:07 PM liquibase.changelog
INFO: Index idx_analyzer_error_analyzer_id created
Apr 08, 2026 10:33:07 PM liquibase.changelog
INFO: Index idx_analyzer_error_status created
Apr 08, 2026 10:33:07 PM liquibase.changelog
INFO: Index idx_analyzer_error_error_type created
Apr 08, 2026 10:33:07 PM liquibase.changelog
INFO: Index idx_analyzer_error_last_updated created
Apr 08, 2026 10:33:07 PM liquibase.changelog
INFO: Index idx_analyzer_error_severity created
Apr 08, 2026 10:33:07 PM liquibase.changelog
INFO: Index idx_validation_rule_custom_field_type_id created
Apr 08, 2026 10:33:07 PM liquibase.changelog
INFO: Index idx_serial_port_config_analyzer created
Apr 08, 2026 10:33:07 PM liquibase.changelog
INFO: Index idx_serial_port_config_active created
Apr 08, 2026 10:33:07 PM liquibase.changelog
INFO: Index idx_file_import_config_analyzer created
Apr 08, 2026 10:33:07 PM liquibase.changelog
INFO: ChangeSet liquibase/3.4.x.x/006-create-indexes.xml::011-006-01-create-all-indexes::madagascar-analyzer-integration ran successfully in 1929ms
Running Changeset: liquibase/3.4.x.x/007-insert-seed-data.xml::011-007-01-add-menu-items-parent::madagascar-analyzer-integration
Apr 08, 2026 10:33:07 PM liquibase.changelog
INFO: New row inserted into menu
Apr 08, 2026 10:33:07 PM liquibase.changelog
INFO: ChangeSet liquibase/3.4.x.x/007-insert-seed-data.xml::011-007-01-add-menu-items-parent::madagascar-analyzer-integration ran successfully in 11ms
Running Changeset: liquibase/3.4.x.x/007-insert-seed-data.xml::011-007-02-add-menu-items-list::madagascar-analyzer-integration
Apr 08, 2026 10:33:07 PM liquibase.changelog
INFO: New row inserted into menu
Apr 08, 2026 10:33:07 PM liquibase.changelog
INFO: ChangeSet liquibase/3.4.x.x/007-insert-seed-data.xml::011-007-02-add-menu-items-list::madagascar-analyzer-integration ran successfully in 17ms
Running Changeset: liquibase/3.4.x.x/007-insert-seed-data.xml::011-007-03-add-menu-items-errors::madagascar-analyzer-integration
Apr 08, 2026 10:33:07 PM liquibase.changelog
INFO: New row inserted into menu
Apr 08, 2026 10:33:07 PM liquibase.changelog
INFO: ChangeSet liquibase/3.4.x.x/007-insert-seed-data.xml::011-007-03-add-menu-items-errors::madagascar-analyzer-integration ran successfully in 16ms
Running Changeset: liquibase/3.4.x.x/007-insert-seed-data.xml::011-007-05-add-menu-items-types::madagascar-analyzer-integration
Apr 08, 2026 10:33:07 PM liquibase.changelog
INFO: New row inserted into menu
Apr 08, 2026 10:33:07 PM liquibase.changelog
INFO: ChangeSet liquibase/3.4.x.x/007-insert-seed-data.xml::011-007-05-add-menu-items-types::madagascar-analyzer-integration ran successfully in 12ms
Running Changeset: liquibase/3.4.x.x/007-insert-seed-data.xml::011-007-04-add-query-timeout-config::madagascar-analyzer-integration
Apr 08, 2026 10:33:07 PM liquibase.changelog
INFO: Marking ChangeSet: liquibase/3.4.x.x/007-insert-seed-data.xml::011-007-04-add-query-timeout-config::madagascar-analyzer-integration ran despite precondition failure due to onFail='MARK_RAN': 
          liquibase/base-changelog.xml : Table clinlims.system_configuration does not exist

Running Changeset: liquibase/3.4.x.x/007-insert-seed-data.xml::011-007-05-add-query-rate-limit-config::madagascar-analyzer-integration
Apr 08, 2026 10:33:07 PM liquibase.changelog
INFO: Marking ChangeSet: liquibase/3.4.x.x/007-insert-seed-data.xml::011-007-05-add-query-rate-limit-config::madagascar-analyzer-integration ran despite precondition failure due to onFail='MARK_RAN': 
          liquibase/base-changelog.xml : Table clinlims.system_configuration does not exist

Running Changeset: liquibase/3.4.x.x/007-insert-seed-data.xml::011-007-06-add-max-fields-config::madagascar-analyzer-integration
Apr 08, 2026 10:33:07 PM liquibase.changelog
INFO: Marking ChangeSet: liquibase/3.4.x.x/007-insert-seed-data.xml::011-007-06-add-max-fields-config::madagascar-analyzer-integration ran despite precondition failure due to onFail='MARK_RAN': 
          liquibase/base-changelog.xml : Table clinlims.system_configuration does not exist

Running Changeset: liquibase/3.4.x.x/008-normalize-protocol-version-enum.xml::011-008-01-normalize-protocol-version-enum::madagascar-analyzer-integration
Apr 08, 2026 10:33:07 PM liquibase.changelog
INFO: Data updated in analyzer
Apr 08, 2026 10:33:07 PM liquibase.changelog
INFO: Data updated in analyzer
Apr 08, 2026 10:33:07 PM liquibase.changelog
INFO: Data updated in analyzer
Apr 08, 2026 10:33:07 PM liquibase.changelog
INFO: Data updated in analyzer
Apr 08, 2026 10:33:07 PM liquibase.changelog
INFO: Default value added to analyzer.protocol_version
Apr 08, 2026 10:33:07 PM liquibase.changelog
INFO: ChangeSet liquibase/3.4.x.x/008-normalize-protocol-version-enum.xml::011-008-01-normalize-protocol-version-enum::madagascar-analyzer-integration ran successfully in 45ms
Running Changeset: liquibase/3.4.x.x/009-decouple-test-mappings.xml::011-009-01-add-analyzer-type-id-column::madagascar-analyzer-integration
Apr 08, 2026 10:33:08 PM liquibase.changelog
INFO: Columns analyzer_type_id(NUMERIC(10,0)) added to analyzer_test_map
Apr 08, 2026 10:33:08 PM liquibase.changelog
INFO: ChangeSet liquibase/3.4.x.x/009-decouple-test-mappings.xml::011-009-01-add-analyzer-type-id-column::madagascar-analyzer-integration ran successfully in 18ms
Running Changeset: liquibase/3.4.x.x/009-decouple-test-mappings.xml::011-009-02-populate-analyzer-type-id::madagascar-analyzer-integration
Apr 08, 2026 10:33:08 PM liquibase.changelog
INFO: Custom SQL executed
Apr 08, 2026 10:33:08 PM liquibase.changelog
INFO: ChangeSet liquibase/3.4.x.x/009-decouple-test-mappings.xml::011-009-02-populate-analyzer-type-id::madagascar-analyzer-integration ran successfully in 31ms
Running Changeset: liquibase/3.4.x.x/009-decouple-test-mappings.xml::011-009-03-drop-old-pk-and-fk::madagascar-analyzer-integration
Apr 08, 2026 10:33:08 PM liquibase.changelog
INFO: Primary key dropped from analyzer_test_map
Apr 08, 2026 10:33:08 PM liquibase.changelog
INFO: Foreign key analyzer_test_map_analyzer_fk dropped
Apr 08, 2026 10:33:08 PM liquibase.changelog
INFO: Null constraint dropped from analyzer_test_map.analyzer_id
Apr 08, 2026 10:33:08 PM liquibase.changelog
INFO: ChangeSet liquibase/3.4.x.x/009-decouple-test-mappings.xml::011-009-03-drop-old-pk-and-fk::madagascar-analyzer-integration ran successfully in 46ms
Running Changeset: liquibase/3.4.x.x/009-decouple-test-mappings.xml::011-009-04-deduplicate-mappings::madagascar-analyzer-integration
Apr 08, 2026 10:33:08 PM liquibase.changelog
INFO: Custom SQL executed
Apr 08, 2026 10:33:08 PM liquibase.changelog
INFO: ChangeSet liquibase/3.4.x.x/009-decouple-test-mappings.xml::011-009-04-deduplicate-mappings::madagascar-analyzer-integration ran successfully in 21ms
Running Changeset: liquibase/3.4.x.x/009-decouple-test-mappings.xml::011-009-05-create-new-pk::madagascar-analyzer-integration
Apr 08, 2026 10:33:08 PM liquibase.changelog
INFO: NOT NULL constraint has been added to analyzer_test_map.analyzer_type_id
Apr 08, 2026 10:33:08 PM liquibase.changelog
INFO: Primary key added to analyzer_test_map (analyzer_type_id, analyzer_test_name)
Apr 08, 2026 10:33:08 PM liquibase.changelog
INFO: Foreign key constraint added to analyzer_test_map (analyzer_type_id)
Apr 08, 2026 10:33:08 PM liquibase.changelog
INFO: ChangeSet liquibase/3.4.x.x/009-decouple-test-mappings.xml::011-009-05-create-new-pk::madagascar-analyzer-integration ran successfully in 39ms
Running Changeset: liquibase/3.4.x.x/009-decouple-test-mappings.xml::011-009-06-delete-phantom-analyzer-rows::madagascar-analyzer-integration
Apr 08, 2026 10:33:08 PM liquibase.changelog
INFO: Custom SQL executed
Apr 08, 2026 10:33:08 PM liquibase.changelog
INFO: ChangeSet liquibase/3.4.x.x/009-decouple-test-mappings.xml::011-009-06-delete-phantom-analyzer-rows::madagascar-analyzer-integration ran successfully in 16ms
Running Changeset: liquibase/3.4.x.x/010-create-analyzer-plugin-config.xml::012-010-01-create-analyzer-plugin-config::generic-astm-plugin-profiles
Apr 08, 2026 10:33:08 PM liquibase.changelog
INFO: Table analyzer_plugin_config created
Apr 08, 2026 10:33:08 PM liquibase.changelog
INFO: Foreign key constraint added to analyzer_plugin_config (analyzer_id)
Apr 08, 2026 10:33:08 PM liquibase.changelog
INFO: ChangeSet liquibase/3.4.x.x/010-create-analyzer-plugin-config.xml::012-010-01-create-analyzer-plugin-config::generic-astm-plugin-profiles ran successfully in 221ms
Running Changeset: liquibase/3.4.x.x/011-create-analyzer-pending-code.xml::012-011-01-create-analyzer-pending-code::generic-astm-plugin-profiles
Apr 08, 2026 10:33:08 PM liquibase.changelog
INFO: Table analyzer_pending_code created
Apr 08, 2026 10:33:08 PM liquibase.changelog
INFO: Foreign key constraint added to analyzer_pending_code (analyzer_id)
Apr 08, 2026 10:33:08 PM liquibase.changelog
INFO: Index idx_analyzer_pending_code_analyzer_status created
Apr 08, 2026 10:33:08 PM liquibase.changelog
INFO: Index idx_analyzer_pending_code_unique_name created
Apr 08, 2026 10:33:08 PM liquibase.changelog
INFO: ChangeSet liquibase/3.4.x.x/011-create-analyzer-pending-code.xml::012-011-01-create-analyzer-pending-code::generic-astm-plugin-profiles ran successfully in 229ms
Running Changeset: liquibase/3.4.x.x/012-add-organization-type-hierarchy-level.xml::add-hierarchy-level-column::reagan-meant
Apr 08, 2026 10:33:08 PM liquibase.changelog
INFO: Columns hierarchy_level(INTEGER) added to organization_type
Apr 08, 2026 10:33:08 PM liquibase.changelog
INFO: ChangeSet liquibase/3.4.x.x/012-add-organization-type-hierarchy-level.xml::add-hierarchy-level-column::reagan-meant ran successfully in 19ms
Running Changeset: liquibase/3.4.14.x/001-add-file-format-to-file-import-config.xml::014-001-add-file-format-to-file-import-config::openelis
Apr 08, 2026 10:33:08 PM liquibase.changelog
INFO: Columns file_format(VARCHAR(20)) added to file_import_configuration
Apr 08, 2026 10:33:08 PM liquibase.changelog
INFO: ChangeSet liquibase/3.4.14.x/001-add-file-format-to-file-import-config.xml::014-001-add-file-format-to-file-import-config::openelis ran successfully in 24ms
Running Changeset: liquibase/3.4.14.x/002-create-analyzer-file-upload.xml::014-002-create-analyzer-file-upload::openelis
Apr 08, 2026 10:33:08 PM liquibase.changelog
INFO: Table analyzer_file_upload created
Apr 08, 2026 10:33:09 PM liquibase.changelog
INFO: Index idx_analyzer_file_upload_analyzer_id created
Apr 08, 2026 10:33:09 PM liquibase.changelog
INFO: Index idx_analyzer_file_upload_created_at created
Apr 08, 2026 10:33:09 PM liquibase.changelog
INFO: ChangeSet liquibase/3.4.14.x/002-create-analyzer-file-upload.xml::014-002-create-analyzer-file-upload::openelis ran successfully in 145ms
Running Changeset: liquibase/3.4.14.x/003-create-analyzer-run.xml::014-003-create-analyzer-run::openelis
Apr 08, 2026 10:33:09 PM liquibase.changelog
INFO: Table analyzer_run created
Apr 08, 2026 10:33:09 PM liquibase.changelog
INFO: Index idx_analyzer_run_upload_id created
Apr 08, 2026 10:33:09 PM liquibase.changelog
INFO: ChangeSet liquibase/3.4.14.x/003-create-analyzer-run.xml::014-003-create-analyzer-run::openelis ran successfully in 157ms
Running Changeset: liquibase/3.4.14.x/004-fix-analyzer-fk-types-and-cascade.xml::014-004-01-fix-file-upload-fk-type::openelis
Apr 08, 2026 10:33:09 PM liquibase.changelog
INFO: Foreign key fk_analyzer_file_upload_analyzer dropped
Apr 08, 2026 10:33:09 PM liquibase.changelog
INFO: Null constraint dropped from analyzer_file_upload.analyzer_id
Apr 08, 2026 10:33:09 PM liquibase.changelog
INFO: analyzer_file_upload.analyzer_id datatype was changed to NUMERIC(10,0)
Apr 08, 2026 10:33:09 PM liquibase.changelog
INFO: Foreign key constraint added to analyzer_file_upload (analyzer_id)
Apr 08, 2026 10:33:09 PM liquibase.changelog
INFO: ChangeSet liquibase/3.4.14.x/004-fix-analyzer-fk-types-and-cascade.xml::014-004-01-fix-file-upload-fk-type::openelis ran successfully in 41ms
Running Changeset: liquibase/3.4.14.x/004-fix-analyzer-fk-types-and-cascade.xml::014-004-02-fix-notebook-fk-type::openelis
Apr 08, 2026 10:33:09 PM liquibase.changelog
INFO: Foreign key fk_analysers_analyser dropped
Apr 08, 2026 10:33:09 PM liquibase.changelog
INFO: notebook_analysers.analyser_id datatype was changed to NUMERIC(10,0)
Apr 08, 2026 10:33:09 PM liquibase.changelog
INFO: Foreign key constraint added to notebook_analysers (analyser_id)
Apr 08, 2026 10:33:09 PM liquibase.changelog
INFO: ChangeSet liquibase/3.4.14.x/004-fix-analyzer-fk-types-and-cascade.xml::014-004-02-fix-notebook-fk-type::openelis ran successfully in 24ms
Running Changeset: liquibase/3.4.14.x/004-fix-analyzer-fk-types-and-cascade.xml::014-004-03-add-cascade-to-config-fks::openelis
Apr 08, 2026 10:33:09 PM liquibase.changelog
INFO: Custom SQL executed
Apr 08, 2026 10:33:09 PM liquibase.changelog
INFO: ChangeSet liquibase/3.4.14.x/004-fix-analyzer-fk-types-and-cascade.xml::014-004-03-add-cascade-to-config-fks::openelis ran successfully in 79ms
Running Changeset: liquibase/3.4.14.x/004-fix-analyzer-fk-types-and-cascade.xml::014-004-04-cascade-analyzer-field-children::openelis
Apr 08, 2026 10:33:09 PM liquibase.changelog
INFO: Custom SQL executed
Apr 08, 2026 10:33:09 PM liquibase.changelog
INFO: ChangeSet liquibase/3.4.14.x/004-fix-analyzer-fk-types-and-cascade.xml::014-004-04-cascade-analyzer-field-children::openelis ran successfully in 34ms
Running Changeset: liquibase/3.4.14.x/004-fix-analyzer-fk-types-and-cascade.xml::014-004-05-set-null-analyzer-error::openelis
Apr 08, 2026 10:33:09 PM liquibase.changelog
INFO: Foreign key fk_analyzer_error_analyzer dropped
Apr 08, 2026 10:33:09 PM liquibase.changelog
INFO: Null constraint dropped from analyzer_error.analyzer_id
Apr 08, 2026 10:33:09 PM liquibase.changelog
INFO: Foreign key constraint added to analyzer_error (analyzer_id)
Apr 08, 2026 10:33:09 PM liquibase.changelog
INFO: ChangeSet liquibase/3.4.14.x/004-fix-analyzer-fk-types-and-cascade.xml::014-004-05-set-null-analyzer-error::openelis ran successfully in 20ms
Running Changeset: liquibase/3.4.14.x/004-fix-analyzer-fk-types-and-cascade.xml::014-004-06-restrict-analyzer-results::openelis
Apr 08, 2026 10:33:09 PM liquibase.changelog
INFO: Custom SQL executed
Apr 08, 2026 10:33:09 PM liquibase.changelog
INFO: ChangeSet liquibase/3.4.14.x/004-fix-analyzer-fk-types-and-cascade.xml::014-004-06-restrict-analyzer-results::openelis ran successfully in 15ms
Running Changeset: liquibase/3.4.14.x/005-analyzer-communication-mode.xml::013-analyzer-communication-mode::pmanko
Apr 08, 2026 10:33:09 PM liquibase.changelog
INFO: Columns communication_mode(VARCHAR(25)) added to analyzer
Apr 08, 2026 10:33:09 PM liquibase.changelog
INFO: ChangeSet liquibase/3.4.14.x/005-analyzer-communication-mode.xml::013-analyzer-communication-mode::pmanko ran successfully in 11ms
Running Changeset: liquibase/3.4.14.x/006-per-analyzer-test-mappings.xml::013-006-01-resolve-analyzer-id::ogc-492
Apr 08, 2026 10:33:09 PM liquibase.changelog
INFO: Custom SQL executed
Apr 08, 2026 10:33:09 PM liquibase.changelog
INFO: ChangeSet liquibase/3.4.14.x/006-per-analyzer-test-mappings.xml::013-006-01-resolve-analyzer-id::ogc-492 ran successfully in 18ms
Running Changeset: liquibase/3.4.14.x/006-per-analyzer-test-mappings.xml::013-006-02-deduplicate-on-analyzer-id::ogc-492
Apr 08, 2026 10:33:09 PM liquibase.changelog
INFO: Custom SQL executed
Apr 08, 2026 10:33:09 PM liquibase.changelog
INFO: ChangeSet liquibase/3.4.14.x/006-per-analyzer-test-mappings.xml::013-006-02-deduplicate-on-analyzer-id::ogc-492 ran successfully in 14ms
Running Changeset: liquibase/3.4.14.x/006-per-analyzer-test-mappings.xml::013-006-03-drop-type-pk::ogc-492
Apr 08, 2026 10:33:09 PM liquibase.changelog
INFO: Primary key dropped from analyzer_test_map
Apr 08, 2026 10:33:09 PM liquibase.changelog
INFO: Custom SQL executed
Apr 08, 2026 10:33:09 PM liquibase.changelog
INFO: ChangeSet liquibase/3.4.14.x/006-per-analyzer-test-mappings.xml::013-006-03-drop-type-pk::ogc-492 ran successfully in 49ms
Running Changeset: liquibase/3.4.14.x/006-per-analyzer-test-mappings.xml::013-006-04-create-analyzer-pk::ogc-492
Apr 08, 2026 10:33:09 PM liquibase.changelog
INFO: NOT NULL constraint has been added to analyzer_test_map.analyzer_id
Apr 08, 2026 10:33:09 PM liquibase.changelog
INFO: Primary key added to analyzer_test_map (analyzer_id, analyzer_test_name)
Apr 08, 2026 10:33:09 PM liquibase.changelog
INFO: Foreign key constraint added to analyzer_test_map (analyzer_id)
Apr 08, 2026 10:33:09 PM liquibase.changelog
INFO: ChangeSet liquibase/3.4.14.x/006-per-analyzer-test-mappings.xml::013-006-04-create-analyzer-pk::ogc-492 ran successfully in 44ms
Running Changeset: liquibase/3.4.14.x/006-per-analyzer-test-mappings.xml::013-006-05-drop-type-column::ogc-492
Apr 08, 2026 10:33:09 PM liquibase.changelog
INFO: Column analyzer_test_map.analyzer_type_id dropped
Apr 08, 2026 10:33:09 PM liquibase.changelog
INFO: ChangeSet liquibase/3.4.14.x/006-per-analyzer-test-mappings.xml::013-006-05-drop-type-column::ogc-492 ran successfully in 17ms
Running Changeset: liquibase/3.4.14.x/007-unify-analyzer-transport-config.xml::013-007-01-add-file-columns-to-analyzer::ogc-492
Apr 08, 2026 10:33:09 PM liquibase.changelog
INFO: Columns import_directory(VARCHAR(500)),file_pattern(VARCHAR(100)),column_mappings_json(TEXT),file_format(VARCHAR(30)) added to analyzer
Apr 08, 2026 10:33:09 PM liquibase.changelog
INFO: ChangeSet liquibase/3.4.14.x/007-unify-analyzer-transport-config.xml::013-007-01-add-file-columns-to-analyzer::ogc-492 ran successfully in 23ms
Running Changeset: liquibase/3.4.14.x/007-unify-analyzer-transport-config.xml::013-007-02-migrate-file-config-to-analyzer::ogc-492
Apr 08, 2026 10:33:09 PM liquibase.changelog
INFO: Custom SQL executed
Apr 08, 2026 10:33:09 PM liquibase.changelog
INFO: ChangeSet liquibase/3.4.14.x/007-unify-analyzer-transport-config.xml::013-007-02-migrate-file-config-to-analyzer::ogc-492 ran successfully in 29ms
Running Changeset: liquibase/3.4.14.x/008-analyzer-test-map-cascade-delete.xml::008-1-analyzer-test-map-cascade-delete::pmanko
Apr 08, 2026 10:33:12 PM liquibase.changelog
INFO: Foreign key analyzer_test_map_analyzer_fk dropped
Apr 08, 2026 10:33:12 PM liquibase.changelog
INFO: Foreign key constraint added to analyzer_test_map (analyzer_id)
Apr 08, 2026 10:33:12 PM liquibase.changelog
INFO: ChangeSet liquibase/3.4.14.x/008-analyzer-test-map-cascade-delete.xml::008-1-analyzer-test-map-cascade-delete::pmanko ran successfully in 2260ms
Running Changeset: liquibase/3.4.14.x/009-analyzer-discovered-source-id.xml::013-009-01::OGC-526
Apr 08, 2026 10:33:12 PM liquibase.changelog
INFO: Columns discovered_source_id(VARCHAR(500)) added to analyzer
Apr 08, 2026 10:33:12 PM liquibase.changelog
INFO: ChangeSet liquibase/3.4.14.x/009-analyzer-discovered-source-id.xml::013-009-01::OGC-526 ran successfully in 6ms
Running Changeset: liquibase/3.4.14.x/009-analyzer-discovered-source-id.xml::013-009-02::OGC-526
Apr 08, 2026 10:33:12 PM liquibase.changelog
INFO: Custom SQL executed
Apr 08, 2026 10:33:12 PM liquibase.changelog
INFO: ChangeSet liquibase/3.4.14.x/009-analyzer-discovered-source-id.xml::013-009-02::OGC-526 ran successfully in 9ms
Running Changeset: liquibase/3.4.14.x/009-analyzer-discovered-source-id.xml::013-009-03::OGC-526
Apr 08, 2026 10:33:12 PM liquibase.changelog
INFO: Index idx_analyzer_discovered_source_id created
Apr 08, 2026 10:33:12 PM liquibase.changelog
INFO: ChangeSet liquibase/3.4.14.x/009-analyzer-discovered-source-id.xml::013-009-03::OGC-526 ran successfully in 6ms
Running Changeset: liquibase/3.4.14.x/010-add-skip-rows-to-file-import-config.xml::010-add-skip-rows-to-file-import-config::pmanko
Apr 08, 2026 10:33:12 PM liquibase.changelog
INFO: Columns skip_rows(INTEGER) added to file_import_configuration
Apr 08, 2026 10:33:12 PM liquibase.changelog
INFO: Data updated in file_import_configuration
Apr 08, 2026 10:33:12 PM liquibase.changelog
INFO: NOT NULL constraint has been added to file_import_configuration.skip_rows
Apr 08, 2026 10:33:12 PM liquibase.changelog
INFO: ChangeSet liquibase/3.4.14.x/010-add-skip-rows-to-file-import-config.xml::010-add-skip-rows-to-file-import-config::pmanko ran successfully in 20ms
Running Changeset: liquibase/3.4.14.x/011-complete-file-config-unification.xml::011-complete-file-config-unification::pmanko
Apr 08, 2026 10:33:12 PM liquibase.changelog
INFO: Columns delimiter(VARCHAR(10)),has_header(BOOLEAN),skip_rows(INTEGER),archive_directory(VARCHAR(500)),error_directory(VARCHAR(500)) added to analyzer
Apr 08, 2026 10:33:12 PM liquibase.changelog
INFO: ChangeSet liquibase/3.4.14.x/011-complete-file-config-unification.xml::011-complete-file-config-unification::pmanko ran successfully in 17ms
Running Changeset: liquibase/3.4.14.x/011-complete-file-config-unification.xml::011-migrate-fic-data-to-analyzer::pmanko
Apr 08, 2026 10:33:12 PM liquibase.changelog
INFO: Custom SQL executed
Apr 08, 2026 10:33:12 PM liquibase.changelog
INFO: ChangeSet liquibase/3.4.14.x/011-complete-file-config-unification.xml::011-migrate-fic-data-to-analyzer::pmanko ran successfully in 10ms
Running Changeset: liquibase/3.5.x.x/001-generic-localization-system.xml::3.5.0-001-create-supported-locale-seq::reagan-meant
Apr 08, 2026 10:33:12 PM liquibase.changelog
INFO: Sequence supported_locale_seq created
Apr 08, 2026 10:33:12 PM liquibase.changelog
INFO: ChangeSet liquibase/3.5.x.x/001-generic-localization-system.xml::3.5.0-001-create-supported-locale-seq::reagan-meant ran successfully in 74ms
Running Changeset: liquibase/3.5.x.x/001-generic-localization-system.xml::3.5.0-002-create-localization-value-seq::reagan-meant
Apr 08, 2026 10:33:12 PM liquibase.changelog
INFO: Sequence localization_value_seq created
Apr 08, 2026 10:33:12 PM liquibase.changelog
INFO: ChangeSet liquibase/3.5.x.x/001-generic-localization-system.xml::3.5.0-002-create-localization-value-seq::reagan-meant ran successfully in 68ms
Running Changeset: liquibase/3.5.x.x/001-generic-localization-system.xml::3.5.0-003-create-supported-locale-table::reagan-meant
Apr 08, 2026 10:33:12 PM liquibase.changelog
INFO: Table supported_locale created
Apr 08, 2026 10:33:12 PM liquibase.changelog
INFO: ChangeSet liquibase/3.5.x.x/001-generic-localization-system.xml::3.5.0-003-create-supported-locale-table::reagan-meant ran successfully in 214ms
Running Changeset: liquibase/3.5.x.x/001-generic-localization-system.xml::3.5.0-004-create-localization-value-table::reagan-meant
Apr 08, 2026 10:33:12 PM liquibase.changelog
INFO: Table localization_value created
Apr 08, 2026 10:33:12 PM liquibase.changelog
INFO: Unique constraint added to localization_value(localization_id, locale)
Apr 08, 2026 10:33:12 PM liquibase.changelog
INFO: ChangeSet liquibase/3.5.x.x/001-generic-localization-system.xml::3.5.0-004-create-localization-value-table::reagan-meant ran successfully in 141ms
Running Changeset: liquibase/3.5.x.x/001-generic-localization-system.xml::3.5.0-005-create-localization-value-indexes::reagan-meant
Apr 08, 2026 10:33:12 PM liquibase.changelog
INFO: Index idx_localization_value_locale created
Apr 08, 2026 10:33:12 PM liquibase.changelog
INFO: Index idx_localization_value_localization_id created
Apr 08, 2026 10:33:12 PM liquibase.changelog
INFO: ChangeSet liquibase/3.5.x.x/001-generic-localization-system.xml::3.5.0-005-create-localization-value-indexes::reagan-meant ran successfully in 24ms
Running Changeset: liquibase/3.5.x.x/001-generic-localization-system.xml::3.5.0-006-seed-supported-locales::reagan-meant
Apr 08, 2026 10:33:12 PM liquibase.changelog
INFO: New row inserted into supported_locale
Apr 08, 2026 10:33:12 PM liquibase.changelog
INFO: New row inserted into supported_locale
Apr 08, 2026 10:33:12 PM liquibase.changelog
INFO: ChangeSet liquibase/3.5.x.x/001-generic-localization-system.xml::3.5.0-006-seed-supported-locales::reagan-meant ran successfully in 25ms
Running Changeset: liquibase/3.5.x.x/001-generic-localization-system.xml::3.5.0-007-migrate-english-translations::reagan-meant
Apr 08, 2026 10:33:13 PM liquibase.changelog
INFO: Custom SQL executed
Apr 08, 2026 10:33:13 PM liquibase.changelog
INFO: ChangeSet liquibase/3.5.x.x/001-generic-localization-system.xml::3.5.0-007-migrate-english-translations::reagan-meant ran successfully in 72ms
Running Changeset: liquibase/3.5.x.x/001-generic-localization-system.xml::3.5.0-008-migrate-french-translations::reagan-meant
Apr 08, 2026 10:33:13 PM liquibase.changelog
INFO: Custom SQL executed
Apr 08, 2026 10:33:13 PM liquibase.changelog
INFO: ChangeSet liquibase/3.5.x.x/001-generic-localization-system.xml::3.5.0-008-migrate-french-translations::reagan-meant ran successfully in 79ms
Running Changeset: liquibase/3.5.x.x/001-generic-localization-system.xml::3.5.0-009-add-dictionary-localization::reagan-meant
Apr 08, 2026 10:33:13 PM liquibase.changelog
INFO: Custom SQL executed
Apr 08, 2026 10:33:13 PM liquibase.changelog
INFO: ChangeSet liquibase/3.5.x.x/001-generic-localization-system.xml::3.5.0-009-add-dictionary-localization::reagan-meant ran successfully in 345ms
Running Changeset: liquibase/3.5.x.x/001-generic-localization-system.xml::3.5.0-010-verify-data-migrated::reagan-meant
Apr 08, 2026 10:33:13 PM liquibase.changelog
INFO: Custom SQL executed
Apr 08, 2026 10:33:13 PM liquibase.changelog
INFO: ChangeSet liquibase/3.5.x.x/001-generic-localization-system.xml::3.5.0-010-verify-data-migrated::reagan-meant ran successfully in 20ms
Running Changeset: liquibase/3.5.x.x/001-generic-localization-system.xml::3.5.0-011-drop-english-column::reagan-meant
Apr 08, 2026 10:33:13 PM liquibase.changelog
INFO: Column localization.english dropped
Apr 08, 2026 10:33:13 PM liquibase.changelog
INFO: ChangeSet liquibase/3.5.x.x/001-generic-localization-system.xml::3.5.0-011-drop-english-column::reagan-meant ran successfully in 12ms
Running Changeset: liquibase/3.5.x.x/001-generic-localization-system.xml::3.5.0-012-drop-french-column::reagan-meant
Apr 08, 2026 10:33:13 PM liquibase.changelog
INFO: Column localization.french dropped
Apr 08, 2026 10:33:13 PM liquibase.changelog
INFO: ChangeSet liquibase/3.5.x.x/001-generic-localization-system.xml::3.5.0-012-drop-french-column::reagan-meant ran successfully in 13ms
Running Changeset: liquibase/3.5.x.x/002-eqa-enabled-config.xml::EQA-001-2026-03-17-1::mosesmutesasira
Apr 08, 2026 10:33:13 PM liquibase.changelog
INFO: New row inserted into site_information
Apr 08, 2026 10:33:13 PM liquibase.changelog
INFO: ChangeSet liquibase/3.5.x.x/002-eqa-enabled-config.xml::EQA-001-2026-03-17-1::mosesmutesasira ran successfully in 14ms
Running Changeset: liquibase/3.5.x.x/002-nce-enhancement.xml::nce-001-enhance-nc-event::reagan-meant
Apr 08, 2026 10:33:13 PM liquibase.changelog
INFO: Columns title(VARCHAR(200)),immediate_action(TEXT),severity(VARCHAR(20)),last_updated(TIMESTAMP) added to nc_event
Apr 08, 2026 10:33:13 PM liquibase.changelog
INFO: ChangeSet liquibase/3.5.x.x/002-nce-enhancement.xml::nce-001-enhance-nc-event::reagan-meant ran successfully in 23ms
Running Changeset: liquibase/3.5.x.x/002-nce-enhancement.xml::nce-002-nc-event-indexes::reagan-meant
Apr 08, 2026 10:33:15 PM liquibase.changelog
INFO: Index idx_nc_event_status created
Apr 08, 2026 10:33:15 PM liquibase.changelog
INFO: Index idx_nc_event_severity created
Apr 08, 2026 10:33:15 PM liquibase.changelog
INFO: ChangeSet liquibase/3.5.x.x/002-nce-enhancement.xml::nce-002-nc-event-indexes::reagan-meant ran successfully in 1422ms
Running Changeset: liquibase/3.5.x.x/002-nce-enhancement.xml::nce-003-enhance-nce-action-log::reagan-meant
Apr 08, 2026 10:33:15 PM liquibase.changelog
INFO: Columns effective(BOOLEAN),review_comments(TEXT),reviewed_by(INTEGER),review_date(DATE) added to nce_action_log
Apr 08, 2026 10:33:15 PM liquibase.changelog
INFO: ChangeSet liquibase/3.5.x.x/002-nce-enhancement.xml::nce-003-enhance-nce-action-log::reagan-meant ran successfully in 18ms
Running Changeset: liquibase/3.5.x.x/002-nce-enhancement.xml::nce-004-create-nce-attachment::reagan-meant
Apr 08, 2026 10:33:15 PM liquibase.changelog
INFO: Table nce_attachment created
Apr 08, 2026 10:33:15 PM liquibase.changelog
INFO: Foreign key constraint added to nce_attachment (nce_id)
Apr 08, 2026 10:33:15 PM liquibase.changelog
INFO: Index idx_nce_attachment_nce_id created
Apr 08, 2026 10:33:15 PM liquibase.changelog
INFO: Sequence nce_attachment_seq created
Apr 08, 2026 10:33:15 PM liquibase.changelog
INFO: ChangeSet liquibase/3.5.x.x/002-nce-enhancement.xml::nce-004-create-nce-attachment::reagan-meant ran successfully in 116ms
Running Changeset: liquibase/3.5.x.x/002-nce-enhancement.xml::nce-010-reference-tables::reagan-meant
Apr 08, 2026 10:33:15 PM liquibase.changelog
INFO: Custom SQL executed
Apr 08, 2026 10:33:15 PM liquibase.changelog
INFO: ChangeSet liquibase/3.5.x.x/002-nce-enhancement.xml::nce-010-reference-tables::reagan-meant ran successfully in 9ms
Running Changeset: liquibase/3.5.x.x/002-nce-enhancement.xml::nce-011-add-nce-specimen-last-updated::reagan-meant
Apr 08, 2026 10:33:15 PM liquibase.changelog
INFO: Columns last_updated(TIMESTAMP) added to nce_specimen
Apr 08, 2026 10:33:15 PM liquibase.changelog
INFO: ChangeSet liquibase/3.5.x.x/002-nce-enhancement.xml::nce-011-add-nce-specimen-last-updated::reagan-meant ran successfully in 13ms
Running Changeset: liquibase/3.5.x.x/002-nce-enhancement.xml::nce-013-add-nce-action-log-last-updated::reagan-meant
Apr 08, 2026 10:33:15 PM liquibase.changelog
INFO: Columns last_updated(TIMESTAMP) added to nce_action_log
Apr 08, 2026 10:33:15 PM liquibase.changelog
INFO: ChangeSet liquibase/3.5.x.x/002-nce-enhancement.xml::nce-013-add-nce-action-log-last-updated::reagan-meant ran successfully in 12ms
Running Changeset: liquibase/3.5.x.x/002-nce-enhancement.xml::nce-014-add-nce-category-localization::reagan-meant
Apr 08, 2026 10:33:15 PM liquibase.changelog
INFO: Columns name_localization_id(INTEGER) added to nce_category
Apr 08, 2026 10:33:15 PM liquibase.changelog
INFO: Foreign key constraint added to nce_category (name_localization_id)
Apr 08, 2026 10:33:15 PM liquibase.changelog
INFO: ChangeSet liquibase/3.5.x.x/002-nce-enhancement.xml::nce-014-add-nce-category-localization::reagan-meant ran successfully in 22ms
Running Changeset: liquibase/3.5.x.x/002-nce-enhancement.xml::nce-015-add-nce-type-localization::reagan-meant
Apr 08, 2026 10:33:15 PM liquibase.changelog
INFO: Columns name_localization_id(INTEGER) added to nce_type
Apr 08, 2026 10:33:15 PM liquibase.changelog
INFO: Foreign key constraint added to nce_type (name_localization_id)
Apr 08, 2026 10:33:15 PM liquibase.changelog
INFO: ChangeSet liquibase/3.5.x.x/002-nce-enhancement.xml::nce-015-add-nce-type-localization::reagan-meant ran successfully in 21ms
Running Changeset: liquibase/3.5.x.x/002-nce-enhancement.xml::nce-012-add-dashboard-menu::reagan-meant
Apr 08, 2026 10:33:15 PM liquibase.changelog
INFO: Custom SQL executed
Apr 08, 2026 10:33:15 PM liquibase.changelog
INFO: ChangeSet liquibase/3.5.x.x/002-nce-enhancement.xml::nce-012-add-dashboard-menu::reagan-meant ran successfully in 12ms
Running Changeset: liquibase/3.5.x.x/002-nce-enhancement.xml::nce-016-backfill-category-localization::reagan-meant
Apr 08, 2026 10:33:15 PM liquibase.changelog
INFO: Custom SQL executed
Apr 08, 2026 10:33:15 PM liquibase.changelog
INFO: ChangeSet liquibase/3.5.x.x/002-nce-enhancement.xml::nce-016-backfill-category-localization::reagan-meant ran successfully in 26ms
Running Changeset: liquibase/3.5.x.x/002-nce-enhancement.xml::nce-017-backfill-type-localization::reagan-meant
Apr 08, 2026 10:33:15 PM liquibase.changelog
INFO: Custom SQL executed
Apr 08, 2026 10:33:15 PM liquibase.changelog
INFO: ChangeSet liquibase/3.5.x.x/002-nce-enhancement.xml::nce-017-backfill-type-localization::reagan-meant ran successfully in 32ms
Running Changeset: liquibase/3.5.x.x/002-nce-enhancement.xml::nce-018-unique-nce-number::reagan-meant
Apr 08, 2026 10:33:16 PM liquibase.changelog
INFO: Unique constraint added to nc_event(nce_number)
Apr 08, 2026 10:33:16 PM liquibase.changelog
INFO: ChangeSet liquibase/3.5.x.x/002-nce-enhancement.xml::nce-018-unique-nce-number::reagan-meant ran successfully in 1164ms
Running Changeset: liquibase/3.5.x.x/002a-resync-menu-seq.xml::resync-menu-seq-after-nce-012::pmanko
Apr 08, 2026 10:33:16 PM liquibase.changelog
INFO: Custom SQL executed
Apr 08, 2026 10:33:16 PM liquibase.changelog
INFO: ChangeSet liquibase/3.5.x.x/002a-resync-menu-seq.xml::resync-menu-seq-after-nce-012::pmanko ran successfully in 4ms
Running Changeset: liquibase/3.5.x.x/003-calendar-management.xml::tat-003-01::tat-module
Apr 08, 2026 10:33:16 PM liquibase.changelog
INFO: Sequence public_holiday_seq created
Apr 08, 2026 10:33:16 PM liquibase.changelog
INFO: Table public_holiday created
Apr 08, 2026 10:33:16 PM liquibase.changelog
INFO: ChangeSet liquibase/3.5.x.x/003-calendar-management.xml::tat-003-01::tat-module ran successfully in 90ms
Running Changeset: liquibase/3.5.x.x/003-calendar-management.xml::tat-003-02::tat-module
Apr 08, 2026 10:33:17 PM liquibase.changelog
INFO: Sequence weekend_config_seq created
Apr 08, 2026 10:33:17 PM liquibase.changelog
INFO: Table weekend_config created
Apr 08, 2026 10:33:17 PM liquibase.changelog
INFO: New row inserted into weekend_config
Apr 08, 2026 10:33:17 PM liquibase.changelog
INFO: New row inserted into weekend_config
Apr 08, 2026 10:33:17 PM liquibase.changelog
INFO: New row inserted into weekend_config
Apr 08, 2026 10:33:17 PM liquibase.changelog
INFO: New row inserted into weekend_config
Apr 08, 2026 10:33:17 PM liquibase.changelog
INFO: New row inserted into weekend_config
Apr 08, 2026 10:33:17 PM liquibase.changelog
INFO: New row inserted into weekend_config
Apr 08, 2026 10:33:17 PM liquibase.changelog
INFO: New row inserted into weekend_config
Apr 08, 2026 10:33:17 PM liquibase.changelog
INFO: ChangeSet liquibase/3.5.x.x/003-calendar-management.xml::tat-003-02::tat-module ran successfully in 151ms
Running Changeset: liquibase/3.5.x.x/003-calendar-management.xml::tat-003-03::tat-module
Apr 08, 2026 10:33:17 PM liquibase.changelog
INFO: New row inserted into system_module
Apr 08, 2026 10:33:17 PM liquibase.changelog
INFO: ChangeSet liquibase/3.5.x.x/003-calendar-management.xml::tat-003-03::tat-module ran successfully in 7ms
Running Changeset: liquibase/3.5.x.x/003-calendar-management.xml::tat-003-04::tat-module
Apr 08, 2026 10:33:17 PM liquibase.changelog
INFO: New row inserted into system_module
Apr 08, 2026 10:33:17 PM liquibase.changelog
INFO: ChangeSet liquibase/3.5.x.x/003-calendar-management.xml::tat-003-04::tat-module ran successfully in 6ms
Running Changeset: liquibase/3.5.x.x/003-audit-trail-menu.xml::add-audit-trail-menu-entry::systemLevelAudit
Apr 08, 2026 10:33:17 PM liquibase.changelog
INFO: Custom SQL executed
Apr 08, 2026 10:33:17 PM liquibase.changelog
INFO: ChangeSet liquibase/3.5.x.x/003-audit-trail-menu.xml::add-audit-trail-menu-entry::systemLevelAudit ran successfully in 7ms
Running Changeset: liquibase/3.5.x.x/003-audit-trail-menu.xml::deactivate-old-audit-trail-menu-entries::systemLevelAudit
Apr 08, 2026 10:33:17 PM liquibase.changelog
INFO: Custom SQL executed
Apr 08, 2026 10:33:17 PM liquibase.changelog
INFO: ChangeSet liquibase/3.5.x.x/003-audit-trail-menu.xml::deactivate-old-audit-trail-menu-entries::systemLevelAudit ran successfully in 9ms
Running Changeset: liquibase/3.5.x.x/003-audit-trail-menu.xml::add-audit-trail-sidenav-children::systemLevelAudit
Apr 08, 2026 10:33:17 PM liquibase.changelog
INFO: Custom SQL executed
Apr 08, 2026 10:33:17 PM liquibase.changelog
INFO: ChangeSet liquibase/3.5.x.x/003-audit-trail-menu.xml::add-audit-trail-sidenav-children::systemLevelAudit ran successfully in 13ms
Running Changeset: liquibase/3.5.x.x/003-audit-trail-menu.xml::add-history-indexes-for-system-audit::systemLevelAudit
Apr 08, 2026 10:33:17 PM liquibase.changelog
INFO: Custom SQL executed
Apr 08, 2026 10:33:17 PM liquibase.changelog
INFO: ChangeSet liquibase/3.5.x.x/003-audit-trail-menu.xml::add-history-indexes-for-system-audit::systemLevelAudit ran successfully in 10ms
Running Changeset: liquibase/3.5.x.x/004-analysis-analyzer-id.xml::3.5.0-003-add-analysis-analyzer-id-column::pmanko
Apr 08, 2026 10:33:17 PM liquibase.changelog
INFO: Columns analyzer_id(numeric(10)) added to analysis
Apr 08, 2026 10:33:17 PM liquibase.changelog
INFO: ChangeSet liquibase/3.5.x.x/004-analysis-analyzer-id.xml::3.5.0-003-add-analysis-analyzer-id-column::pmanko ran successfully in 12ms
Running Changeset: liquibase/3.5.x.x/004-analysis-analyzer-id.xml::3.5.0-003-add-analysis-analyzer-id-fk::pmanko
Apr 08, 2026 10:33:28 PM liquibase.changelog
INFO: Foreign key constraint added to analysis (analyzer_id)
Apr 08, 2026 10:33:28 PM liquibase.changelog
INFO: ChangeSet liquibase/3.5.x.x/004-analysis-analyzer-id.xml::3.5.0-003-add-analysis-analyzer-id-fk::pmanko ran successfully in 10965ms
Running Changeset: liquibase/3.5.x.x/004-analysis-analyzer-id.xml::3.5.0-003-add-analyzer-fhir-uuid::pmanko
Apr 08, 2026 10:33:28 PM liquibase.changelog
INFO: Columns fhir_uuid(uuid) added to analyzer
Apr 08, 2026 10:33:28 PM liquibase.changelog
INFO: ChangeSet liquibase/3.5.x.x/004-analysis-analyzer-id.xml::3.5.0-003-add-analyzer-fhir-uuid::pmanko ran successfully in 8ms
Running Changeset: liquibase/3.5.x.x/004-analysis-analyzer-id.xml::3.5.0-003-backfill-analyzer-fhir-uuid::pmanko
Apr 08, 2026 10:33:28 PM liquibase.changelog
INFO: Marking ChangeSet: liquibase/3.5.x.x/004-analysis-analyzer-id.xml::3.5.0-003-backfill-analyzer-fhir-uuid::pmanko ran despite precondition failure due to onFail='MARK_RAN': 
          liquibase/base-changelog.xml : Not precondition failed

Apr 08, 2026 10:33:28 PM liquibase.lockservice
INFO: Successfully released change log lock
[[1;31mERROR[m] [1;31mTests [0;1mrun: [0;1m1[m, [1;31mFailures: [0;1;31m1[m, Errors: 0, Skipped: 0, Time elapsed: 225.9 s[1;31m <<< FAILURE![m -- in org.openelisglobal.result.controller.[1mAnalyzerResultsControllerTest[m
[[1;31mERROR[m] org.openelisglobal.result.controller.AnalyzerResultsControllerTest.showRestAnalyzerResults_ShouldReturnResultList_WhenQueriedByAnalyzerId -- Time elapsed: 1.567 s <<< FAILURE!
java.lang.AssertionError: No value at JSON path "$.resultList"
	at org.springframework.test.util.JsonPathExpectationsHelper.evaluateJsonPath(JsonPathExpectationsHelper.java:351)
	at org.springframework.test.util.JsonPathExpectationsHelper.assertExistsAndReturn(JsonPathExpectationsHelper.java:388)
	at org.springframework.test.util.JsonPathExpectationsHelper.assertValueIsArray(JsonPathExpectationsHelper.java:214)
	at org.springframework.test.web.servlet.result.JsonPathResultMatchers.lambda$isArray$12(JsonPathResultMatchers.java:227)
	at org.springframework.test.web.servlet.MockMvc$1.andExpect(MockMvc.java:214)
	at org.openelisglobal.result.controller.AnalyzerResultsControllerTest.showRestAnalyzerResults_ShouldReturnResultList_WhenQueriedByAnalyzerId(AnalyzerResultsControllerTest.java:22)
	at java.base/jdk.internal.reflect.DirectMethodHandleAccessor.invoke(DirectMethodHandleAccessor.java:103)
	at java.base/java.lang.reflect.Method.invoke(Method.java:580)
	at org.junit.runners.model.FrameworkMethod$1.runReflectiveCall(FrameworkMethod.java:59)
	at org.junit.internal.runners.model.ReflectiveCallable.run(ReflectiveCallable.java:12)
	at org.junit.runners.model.FrameworkMethod.invokeExplosively(FrameworkMethod.java:56)
	at org.junit.internal.runners.statements.InvokeMethod.evaluate(InvokeMethod.java:17)
	at org.springframework.test.context.junit4.statements.RunBeforeTestExecutionCallbacks.evaluate(RunBeforeTestExecutionCallbacks.java:76)
	at org.springframework.test.context.junit4.statements.RunAfterTestExecutionCallbacks.evaluate(RunAfterTestExecutionCallbacks.java:84)
	at org.junit.internal.runners.statements.RunBefores.evaluate(RunBefores.java:26)
	at org.springframework.test.context.junit4.statements.RunBeforeTestMethodCallbacks.evaluate(RunBeforeTestMethodCallbacks.java:75)
	at org.junit.internal.runners.statements.RunAfters.evaluate(RunAfters.java:27)
	at org.springframework.test.context.junit4.statements.RunAfterTestMethodCallbacks.evaluate(RunAfterTestMethodCallbacks.java:86)
	at org.springframework.test.context.junit4.statements.SpringRepeat.evaluate(SpringRepeat.java:84)
	at org.junit.runners.ParentRunner.runLeaf(ParentRunner.java:366)
	at org.springframework.test.context.junit4.SpringJUnit4ClassRunner.runChild(SpringJUnit4ClassRunner.java:252)
	at org.springframework.test.context.junit4.SpringJUnit4ClassRunner.runChild(SpringJUnit4ClassRunner.java:97)
	at org.junit.runners.ParentRunner$4.run(ParentRunner.java:331)
	at org.junit.runners.ParentRunner$1.schedule(ParentRunner.java:79)
	at org.junit.runners.ParentRunner.runChildren(ParentRunner.java:329)
	at org.junit.runners.ParentRunner.access$100(ParentRunner.java:66)
	at org.junit.runners.ParentRunner$2.evaluate(ParentRunner.java:293)
	at org.springframework.test.context.junit4.statements.RunBeforeTestClassCallbacks.evaluate(RunBeforeTestClassCallbacks.java:61)
	at org.springframework.test.context.junit4.statements.RunAfterTestClassCallbacks.evaluate(RunAfterTestClassCallbacks.java:70)
	at org.junit.runners.ParentRunner$3.evaluate(ParentRunner.java:306)
	at org.junit.runners.ParentRunner.run(ParentRunner.java:413)
	at org.springframework.test.context.junit4.SpringJUnit4ClassRunner.run(SpringJUnit4ClassRunner.java:191)
	at org.apache.maven.surefire.junit4.JUnit4Provider.execute(JUnit4Provider.java:316)
	at org.apache.maven.surefire.junit4.JUnit4Provider.executeWithRerun(JUnit4Provider.java:240)
	at org.apache.maven.surefire.junit4.JUnit4Provider.executeTestSet(JUnit4Provider.java:214)
	at org.apache.maven.surefire.junit4.JUnit4Provider.invoke(JUnit4Provider.java:155)
	at org.apache.maven.surefire.booter.ForkedBooter.runSuitesInProcess(ForkedBooter.java:385)
	at org.apache.maven.surefire.booter.ForkedBooter.execute(ForkedBooter.java:162)
	at org.apache.maven.surefire.booter.ForkedBooter.run(ForkedBooter.java:507)
	at org.apache.maven.surefire.booter.ForkedBooter.main(ForkedBooter.java:495)
Caused by: java.lang.IllegalArgumentException: json can not be null or empty
	at com.jayway.jsonpath.internal.Utils.notEmpty(Utils.java:401)
	at com.jayway.jsonpath.JsonPath.read(JsonPath.java:390)
	at org.springframework.test.util.JsonPathExpectationsHelper.evaluateJsonPath(JsonPathExpectationsHelper.java:348)
	... 39 more

[[1;34mINFO[m] 
[[1;34mINFO[m] Results:
[[1;34mINFO[m] 
[[1;31mERROR[m] [1;31mFailures: [m
[[1;31mERROR[m] [1;31m  AnalyzerResultsControllerTest.showRestAnalyzerResults_ShouldReturnResultList_WhenQueriedByAnalyzerId:22 No value at JSON path "$.resultList"[m
[[1;34mINFO[m] 
[[1;31mERROR[m] [1;31mTests run: 1, Failures: 1, Errors: 0, Skipped: 0[m
[[1;34mINFO[m] 
[[1;34mINFO[m] [1m------------------------------------------------------------------------[m
[[1;34mINFO[m] [1;31mBUILD FAILURE[m
[[1;34mINFO[m] [1m------------------------------------------------------------------------[m
[[1;34mINFO[m] Total time:  04:00 min
[[1;34mINFO[m] Finished at: 2026-04-08T22:34:41+03:00
[[1;34mINFO[m] [1m------------------------------------------------------------------------[m
[[1;31mERROR[m] Failed to execute goal [32morg.apache.maven.plugins:maven-surefire-plugin:3.2.5:test[m [1m(default-test)[m on project [36mopenelisglobal[m: [1;31mThere are test failures.[m
[[1;31mERROR[m] [1;31m[m
[[1;31mERROR[m] [1;31mPlease refer to /home/coder/Documents/OpenELIS-Global-2/target/surefire-reports for the individual test results.[m
[[1;31mERROR[m] [1;31mPlease refer to dump files (if any exist) [date].dump, [date]-jvmRun[N].dump and [date].dumpstream.[m
[[1;31mERROR[m] -> [1m[Help 1][m
[[1;31mERROR[m] 
[[1;31mERROR[m] To see the full stack trace of the errors, re-run Maven with the [1m-e[m switch.
[[1;31mERROR[m] Re-run Maven using the [1m-X[m switch to enable full debug logging.
[[1;31mERROR[m] 
[[1;31mERROR[m] For more information about the errors and possible solutions, please read the following articles:
[[1;31mERROR[m] [1m[Help 1][m http://cwiki.apache.org/confluence/display/MAVEN/MojoFailureException
